device mps | variante base | semilla 1 | ventanas 1020/204/342 | parámetros por red 245051
ep   0 | loss  98188014.8 | val MAE 282.08 | test MAE 310.05 |    11s
ep   1 | loss  16449393.9 | val MAE 256.52 | test MAE 281.78 |    21s
ep   2 | loss  13927357.5 | val MAE 258.34 | test MAE 282.21 |    32s
ep   3 | loss  13318038.2 | val MAE 260.66 | test MAE 283.71 |    41s
ep   4 | loss  12657935.6 | val MAE 278.14 | test MAE 297.09 |    50s
ep   5 | loss  12331777.0 | val MAE 266.20 | test MAE 285.95 |    60s
ep   6 | loss  11154067.5 | val MAE 212.21 | test MAE 242.16 |    70s
ep   7 | loss  10519276.2 | val MAE 205.26 | test MAE 235.77 |    80s
ep   8 | loss  10128352.1 | val MAE 273.01 | test MAE 286.92 |    91s
ep   9 | loss   9840507.1 | val MAE 196.79 | test MAE 226.99 |   100s
ep  10 | loss   8154179.5 | val MAE 172.58 | test MAE 202.62 |   110s
ep  11 | loss   6822561.8 | val MAE 162.66 | test MAE 193.81 |   120s
ep  12 | loss   6117382.5 | val MAE 172.60 | test MAE 202.61 |   131s
ep  13 | loss   5974653.8 | val MAE 171.67 | test MAE 201.68 |   141s
ep  14 | loss   5669081.1 | val MAE 206.83 | test MAE 229.82 |   150s
ep  15 | loss   5274263.8 | val MAE 164.35 | test MAE 196.10 |   160s
ep  16 | loss   4984874.0 | val MAE 180.33 | test MAE 209.99 |   169s
ep  17 | loss   4967879.9 | val MAE 210.13 | test MAE 233.52 |   177s
ep  18 | loss   4674790.9 | val MAE 214.60 | test MAE 236.74 |   186s
ep  19 | loss   4604734.8 | val MAE 192.79 | test MAE 219.40 |   195s
ep  20 | loss   4581642.6 | val MAE 169.42 | test MAE 201.42 |   206s
ep  21 | loss   4246693.5 | val MAE 153.11 | test MAE 176.03 |   216s
ep  22 | loss   3556183.7 | val MAE 131.83 | test MAE 141.07 |   225s
ep  23 | loss   3108038.1 | val MAE 121.47 | test MAE 125.20 |   236s
ep  24 | loss   2710777.3 | val MAE 112.27 | test MAE 124.48 |   246s
ep  25 | loss   2499512.5 | val MAE 114.32 | test MAE 119.14 |   256s
ep  26 | loss   2363871.4 | val MAE 116.88 | test MAE 131.52 |   266s
ep  27 | loss   2280785.3 | val MAE 127.51 | test MAE 130.85 |   276s
ep  28 | loss   2174969.9 | val MAE  95.85 | test MAE 104.24 |   287s
ep  29 | loss   2153170.6 | val MAE 121.97 | test MAE 141.55 |   296s
ep  30 | loss   2103799.7 | val MAE 112.45 | test MAE 117.89 |   306s
ep  31 | loss   2056585.0 | val MAE 125.72 | test MAE 129.44 |   316s
ep  32 | loss   2033523.1 | val MAE 110.77 | test MAE 109.25 |   327s
ep  33 | loss   1833927.2 | val MAE  98.27 | test MAE  99.12 |   337s
ep  34 | loss   1756915.1 | val MAE  96.76 | test MAE 100.55 |   347s
ep  35 | loss   1746732.2 | val MAE  96.25 | test MAE  96.77 |   357s
ep  36 | loss   1683835.0 | val MAE  92.54 | test MAE  96.72 |   366s
ep  37 | loss   1648912.3 | val MAE  99.72 | test MAE  99.05 |   375s
ep  38 | loss   1753535.9 | val MAE  94.26 | test MAE 106.14 |   386s
ep  39 | loss   1543453.1 | val MAE  86.04 | test MAE  88.27 |   396s
ep  40 | loss   1445037.8 | val MAE  94.20 | test MAE  99.68 |   406s
ep  41 | loss   1545812.8 | val MAE  97.97 | test MAE 109.27 |   416s
ep  42 | loss   1423404.0 | val MAE  84.87 | test MAE  91.62 |   427s
ep  43 | loss   1473481.4 | val MAE  81.24 | test MAE  85.21 |   437s
ep  44 | loss   1406713.4 | val MAE 103.64 | test MAE 110.64 |   446s
ep  45 | loss   1464838.0 | val MAE 113.03 | test MAE 118.56 |   456s
ep  46 | loss   1416267.6 | val MAE  80.13 | test MAE  87.08 |   466s
ep  47 | loss   1420664.4 | val MAE  85.46 | test MAE  89.63 |   476s
ep  48 | loss   1273640.6 | val MAE  90.46 | test MAE  96.28 |   486s
ep  49 | loss   1300993.3 | val MAE  80.03 | test MAE  82.62 |   497s
ep  50 | loss   1216589.2 | val MAE  76.64 | test MAE  80.04 |   506s
ep  51 | loss   1316969.0 | val MAE 117.04 | test MAE 114.94 |   516s
ep  52 | loss   1194801.2 | val MAE  84.10 | test MAE  88.89 |   527s
ep  53 | loss   1156516.8 | val MAE  80.99 | test MAE  83.81 |   537s
ep  54 | loss   1188732.4 | val MAE  78.78 | test MAE  80.44 |   547s
ep  55 | loss   1190395.5 | val MAE  87.89 | test MAE  95.41 |   558s
ep  56 | loss   1131372.6 | val MAE  89.86 | test MAE  95.87 |   568s
ep  57 | loss   1172053.4 | val MAE  82.06 | test MAE  87.90 |   578s
ep  58 | loss   1078585.2 | val MAE  80.12 | test MAE  86.88 |   588s
ep  59 | loss   1119310.4 | val MAE  92.64 | test MAE  95.91 |   599s
ep  60 | loss   1135674.2 | val MAE  85.33 | test MAE  92.37 |   609s
ep  61 | loss   1063576.4 | val MAE  80.52 | test MAE  85.96 |   619s
ep  62 | loss   1074293.5 | val MAE  79.92 | test MAE  85.58 |   630s
ep  63 | loss   1024629.9 | val MAE  97.23 | test MAE 106.53 |   640s
ep  64 | loss   1059119.8 | val MAE  79.13 | test MAE  84.16 |   650s
ep  65 | loss   1020500.7 | val MAE  78.74 | test MAE  80.73 |   660s
ep  66 | loss    979182.9 | val MAE  74.86 | test MAE  75.16 |   671s
ep  67 | loss    971700.4 | val MAE  83.53 | test MAE  89.30 |   681s
ep  68 | loss   1026035.2 | val MAE  78.41 | test MAE  80.54 |   691s
ep  69 | loss    992423.8 | val MAE  86.39 | test MAE  93.50 |   700s
ep  70 | loss    976826.5 | val MAE  73.58 | test MAE  80.96 |   709s
ep  71 | loss    937340.5 | val MAE  79.35 | test MAE  88.30 |   720s
ep  72 | loss    986528.7 | val MAE  80.53 | test MAE  85.15 |   730s
ep  73 | loss    925439.0 | val MAE  82.35 | test MAE  83.13 |   740s
ep  74 | loss    939314.2 | val MAE  77.74 | test MAE  81.71 |   751s
ep  75 | loss    926114.6 | val MAE  78.08 | test MAE  83.72 |   761s
ep  76 | loss   1004088.9 | val MAE  83.98 | test MAE  91.33 |   771s
ep  77 | loss    911667.2 | val MAE  77.82 | test MAE  78.97 |   782s
ep  78 | loss    956835.7 | val MAE  72.62 | test MAE  76.43 |   792s
ep  79 | loss    923874.0 | val MAE  82.74 | test MAE  84.47 |   801s
ep  80 | loss    901534.5 | val MAE  95.56 | test MAE 106.74 |   812s
ep  81 | loss    882355.4 | val MAE  73.25 | test MAE  78.77 |   822s
ep  82 | loss    890377.3 | val MAE  75.58 | test MAE  80.44 |   832s
ep  83 | loss    910575.3 | val MAE  72.17 | test MAE  73.55 |   842s
ep  84 | loss    873557.6 | val MAE  84.47 | test MAE  99.66 |   852s
ep  85 | loss    845251.8 | val MAE  79.66 | test MAE  84.56 |   862s
ep  86 | loss    818647.2 | val MAE  71.77 | test MAE  79.12 |   871s
ep  87 | loss    852073.8 | val MAE  76.69 | test MAE  84.30 |   880s
ep  88 | loss    815826.4 | val MAE  73.91 | test MAE  77.92 |   890s
ep  89 | loss    783669.1 | val MAE  83.48 | test MAE  88.55 |   899s
ep  90 | loss    799122.2 | val MAE  79.54 | test MAE  85.60 |   908s
ep  91 | loss    803329.8 | val MAE  71.63 | test MAE  80.36 |   917s
ep  92 | loss    835563.8 | val MAE  69.19 | test MAE  74.23 |   927s
ep  93 | loss    896587.6 | val MAE  73.88 | test MAE  83.45 |   936s
ep  94 | loss    848434.5 | val MAE  66.29 | test MAE  66.97 |   945s
ep  95 | loss    889122.8 | val MAE  86.81 | test MAE  88.38 |   954s
ep  96 | loss    850249.8 | val MAE  68.42 | test MAE  76.52 |   964s
ep  97 | loss    784931.4 | val MAE  80.77 | test MAE  85.05 |   973s
ep  98 | loss    944308.0 | val MAE  79.03 | test MAE  87.54 |   982s
ep  99 | loss    791126.0 | val MAE  69.06 | test MAE  71.12 |   991s
ep 100 | loss    781618.2 | val MAE  81.99 | test MAE  92.80 |  1000s
ep 101 | loss    725708.1 | val MAE  76.09 | test MAE  84.94 |  1009s
ep 102 | loss    761713.3 | val MAE  76.65 | test MAE  89.25 |  1018s
ep 103 | loss    760352.3 | val MAE  96.30 | test MAE  92.20 |  1027s
ep 104 | loss    809718.4 | val MAE  70.12 | test MAE  74.71 |  1035s
ep 105 | loss    766930.8 | val MAE  76.37 | test MAE  83.07 |  1044s
ep 106 | loss    721353.1 | val MAE  72.30 | test MAE  83.07 |  1054s
ep 107 | loss    792401.3 | val MAE  79.33 | test MAE  90.16 |  1064s
ep 108 | loss    718952.0 | val MAE  72.21 | test MAE  77.67 |  1075s
ep 109 | loss    730679.0 | val MAE  70.91 | test MAE  80.87 |  1084s
ep 110 | loss    698002.9 | val MAE  72.08 | test MAE  77.78 |  1093s
ep 111 | loss    677944.9 | val MAE  85.12 | test MAE  90.23 |  1103s
ep 112 | loss    711963.3 | val MAE  73.26 | test MAE  85.09 |  1112s
ep 113 | loss    712892.2 | val MAE  69.95 | test MAE  73.05 |  1120s
ep 114 | loss    709715.7 | val MAE  65.19 | test MAE  76.16 |  1130s
ep 115 | loss    701051.2 | val MAE  75.10 | test MAE  76.12 |  1139s
ep 116 | loss    722750.0 | val MAE  69.38 | test MAE  72.89 |  1149s
ep 117 | loss    685484.9 | val MAE  69.70 | test MAE  73.01 |  1159s
ep 118 | loss    704370.1 | val MAE  70.02 | test MAE  77.56 |  1169s
ep 119 | loss    791243.3 | val MAE  70.12 | test MAE  68.96 |  1179s
ep 120 | loss    698432.9 | val MAE  72.90 | test MAE  82.44 |  1188s
ep 121 | loss    763500.6 | val MAE  78.67 | test MAE  85.58 |  1197s
ep 122 | loss    700791.1 | val MAE  81.15 | test MAE  81.21 |  1206s
ep 123 | loss    713577.5 | val MAE  70.54 | test MAE  74.33 |  1215s
ep 124 | loss    690110.9 | val MAE  76.14 | test MAE  87.66 |  1224s
ep 125 | loss    793726.2 | val MAE  71.35 | test MAE  74.74 |  1233s
ep 126 | loss    684649.5 | val MAE  69.25 | test MAE  73.67 |  1242s
ep 127 | loss    699633.8 | val MAE  65.93 | test MAE  69.46 |  1251s
ep 128 | loss    693871.2 | val MAE  62.54 | test MAE  68.52 |  1260s
ep 129 | loss    679032.0 | val MAE  74.31 | test MAE  78.00 |  1269s
ep 130 | loss    684064.2 | val MAE  64.60 | test MAE  67.85 |  1279s
ep 131 | loss    715590.4 | val MAE  71.67 | test MAE  76.18 |  1288s
ep 132 | loss    675207.6 | val MAE  75.61 | test MAE  81.77 |  1297s
ep 133 | loss    671057.2 | val MAE  66.31 | test MAE  71.40 |  1307s
ep 134 | loss    638427.0 | val MAE  66.77 | test MAE  74.58 |  1316s
ep 135 | loss    647391.6 | val MAE  72.82 | test MAE  79.28 |  1325s
ep 136 | loss    607605.2 | val MAE  63.97 | test MAE  68.14 |  1334s
ep 137 | loss    669014.9 | val MAE  65.33 | test MAE  69.49 |  1344s
ep 138 | loss    625344.8 | val MAE  68.62 | test MAE  72.90 |  1353s
ep 139 | loss    725622.1 | val MAE  73.53 | test MAE  79.30 |  1362s
ep 140 | loss    673271.4 | val MAE  77.30 | test MAE  83.56 |  1371s
ep 141 | loss    632792.2 | val MAE  68.82 | test MAE  73.79 |  1380s
ep 142 | loss    665638.2 | val MAE  68.72 | test MAE  77.81 |  1389s
ep 143 | loss    634490.5 | val MAE  62.83 | test MAE  68.05 |  1398s
ep 144 | loss    635128.4 | val MAE  70.96 | test MAE  75.44 |  1407s
ep 145 | loss    604845.0 | val MAE  69.68 | test MAE  73.98 |  1416s
ep 146 | loss    603354.3 | val MAE  69.41 | test MAE  80.29 |  1425s
ep 147 | loss    662074.5 | val MAE  64.29 | test MAE  67.78 |  1434s
ep 148 | loss    613095.1 | val MAE  72.02 | test MAE  82.90 |  1443s
ep 149 | loss    647872.0 | val MAE  66.92 | test MAE  71.80 |  1453s
ep 150 | loss    697480.3 | val MAE  61.13 | test MAE  63.17 |  1464s
ep 151 | loss    600064.6 | val MAE  71.31 | test MAE  77.72 |  1473s
ep 152 | loss    577282.7 | val MAE  62.61 | test MAE  63.38 |  1484s
ep 153 | loss    609660.4 | val MAE  75.42 | test MAE  83.68 |  1494s
ep 154 | loss    592888.2 | val MAE  67.32 | test MAE  74.67 |  1503s
ep 155 | loss    663851.4 | val MAE  66.93 | test MAE  71.53 |  1512s
ep 156 | loss    607573.5 | val MAE  68.11 | test MAE  75.12 |  1522s
ep 157 | loss    682346.1 | val MAE  64.26 | test MAE  71.06 |  1531s
ep 158 | loss    580114.2 | val MAE  68.48 | test MAE  75.87 |  1540s
ep 159 | loss    604626.9 | val MAE  65.34 | test MAE  75.40 |  1549s
ep 160 | loss    587772.2 | val MAE  64.97 | test MAE  72.78 |  1558s
ep 161 | loss    641132.6 | val MAE  69.57 | test MAE  75.42 |  1568s
ep 162 | loss    613559.2 | val MAE  67.48 | test MAE  73.19 |  1577s
ep 163 | loss    572536.0 | val MAE  62.15 | test MAE  70.29 |  1586s
ep 164 | loss    619392.2 | val MAE  60.23 | test MAE  61.39 |  1595s
ep 165 | loss    618376.3 | val MAE  64.70 | test MAE  69.39 |  1604s
ep 166 | loss    618685.9 | val MAE  62.15 | test MAE  65.83 |  1613s
ep 167 | loss    573317.3 | val MAE  60.27 | test MAE  68.13 |  1622s
ep 168 | loss    594269.5 | val MAE  60.41 | test MAE  68.41 |  1631s
ep 169 | loss    627312.9 | val MAE  73.83 | test MAE  83.67 |  1640s
ep 170 | loss    580167.6 | val MAE  68.05 | test MAE  77.25 |  1649s
ep 171 | loss    590971.7 | val MAE  63.27 | test MAE  62.53 |  1657s
ep 172 | loss    571113.4 | val MAE  64.91 | test MAE  73.26 |  1667s
ep 173 | loss    567720.5 | val MAE  63.60 | test MAE  68.11 |  1676s
ep 174 | loss    589109.2 | val MAE  67.80 | test MAE  74.58 |  1685s
ep 175 | loss    569615.2 | val MAE  73.75 | test MAE  77.76 |  1694s
ep 176 | loss    555839.6 | val MAE  65.90 | test MAE  72.71 |  1704s
ep 177 | loss    580123.1 | val MAE  71.91 | test MAE  80.30 |  1713s
ep 178 | loss    569831.9 | val MAE  61.03 | test MAE  65.58 |  1723s
ep 179 | loss    545386.3 | val MAE  76.88 | test MAE  85.60 |  1732s
ep 180 | loss    557599.8 | val MAE  71.52 | test MAE  81.40 |  1741s
ep 181 | loss    611672.7 | val MAE  70.56 | test MAE  79.82 |  1751s
ep 182 | loss    664473.7 | val MAE  63.19 | test MAE  67.57 |  1760s
ep 183 | loss    584466.0 | val MAE  61.38 | test MAE  64.39 |  1770s
ep 184 | loss    531365.1 | val MAE  65.68 | test MAE  76.21 |  1779s
ep 185 | loss    531148.7 | val MAE  70.06 | test MAE  73.00 |  1788s
ep 186 | loss    524029.8 | val MAE  64.28 | test MAE  68.67 |  1797s
ep 187 | loss    521000.5 | val MAE  66.60 | test MAE  76.12 |  1806s
ep 188 | loss    562241.6 | val MAE  79.62 | test MAE  81.16 |  1815s
ep 189 | loss    573986.9 | val MAE  60.24 | test MAE  68.86 |  1825s
ep 190 | loss    519672.3 | val MAE  66.71 | test MAE  77.72 |  1834s
ep 191 | loss    544332.7 | val MAE  67.68 | test MAE  74.26 |  1843s
ep 192 | loss    602478.7 | val MAE  63.43 | test MAE  70.42 |  1852s
ep 193 | loss    558988.3 | val MAE  67.38 | test MAE  74.94 |  1861s
ep 194 | loss    569962.6 | val MAE  71.71 | test MAE  74.45 |  1871s
ep 195 | loss    592220.0 | val MAE  62.98 | test MAE  70.19 |  1881s
ep 196 | loss    549969.0 | val MAE  58.32 | test MAE  61.08 |  1891s
ep 197 | loss    537502.3 | val MAE  64.36 | test MAE  71.76 |  1900s
ep 198 | loss    531725.5 | val MAE  69.24 | test MAE  76.81 |  1910s
ep 199 | loss    551317.4 | val MAE  63.68 | test MAE  68.76 |  1920s

mejor época por validación: 196 | test MAE 61.08 | 32.0 min
