device mps | variante ref | semilla 0 | ventanas 1020/204/342 | parámetros por red 245115
ep   0 | loss  59568289.4 | val MAE 244.95 | test MAE 228.34 |    11s
ep   1 | loss   3537448.6 | val MAE 165.23 | test MAE 148.10 |    20s
ep   2 | loss   2241497.8 | val MAE 110.57 | test MAE  94.64 |    30s
ep   3 | loss   1810271.8 | val MAE  69.91 | test MAE  54.89 |    39s
ep   4 | loss   1615603.4 | val MAE  64.86 | test MAE  49.00 |    48s
ep   5 | loss   1507955.4 | val MAE  58.83 | test MAE  45.11 |    58s
ep   6 | loss   1458389.9 | val MAE  58.19 | test MAE  45.37 |    67s
ep   7 | loss   1446618.0 | val MAE  57.67 | test MAE  43.29 |    76s
ep   8 | loss   1427904.0 | val MAE  56.97 | test MAE  42.92 |    86s
ep   9 | loss   1421856.0 | val MAE  67.25 | test MAE  51.84 |    95s
ep  10 | loss   1409661.6 | val MAE  62.97 | test MAE  47.78 |   105s
ep  11 | loss   1406361.0 | val MAE  61.85 | test MAE  46.83 |   115s
ep  12 | loss   1411136.6 | val MAE  59.21 | test MAE  44.66 |   125s
ep  13 | loss   1395323.9 | val MAE  57.88 | test MAE  45.59 |   134s
ep  14 | loss   1381760.3 | val MAE  56.15 | test MAE  43.48 |   145s
ep  15 | loss   1384416.6 | val MAE  65.76 | test MAE  50.62 |   155s
ep  16 | loss   1382823.0 | val MAE  56.27 | test MAE  42.68 |   167s
ep  17 | loss   1387343.6 | val MAE  57.87 | test MAE  43.45 |   177s
ep  18 | loss   1378715.1 | val MAE  55.87 | test MAE  42.56 |   187s
ep  19 | loss   1382642.5 | val MAE  56.69 | test MAE  42.75 |   196s
ep  20 | loss   1392298.8 | val MAE  58.49 | test MAE  44.14 |   206s
ep  21 | loss   1386149.7 | val MAE  63.37 | test MAE  48.28 |   215s
ep  22 | loss   1372720.9 | val MAE  56.46 | test MAE  44.35 |   225s
ep  23 | loss   1372451.8 | val MAE  60.20 | test MAE  45.48 |   235s
ep  24 | loss   1370341.1 | val MAE  61.76 | test MAE  46.93 |   245s
ep  25 | loss   1369398.8 | val MAE  59.02 | test MAE  47.32 |   255s
ep  26 | loss   1376469.6 | val MAE  55.78 | test MAE  43.80 |   266s
ep  27 | loss   1376106.5 | val MAE  56.50 | test MAE  43.68 |   276s
ep  28 | loss   1375829.5 | val MAE  59.30 | test MAE  44.74 |   287s
ep  29 | loss   1369032.7 | val MAE  56.28 | test MAE  43.90 |   298s
ep  30 | loss   1363755.1 | val MAE  57.22 | test MAE  43.12 |   307s
ep  31 | loss   1376495.3 | val MAE  57.35 | test MAE  43.09 |   318s
ep  32 | loss   1365039.3 | val MAE  55.96 | test MAE  42.85 |   328s
ep  33 | loss   1366305.1 | val MAE  55.59 | test MAE  43.13 |   338s
ep  34 | loss   1359256.9 | val MAE  61.87 | test MAE  47.11 |   348s
ep  35 | loss   1382293.3 | val MAE  59.31 | test MAE  44.68 |   359s
ep  36 | loss   1374860.9 | val MAE  60.36 | test MAE  45.65 |   369s
ep  37 | loss   1362756.7 | val MAE  56.11 | test MAE  42.60 |   379s
ep  38 | loss   1363032.6 | val MAE  59.28 | test MAE  44.46 |   389s
ep  39 | loss   1370692.3 | val MAE  59.39 | test MAE  44.79 |   399s
ep  40 | loss   1367207.6 | val MAE  62.34 | test MAE  47.02 |   409s
ep  41 | loss   1364450.9 | val MAE  60.00 | test MAE  45.43 |   419s
ep  42 | loss   1358385.8 | val MAE  56.61 | test MAE  44.26 |   430s
ep  43 | loss   1360288.1 | val MAE  56.31 | test MAE  43.05 |   440s
ep  44 | loss   1355069.8 | val MAE  58.17 | test MAE  43.64 |   450s
ep  45 | loss   1363082.7 | val MAE  56.76 | test MAE  42.84 |   460s
ep  46 | loss   1363217.9 | val MAE  58.37 | test MAE  43.80 |   471s
ep  47 | loss   1366324.4 | val MAE  59.78 | test MAE  44.83 |   481s
ep  48 | loss   1358693.1 | val MAE  57.89 | test MAE  43.41 |   491s
ep  49 | loss   1365339.1 | val MAE  58.24 | test MAE  43.66 |   502s
ep  50 | loss   1360108.3 | val MAE  55.47 | test MAE  43.70 |   513s
ep  51 | loss   1359524.0 | val MAE  55.51 | test MAE  42.97 |   523s
ep  52 | loss   1357236.5 | val MAE  61.43 | test MAE  46.08 |   532s
ep  53 | loss   1364561.6 | val MAE  55.54 | test MAE  43.99 |   541s
ep  54 | loss   1357731.6 | val MAE  57.92 | test MAE  43.42 |   552s
ep  55 | loss   1352260.2 | val MAE  56.64 | test MAE  42.73 |   562s
ep  56 | loss   1373575.5 | val MAE  56.78 | test MAE  42.79 |   572s
ep  57 | loss   1358290.3 | val MAE  55.54 | test MAE  43.98 |   583s
ep  58 | loss   1361420.8 | val MAE  55.73 | test MAE  42.58 |   593s
ep  59 | loss   1359989.9 | val MAE  55.53 | test MAE  42.71 |   603s
ep  60 | loss   1357162.4 | val MAE  55.89 | test MAE  42.56 |   613s
ep  61 | loss   1363603.0 | val MAE  60.52 | test MAE  45.32 |   624s
ep  62 | loss   1362646.0 | val MAE  55.53 | test MAE  42.71 |   634s
ep  63 | loss   1361583.5 | val MAE  56.21 | test MAE  45.74 |   644s
ep  64 | loss   1374890.5 | val MAE  55.55 | test MAE  44.07 |   653s
ep  65 | loss   1368588.4 | val MAE  58.27 | test MAE  43.66 |   663s
ep  66 | loss   1372085.8 | val MAE  55.76 | test MAE  44.69 |   672s
ep  67 | loss   1365269.1 | val MAE  56.04 | test MAE  45.37 |   681s
ep  68 | loss   1358439.1 | val MAE  56.09 | test MAE  42.57 |   691s
ep  69 | loss   1349543.5 | val MAE  56.19 | test MAE  45.70 |   701s
ep  70 | loss   1363895.5 | val MAE  55.52 | test MAE  42.73 |   711s
ep  71 | loss   1363742.6 | val MAE  60.38 | test MAE  45.21 |   721s
ep  72 | loss   1361197.2 | val MAE  57.17 | test MAE  42.98 |   732s
ep  73 | loss   1358026.9 | val MAE  55.70 | test MAE  42.59 |   742s
ep  74 | loss   1356161.5 | val MAE  55.44 | test MAE  42.88 |   752s
ep  75 | loss   1356673.8 | val MAE  55.41 | test MAE  43.02 |   762s
ep  76 | loss   1358350.0 | val MAE  57.89 | test MAE  43.41 |   771s
ep  77 | loss   1349918.2 | val MAE  55.78 | test MAE  44.73 |   780s
ep  78 | loss   1358374.2 | val MAE  55.85 | test MAE  42.56 |   790s
ep  79 | loss   1357994.0 | val MAE  63.81 | test MAE  48.08 |   800s
ep  80 | loss   1367037.2 | val MAE  55.40 | test MAE  43.17 |   810s
ep  81 | loss   1362995.7 | val MAE  59.42 | test MAE  44.47 |   819s
ep  82 | loss   1354816.2 | val MAE  55.40 | test MAE  43.12 |   829s
ep  83 | loss   1357375.9 | val MAE  55.53 | test MAE  42.71 |   839s
ep  84 | loss   1357836.6 | val MAE  55.78 | test MAE  42.57 |   850s
ep  85 | loss   1357500.2 | val MAE  57.97 | test MAE  49.04 |   860s
ep  86 | loss   1362465.4 | val MAE  58.29 | test MAE  43.67 |   871s
ep  87 | loss   1367504.7 | val MAE  55.96 | test MAE  42.56 |   881s
ep  88 | loss   1373043.4 | val MAE  56.63 | test MAE  42.73 |   891s
ep  89 | loss   1356794.4 | val MAE  55.59 | test MAE  44.19 |   901s
ep  90 | loss   1359062.7 | val MAE  55.67 | test MAE  42.61 |   912s
ep  91 | loss   1351775.5 | val MAE  56.31 | test MAE  42.62 |   923s
ep  92 | loss   1359209.7 | val MAE  56.53 | test MAE  42.69 |   934s
ep  93 | loss   1364744.4 | val MAE  55.48 | test MAE  42.78 |   944s
ep  94 | loss   1366877.6 | val MAE  57.12 | test MAE  47.55 |   955s
ep  95 | loss   1353769.5 | val MAE  55.40 | test MAE  43.13 |   965s
ep  96 | loss   1353902.7 | val MAE  55.51 | test MAE  43.92 |   976s
ep  97 | loss   1356583.0 | val MAE  55.52 | test MAE  42.73 |   986s
ep  98 | loss   1356877.1 | val MAE  55.40 | test MAE  43.14 |   997s
ep  99 | loss   1356298.1 | val MAE  57.20 | test MAE  43.00 |  1007s
ep 100 | loss   1358682.4 | val MAE  55.57 | test MAE  42.67 |  1018s
ep 101 | loss   1367166.7 | val MAE  62.77 | test MAE  47.18 |  1028s
ep 102 | loss   1357730.5 | val MAE  56.65 | test MAE  42.74 |  1039s
ep 103 | loss   1359533.5 | val MAE  61.46 | test MAE  46.08 |  1050s
ep 104 | loss   1355788.0 | val MAE  57.00 | test MAE  42.90 |  1059s
ep 105 | loss   1358824.5 | val MAE  72.78 | test MAE  56.34 |  1069s
ep 106 | loss   1369410.2 | val MAE  55.54 | test MAE  42.69 |  1079s
ep 107 | loss   1367071.2 | val MAE  56.66 | test MAE  42.74 |  1090s
ep 108 | loss   1353790.5 | val MAE  56.47 | test MAE  42.67 |  1099s
ep 109 | loss   1365450.5 | val MAE  59.37 | test MAE  44.44 |  1109s
ep 110 | loss   1351166.0 | val MAE  56.01 | test MAE  42.56 |  1119s
ep 111 | loss   1363402.7 | val MAE  61.81 | test MAE  46.37 |  1130s
ep 112 | loss   1366201.7 | val MAE  55.43 | test MAE  43.56 |  1140s
ep 113 | loss   1360360.0 | val MAE  55.40 | test MAE  43.19 |  1150s
ep 114 | loss   1372025.2 | val MAE  58.90 | test MAE  44.10 |  1160s
ep 115 | loss   1351277.5 | val MAE  55.47 | test MAE  42.80 |  1170s
ep 116 | loss   1357081.5 | val MAE  56.08 | test MAE  42.57 |  1181s
ep 117 | loss   1356134.7 | val MAE  56.46 | test MAE  42.66 |  1191s
ep 118 | loss   1362372.9 | val MAE  57.39 | test MAE  43.11 |  1201s
ep 119 | loss   1363550.5 | val MAE  57.42 | test MAE  43.12 |  1212s
ep 120 | loss   1367810.6 | val MAE  56.15 | test MAE  45.63 |  1222s
ep 121 | loss   1369391.2 | val MAE  55.41 | test MAE  43.04 |  1232s
ep 122 | loss   1357218.8 | val MAE  55.66 | test MAE  44.40 |  1243s
ep 123 | loss   1357271.9 | val MAE  55.54 | test MAE  42.70 |  1253s
ep 124 | loss   1352680.5 | val MAE  61.38 | test MAE  46.01 |  1263s
ep 125 | loss   1372899.3 | val MAE  62.16 | test MAE  46.66 |  1274s
ep 126 | loss   1352500.4 | val MAE  55.99 | test MAE  42.59 |  1284s
ep 127 | loss   1362020.8 | val MAE  64.05 | test MAE  48.28 |  1295s
ep 128 | loss   1351488.4 | val MAE  56.62 | test MAE  42.72 |  1305s
ep 129 | loss   1357888.1 | val MAE  72.03 | test MAE  55.63 |  1315s
ep 130 | loss   1352566.3 | val MAE  58.15 | test MAE  43.56 |  1325s
ep 131 | loss   1365869.9 | val MAE  60.67 | test MAE  45.41 |  1335s
ep 132 | loss   1350193.3 | val MAE  56.80 | test MAE  46.72 |  1346s
ep 133 | loss   1259732.4 | val MAE  57.30 | test MAE  42.45 |  1356s
ep 134 | loss   1178073.9 | val MAE  65.75 | test MAE  49.82 |  1366s
ep 135 | loss   1177719.1 | val MAE  60.85 | test MAE  45.63 |  1376s
ep 136 | loss   1142801.1 | val MAE  55.23 | test MAE  43.17 |  1387s
ep 137 | loss   1135779.6 | val MAE  55.79 | test MAE  45.48 |  1396s
ep 138 | loss   1081673.4 | val MAE  55.93 | test MAE  45.60 |  1405s
ep 139 | loss   1161242.4 | val MAE  55.59 | test MAE  44.24 |  1415s
ep 140 | loss   1172714.0 | val MAE  56.04 | test MAE  42.56 |  1425s
ep 141 | loss   1133425.3 | val MAE  55.48 | test MAE  42.64 |  1435s
ep 142 | loss   1096338.2 | val MAE  57.07 | test MAE  48.13 |  1446s
ep 143 | loss   1082345.7 | val MAE  56.40 | test MAE  42.32 |  1456s
ep 144 | loss   1090496.9 | val MAE  61.71 | test MAE  45.64 |  1466s
ep 145 | loss   1136471.1 | val MAE  54.81 | test MAE  42.26 |  1477s
ep 146 | loss   1078359.3 | val MAE  54.87 | test MAE  44.45 |  1487s
ep 147 | loss   1070252.7 | val MAE  55.77 | test MAE  42.35 |  1497s
ep 148 | loss   1069712.5 | val MAE  56.97 | test MAE  42.89 |  1508s
ep 149 | loss   1068169.5 | val MAE  57.15 | test MAE  43.27 |  1518s
ep 150 | loss   1092900.5 | val MAE  55.28 | test MAE  44.34 |  1529s
ep 151 | loss   1058221.4 | val MAE  54.29 | test MAE  42.20 |  1539s
ep 152 | loss   1049607.4 | val MAE  54.51 | test MAE  42.59 |  1549s
ep 153 | loss   1055276.0 | val MAE  54.59 | test MAE  42.77 |  1560s
ep 154 | loss   1038696.4 | val MAE  54.84 | test MAE  44.71 |  1570s
ep 155 | loss   1047562.4 | val MAE  55.08 | test MAE  44.87 |  1581s
ep 156 | loss   1044831.6 | val MAE  55.38 | test MAE  42.43 |  1591s
ep 157 | loss   1033067.6 | val MAE  54.78 | test MAE  44.68 |  1601s
ep 158 | loss   1030543.2 | val MAE  58.37 | test MAE  43.69 |  1612s
ep 159 | loss   1031429.8 | val MAE  54.31 | test MAE  43.73 |  1622s
ep 160 | loss   1037618.7 | val MAE  56.09 | test MAE  42.48 |  1632s
ep 161 | loss   1026717.9 | val MAE  55.60 | test MAE  42.26 |  1642s
ep 162 | loss   1009104.3 | val MAE  53.98 | test MAE  41.82 |  1652s
ep 163 | loss   1015798.2 | val MAE  53.37 | test MAE  42.70 |  1662s
ep 164 | loss   1010610.4 | val MAE  57.15 | test MAE  43.90 |  1672s
ep 165 | loss   1006354.5 | val MAE  53.43 | test MAE  42.44 |  1682s
ep 166 | loss   1015691.7 | val MAE  53.20 | test MAE  43.60 |  1692s
ep 167 | loss   1012136.9 | val MAE  52.91 | test MAE  42.35 |  1703s
ep 168 | loss    977513.2 | val MAE  55.28 | test MAE  42.63 |  1712s
ep 169 | loss    984628.9 | val MAE  51.64 | test MAE  43.50 |  1721s
ep 170 | loss    980926.3 | val MAE  54.11 | test MAE  41.90 |  1730s
ep 171 | loss    961422.6 | val MAE  52.10 | test MAE  41.20 |  1740s
ep 172 | loss    974409.5 | val MAE  52.33 | test MAE  44.93 |  1750s
ep 173 | loss    989795.4 | val MAE  51.93 | test MAE  43.01 |  1760s
ep 174 | loss    971624.8 | val MAE  51.27 | test MAE  41.40 |  1770s
ep 175 | loss    949392.8 | val MAE  52.88 | test MAE  41.11 |  1780s
ep 176 | loss    951418.4 | val MAE  51.13 | test MAE  41.48 |  1791s
ep 177 | loss    943503.5 | val MAE  56.75 | test MAE  44.06 |  1801s
ep 178 | loss    943938.9 | val MAE  53.90 | test MAE  41.89 |  1811s
ep 179 | loss    964855.5 | val MAE  51.01 | test MAE  43.88 |  1821s
ep 180 | loss    934518.4 | val MAE  51.21 | test MAE  43.10 |  1831s
ep 181 | loss    934994.3 | val MAE  52.33 | test MAE  41.34 |  1841s
ep 182 | loss    916680.1 | val MAE  50.25 | test MAE  40.49 |  1851s
ep 183 | loss    914960.1 | val MAE  51.21 | test MAE  40.84 |  1861s
ep 184 | loss    920758.2 | val MAE  51.37 | test MAE  41.55 |  1870s
ep 185 | loss    908056.4 | val MAE  49.78 | test MAE  40.83 |  1879s
ep 186 | loss    906412.4 | val MAE  55.54 | test MAE  43.65 |  1888s
ep 187 | loss    906680.2 | val MAE  52.67 | test MAE  46.87 |  1897s
ep 188 | loss    899624.9 | val MAE  51.15 | test MAE  40.09 |  1906s
ep 189 | loss    901784.9 | val MAE  51.17 | test MAE  41.20 |  1915s
ep 190 | loss    917401.6 | val MAE  58.45 | test MAE  45.85 |  1924s
ep 191 | loss    891497.5 | val MAE  50.53 | test MAE  40.73 |  1934s
ep 192 | loss    883580.0 | val MAE  55.53 | test MAE  43.81 |  1944s
ep 193 | loss    892065.7 | val MAE  51.85 | test MAE  47.26 |  1954s
ep 194 | loss    889397.5 | val MAE  50.71 | test MAE  40.51 |  1964s
ep 195 | loss    901673.5 | val MAE  52.71 | test MAE  50.29 |  1975s
ep 196 | loss    875048.7 | val MAE  46.54 | test MAE  38.82 |  1985s
ep 197 | loss    869968.6 | val MAE  48.41 | test MAE  40.22 |  1994s
ep 198 | loss    873591.7 | val MAE  47.56 | test MAE  40.59 |  2004s
ep 199 | loss    866844.0 | val MAE  51.01 | test MAE  41.39 |  2014s

mejor época por validación: 196 | test MAE 38.82 | 33.6 min
