device mps | variante base | semilla 0 | ventanas 1020/204/342 | parámetros por red 245051
ep   0 | loss  69116519.6 | val MAE 373.04 | test MAE 400.50 |    11s
ep   1 | loss  13818398.7 | val MAE 306.50 | test MAE 335.02 |    20s
ep   2 | loss  12845505.9 | val MAE 298.21 | test MAE 328.59 |    30s
ep   3 | loss  12356450.0 | val MAE 283.91 | test MAE 309.15 |    39s
ep   4 | loss  12113482.9 | val MAE 287.34 | test MAE 309.19 |    48s
ep   5 | loss  12080758.3 | val MAE 251.49 | test MAE 279.38 |    58s
ep   6 | loss  11869633.8 | val MAE 257.95 | test MAE 282.84 |    67s
ep   7 | loss  11683791.3 | val MAE 243.42 | test MAE 270.35 |    76s
ep   8 | loss  11577595.1 | val MAE 249.25 | test MAE 272.61 |    85s
ep   9 | loss  11183600.0 | val MAE 243.08 | test MAE 262.80 |    95s
ep  10 | loss  10629380.7 | val MAE 239.05 | test MAE 256.82 |   105s
ep  11 | loss  10137165.9 | val MAE 199.80 | test MAE 226.28 |   115s
ep  12 | loss   9764010.1 | val MAE 210.01 | test MAE 234.77 |   125s
ep  13 | loss   9314012.4 | val MAE 279.47 | test MAE 290.22 |   134s
ep  14 | loss   8158958.3 | val MAE 164.42 | test MAE 196.89 |   144s
ep  15 | loss   6641802.2 | val MAE 160.02 | test MAE 190.53 |   155s
ep  16 | loss   5554450.1 | val MAE 161.15 | test MAE 191.31 |   167s
ep  17 | loss   5276328.7 | val MAE 213.17 | test MAE 241.08 |   177s
ep  18 | loss   5053189.6 | val MAE 238.90 | test MAE 263.86 |   187s
ep  19 | loss   4388860.1 | val MAE 139.91 | test MAE 171.00 |   196s
ep  20 | loss   3798805.9 | val MAE 143.26 | test MAE 156.54 |   206s
ep  21 | loss   3332733.0 | val MAE 138.05 | test MAE 145.05 |   215s
ep  22 | loss   2870125.5 | val MAE 115.70 | test MAE 127.30 |   224s
ep  23 | loss   2626311.8 | val MAE 111.48 | test MAE 125.58 |   235s
ep  24 | loss   2420213.8 | val MAE 136.16 | test MAE 142.05 |   245s
ep  25 | loss   2374341.8 | val MAE 185.60 | test MAE 195.83 |   255s
ep  26 | loss   2424870.7 | val MAE 111.04 | test MAE 122.86 |   266s
ep  27 | loss   2173992.6 | val MAE 130.75 | test MAE 141.63 |   276s
ep  28 | loss   2067911.1 | val MAE 130.37 | test MAE 141.25 |   287s
ep  29 | loss   1979903.2 | val MAE 107.65 | test MAE 112.42 |   297s
ep  30 | loss   1874413.4 | val MAE 134.74 | test MAE 159.43 |   307s
ep  31 | loss   1818259.9 | val MAE 109.09 | test MAE 112.32 |   318s
ep  32 | loss   1742892.4 | val MAE 111.91 | test MAE 116.75 |   328s
ep  33 | loss   1941684.9 | val MAE 100.02 | test MAE 100.37 |   338s
ep  34 | loss   1759625.6 | val MAE 110.34 | test MAE 122.90 |   348s
ep  35 | loss   1741584.8 | val MAE 126.09 | test MAE 129.41 |   358s
ep  36 | loss   1640923.3 | val MAE 133.89 | test MAE 140.27 |   369s
ep  37 | loss   1707048.5 | val MAE 133.79 | test MAE 136.05 |   379s
ep  38 | loss   1622375.9 | val MAE  99.55 | test MAE 102.73 |   389s
ep  39 | loss   1496935.3 | val MAE 113.79 | test MAE 119.33 |   399s
ep  40 | loss   1525684.7 | val MAE 108.58 | test MAE 113.45 |   409s
ep  41 | loss   1489682.3 | val MAE 106.78 | test MAE 118.78 |   419s
ep  42 | loss   1618182.4 | val MAE  91.06 | test MAE 100.38 |   429s
ep  43 | loss   1425112.0 | val MAE 126.53 | test MAE 122.06 |   440s
ep  44 | loss   1649133.8 | val MAE 106.02 | test MAE 115.98 |   450s
ep  45 | loss   1425772.1 | val MAE  98.84 | test MAE 108.09 |   460s
ep  46 | loss   1393054.7 | val MAE  98.32 | test MAE 105.58 |   470s
ep  47 | loss   1432112.7 | val MAE 101.57 | test MAE 101.01 |   481s
ep  48 | loss   1291023.0 | val MAE  99.33 | test MAE 105.21 |   491s
ep  49 | loss   1225325.0 | val MAE 109.12 | test MAE 117.90 |   502s
ep  50 | loss   1331862.8 | val MAE 102.69 | test MAE 118.61 |   513s
ep  51 | loss   1273576.3 | val MAE  78.87 | test MAE  90.28 |   523s
ep  52 | loss   1193533.1 | val MAE  91.78 | test MAE  96.62 |   532s
ep  53 | loss   1191446.3 | val MAE  92.76 | test MAE  95.51 |   541s
ep  54 | loss   1173765.4 | val MAE 122.92 | test MAE 128.42 |   552s
ep  55 | loss   1220836.1 | val MAE 104.46 | test MAE 113.20 |   562s
ep  56 | loss   1213082.3 | val MAE  98.61 | test MAE 105.57 |   572s
ep  57 | loss   1112024.0 | val MAE 104.81 | test MAE 116.33 |   583s
ep  58 | loss   1140139.2 | val MAE  78.74 | test MAE  83.10 |   593s
ep  59 | loss   1074880.2 | val MAE  99.04 | test MAE 102.00 |   603s
ep  60 | loss   1162776.7 | val MAE 111.13 | test MAE 113.71 |   613s
ep  61 | loss   1065063.8 | val MAE  93.99 | test MAE  89.92 |   624s
ep  62 | loss   1046728.8 | val MAE  78.40 | test MAE  80.05 |   634s
ep  63 | loss   1013038.8 | val MAE  94.31 | test MAE  95.80 |   644s
ep  64 | loss   1081607.4 | val MAE 106.47 | test MAE 117.10 |   653s
ep  65 | loss   1088309.0 | val MAE  77.74 | test MAE  87.39 |   663s
ep  66 | loss    979634.8 | val MAE  75.24 | test MAE  80.70 |   672s
ep  67 | loss   1031206.2 | val MAE  84.57 | test MAE  90.13 |   681s
ep  68 | loss   1018661.1 | val MAE  79.26 | test MAE  86.23 |   691s
ep  69 | loss    960307.3 | val MAE 109.76 | test MAE 101.51 |   700s
ep  70 | loss    978291.3 | val MAE  82.66 | test MAE  82.68 |   711s
ep  71 | loss   1037426.0 | val MAE  81.53 | test MAE  82.79 |   721s
ep  72 | loss    913138.3 | val MAE  91.46 | test MAE  98.48 |   732s
ep  73 | loss    968812.9 | val MAE 123.70 | test MAE 145.60 |   742s
ep  74 | loss   1076732.1 | val MAE  86.01 | test MAE  91.75 |   752s
ep  75 | loss    950709.0 | val MAE  78.07 | test MAE  81.32 |   762s
ep  76 | loss   1075005.9 | val MAE  79.50 | test MAE  76.14 |   771s
ep  77 | loss    950040.0 | val MAE  81.34 | test MAE  92.07 |   780s
ep  78 | loss    936764.0 | val MAE  89.94 | test MAE  96.03 |   789s
ep  79 | loss    927147.7 | val MAE  93.28 | test MAE  99.43 |   799s
ep  80 | loss    902554.4 | val MAE  88.70 | test MAE  93.44 |   810s
ep  81 | loss    924658.7 | val MAE  96.24 | test MAE  98.58 |   819s
ep  82 | loss    878839.7 | val MAE 100.05 | test MAE 103.53 |   829s
ep  83 | loss    887089.8 | val MAE  78.17 | test MAE  79.95 |   839s
ep  84 | loss    866070.7 | val MAE  79.61 | test MAE  84.22 |   850s
ep  85 | loss    896657.6 | val MAE  78.81 | test MAE  80.53 |   860s
ep  86 | loss    913243.3 | val MAE  78.64 | test MAE  83.35 |   870s
ep  87 | loss    854319.5 | val MAE  81.51 | test MAE  86.70 |   881s
ep  88 | loss    869081.0 | val MAE  73.03 | test MAE  78.89 |   891s
ep  89 | loss    883147.0 | val MAE 106.02 | test MAE 106.69 |   901s
ep  90 | loss   1006481.1 | val MAE  85.41 | test MAE  93.51 |   912s
ep  91 | loss    913835.1 | val MAE  85.31 | test MAE  88.81 |   923s
ep  92 | loss    790761.5 | val MAE  75.67 | test MAE  80.23 |   933s
ep  93 | loss    785122.7 | val MAE 107.30 | test MAE 112.60 |   944s
ep  94 | loss    877341.6 | val MAE  83.00 | test MAE  89.46 |   955s
ep  95 | loss    795677.8 | val MAE  71.61 | test MAE  72.07 |   965s
ep  96 | loss    906748.8 | val MAE  97.41 | test MAE 102.76 |   976s
ep  97 | loss    872640.6 | val MAE  77.07 | test MAE  82.03 |   986s
ep  98 | loss    803625.4 | val MAE  80.46 | test MAE  87.03 |   997s
ep  99 | loss    740729.0 | val MAE  76.52 | test MAE  77.38 |  1007s
ep 100 | loss    723222.0 | val MAE  77.43 | test MAE  83.44 |  1018s
ep 101 | loss    773709.1 | val MAE  96.68 | test MAE 103.52 |  1028s
ep 102 | loss    762202.2 | val MAE  73.70 | test MAE  83.33 |  1039s
ep 103 | loss    755657.8 | val MAE  69.47 | test MAE  70.56 |  1049s
ep 104 | loss    752074.7 | val MAE  90.44 | test MAE  96.65 |  1059s
ep 105 | loss    718220.1 | val MAE  75.26 | test MAE  79.43 |  1069s
ep 106 | loss    775790.4 | val MAE  83.32 | test MAE  91.52 |  1079s
ep 107 | loss    749705.6 | val MAE  65.97 | test MAE  69.89 |  1089s
ep 108 | loss    755851.2 | val MAE  90.35 | test MAE  93.71 |  1099s
ep 109 | loss    768727.4 | val MAE  73.98 | test MAE  72.86 |  1109s
ep 110 | loss    781971.3 | val MAE  74.22 | test MAE  79.91 |  1119s
ep 111 | loss    716907.9 | val MAE  75.12 | test MAE  82.86 |  1129s
ep 112 | loss    726082.0 | val MAE  83.25 | test MAE  94.49 |  1140s
ep 113 | loss    733920.1 | val MAE  76.09 | test MAE  82.71 |  1150s
ep 114 | loss    734588.8 | val MAE  65.30 | test MAE  67.69 |  1160s
ep 115 | loss    785432.4 | val MAE  91.49 | test MAE  93.55 |  1170s
ep 116 | loss    800785.7 | val MAE  72.68 | test MAE  74.63 |  1181s
ep 117 | loss    768843.9 | val MAE  79.33 | test MAE  88.73 |  1191s
ep 118 | loss    690240.6 | val MAE  69.30 | test MAE  74.33 |  1201s
ep 119 | loss    707649.7 | val MAE  66.66 | test MAE  70.19 |  1212s
ep 120 | loss    689470.2 | val MAE  66.75 | test MAE  68.71 |  1222s
ep 121 | loss    665085.3 | val MAE  74.27 | test MAE  82.94 |  1232s
ep 122 | loss    713518.8 | val MAE  67.30 | test MAE  73.28 |  1243s
ep 123 | loss    716896.9 | val MAE  69.66 | test MAE  78.42 |  1253s
ep 124 | loss    674222.5 | val MAE  70.71 | test MAE  79.98 |  1263s
ep 125 | loss    651489.2 | val MAE  72.81 | test MAE  74.09 |  1274s
ep 126 | loss    667328.1 | val MAE  72.49 | test MAE  77.39 |  1284s
ep 127 | loss    697503.9 | val MAE  65.78 | test MAE  69.88 |  1294s
ep 128 | loss    648885.4 | val MAE  79.93 | test MAE  85.02 |  1305s
ep 129 | loss    666099.1 | val MAE  75.81 | test MAE  79.92 |  1315s
ep 130 | loss    708642.2 | val MAE  97.60 | test MAE  97.18 |  1325s
ep 131 | loss    696601.2 | val MAE  66.56 | test MAE  68.03 |  1335s
ep 132 | loss    666198.3 | val MAE  72.56 | test MAE  71.63 |  1346s
ep 133 | loss    718255.4 | val MAE  76.65 | test MAE  81.70 |  1356s
ep 134 | loss    793334.7 | val MAE  73.28 | test MAE  84.17 |  1366s
ep 135 | loss    687008.9 | val MAE  66.22 | test MAE  69.61 |  1376s
ep 136 | loss    675128.1 | val MAE  77.10 | test MAE  79.90 |  1387s
ep 137 | loss    769986.1 | val MAE  77.27 | test MAE  77.17 |  1396s
ep 138 | loss    660746.3 | val MAE  66.19 | test MAE  74.93 |  1405s
ep 139 | loss    712497.4 | val MAE  65.03 | test MAE  71.58 |  1415s
ep 140 | loss    654741.5 | val MAE  66.02 | test MAE  75.17 |  1425s
ep 141 | loss    618948.3 | val MAE  70.33 | test MAE  76.04 |  1435s
ep 142 | loss    633769.8 | val MAE  79.08 | test MAE  83.82 |  1445s
ep 143 | loss    662239.7 | val MAE  75.52 | test MAE  85.84 |  1456s
ep 144 | loss    630402.3 | val MAE  70.50 | test MAE  74.68 |  1466s
ep 145 | loss    669002.4 | val MAE  74.14 | test MAE  77.94 |  1476s
ep 146 | loss    689569.6 | val MAE  72.13 | test MAE  77.92 |  1487s
ep 147 | loss    648882.5 | val MAE  68.64 | test MAE  73.93 |  1497s
ep 148 | loss    655932.1 | val MAE  69.95 | test MAE  75.07 |  1508s
ep 149 | loss    588918.5 | val MAE  63.90 | test MAE  63.57 |  1518s
ep 150 | loss    632041.0 | val MAE  72.02 | test MAE  79.13 |  1528s
ep 151 | loss    654918.7 | val MAE  64.94 | test MAE  69.71 |  1539s
ep 152 | loss    709089.0 | val MAE  74.63 | test MAE  81.02 |  1549s
ep 153 | loss    667577.8 | val MAE  68.13 | test MAE  75.03 |  1560s
ep 154 | loss    606086.8 | val MAE  66.17 | test MAE  70.79 |  1570s
ep 155 | loss    767163.7 | val MAE  69.90 | test MAE  75.76 |  1580s
ep 156 | loss    619784.9 | val MAE  67.95 | test MAE  72.76 |  1591s
ep 157 | loss    602876.0 | val MAE  73.20 | test MAE  78.72 |  1601s
ep 158 | loss    616339.1 | val MAE  65.63 | test MAE  72.48 |  1612s
ep 159 | loss    598224.9 | val MAE  79.83 | test MAE  95.93 |  1622s
ep 160 | loss    639238.7 | val MAE  67.28 | test MAE  73.98 |  1632s
ep 161 | loss    597214.3 | val MAE  67.50 | test MAE  74.33 |  1642s
ep 162 | loss    611780.7 | val MAE  64.91 | test MAE  67.71 |  1652s
ep 163 | loss    591843.4 | val MAE  60.90 | test MAE  65.71 |  1662s
ep 164 | loss    637090.6 | val MAE  70.09 | test MAE  81.69 |  1672s
ep 165 | loss    647831.0 | val MAE  65.19 | test MAE  72.28 |  1682s
ep 166 | loss    588547.5 | val MAE  60.34 | test MAE  64.04 |  1692s
ep 167 | loss    581127.6 | val MAE  73.30 | test MAE  75.64 |  1703s
ep 168 | loss    590406.3 | val MAE  61.12 | test MAE  65.23 |  1712s
ep 169 | loss    572398.2 | val MAE  64.17 | test MAE  73.71 |  1721s
ep 170 | loss    559557.9 | val MAE  63.47 | test MAE  71.76 |  1730s
ep 171 | loss    562511.5 | val MAE  62.17 | test MAE  68.98 |  1740s
ep 172 | loss    553327.3 | val MAE  66.37 | test MAE  70.96 |  1750s
ep 173 | loss    557541.9 | val MAE  61.73 | test MAE  67.80 |  1760s
ep 174 | loss    563072.2 | val MAE  64.93 | test MAE  73.36 |  1770s
ep 175 | loss    572997.4 | val MAE  69.54 | test MAE  79.80 |  1780s
ep 176 | loss    647277.1 | val MAE  59.84 | test MAE  65.78 |  1790s
ep 177 | loss    583689.3 | val MAE  69.17 | test MAE  76.32 |  1801s
ep 178 | loss    556250.1 | val MAE  64.40 | test MAE  77.70 |  1811s
ep 179 | loss    551538.4 | val MAE  63.96 | test MAE  70.71 |  1821s
ep 180 | loss    543529.7 | val MAE  62.04 | test MAE  71.02 |  1831s
ep 181 | loss    550495.4 | val MAE  65.92 | test MAE  69.58 |  1841s
ep 182 | loss    605409.7 | val MAE  61.07 | test MAE  69.00 |  1851s
ep 183 | loss    563477.8 | val MAE  65.20 | test MAE  76.58 |  1860s
ep 184 | loss    599391.0 | val MAE  62.60 | test MAE  66.35 |  1870s
ep 185 | loss    605859.4 | val MAE  68.83 | test MAE  79.10 |  1879s
ep 186 | loss    576568.6 | val MAE  60.96 | test MAE  67.08 |  1888s
ep 187 | loss    560735.5 | val MAE  62.18 | test MAE  73.41 |  1897s
ep 188 | loss    557448.5 | val MAE  62.11 | test MAE  70.84 |  1906s
ep 189 | loss    573624.5 | val MAE  67.68 | test MAE  73.18 |  1915s
ep 190 | loss    535087.0 | val MAE  58.24 | test MAE  62.79 |  1924s
ep 191 | loss    573691.1 | val MAE  73.83 | test MAE  80.59 |  1933s
ep 192 | loss    558541.6 | val MAE  64.01 | test MAE  70.77 |  1943s
ep 193 | loss    611095.6 | val MAE  66.57 | test MAE  73.74 |  1954s
ep 194 | loss    578580.3 | val MAE  62.72 | test MAE  72.27 |  1964s
ep 195 | loss    518910.8 | val MAE  61.93 | test MAE  67.99 |  1974s
ep 196 | loss    520900.4 | val MAE  66.39 | test MAE  70.71 |  1985s
ep 197 | loss    529718.9 | val MAE  72.89 | test MAE  77.04 |  1994s
ep 198 | loss    562745.9 | val MAE  62.95 | test MAE  69.42 |  2003s
ep 199 | loss    599458.5 | val MAE  67.21 | test MAE  76.53 |  2013s

mejor época por validación: 190 | test MAE 62.79 | 33.6 min
