device mps | variante base | semilla 2 | ventanas 1020/204/342 | parámetros por red 245051
ep   0 | loss  52447308.2 | val MAE 265.28 | test MAE 293.56 |    11s
ep   1 | loss  13743046.1 | val MAE 252.36 | test MAE 278.19 |    21s
ep   2 | loss  12818146.8 | val MAE 268.01 | test MAE 290.21 |    31s
ep   3 | loss  12504988.1 | val MAE 262.85 | test MAE 286.10 |    41s
ep   4 | loss  12178164.4 | val MAE 249.98 | test MAE 276.46 |    51s
ep   5 | loss  12085149.6 | val MAE 260.33 | test MAE 284.11 |    62s
ep   6 | loss  12015834.7 | val MAE 270.25 | test MAE 291.94 |    72s
ep   7 | loss  11814620.6 | val MAE 260.15 | test MAE 283.97 |    82s
ep   8 | loss  11717995.9 | val MAE 260.61 | test MAE 284.33 |    92s
ep   9 | loss  11317995.4 | val MAE 258.50 | test MAE 282.68 |   103s
ep  10 | loss   9978804.9 | val MAE 266.45 | test MAE 288.92 |   113s
ep  11 | loss   8360690.2 | val MAE 261.25 | test MAE 284.80 |   123s
ep  12 | loss   7681503.7 | val MAE 270.27 | test MAE 291.91 |   133s
ep  13 | loss   7465786.9 | val MAE 278.72 | test MAE 298.57 |   144s
ep  14 | loss   6846546.0 | val MAE 311.16 | test MAE 324.86 |   154s
ep  15 | loss   6469897.0 | val MAE 293.45 | test MAE 309.07 |   164s
ep  16 | loss   6253496.0 | val MAE 240.53 | test MAE 261.73 |   175s
ep  17 | loss   5711916.8 | val MAE 217.32 | test MAE 238.15 |   184s
ep  18 | loss   4157213.2 | val MAE 166.09 | test MAE 190.88 |   193s
ep  19 | loss   3413620.7 | val MAE 137.80 | test MAE 157.85 |   202s
ep  20 | loss   2986502.0 | val MAE 133.14 | test MAE 149.11 |   212s
ep  21 | loss   2804853.6 | val MAE 128.74 | test MAE 137.36 |   221s
ep  22 | loss   2673869.6 | val MAE 135.80 | test MAE 140.49 |   230s
ep  23 | loss   2419690.9 | val MAE 128.32 | test MAE 138.09 |   239s
ep  24 | loss   2017533.5 | val MAE 111.04 | test MAE 117.41 |   248s
ep  25 | loss   2053993.3 | val MAE 109.06 | test MAE 117.51 |   257s
ep  26 | loss   1855642.0 | val MAE 119.62 | test MAE 131.11 |   266s
ep  27 | loss   1959750.1 | val MAE  99.48 | test MAE 108.48 |   276s
ep  28 | loss   1779366.7 | val MAE 108.81 | test MAE 123.84 |   286s
ep  29 | loss   1734998.6 | val MAE 134.12 | test MAE 142.72 |   296s
ep  30 | loss   1782136.5 | val MAE 117.22 | test MAE 131.85 |   307s
ep  31 | loss   1620689.4 | val MAE  95.22 | test MAE  99.05 |   316s
ep  32 | loss   1591410.7 | val MAE 118.57 | test MAE 121.63 |   325s
ep  33 | loss   1595072.0 | val MAE  97.30 | test MAE 100.23 |   335s
ep  34 | loss   1448290.1 | val MAE  98.93 | test MAE 114.29 |   344s
ep  35 | loss   1429186.9 | val MAE  88.54 | test MAE 104.11 |   353s
ep  36 | loss   1567719.9 | val MAE  87.25 | test MAE  96.83 |   362s
ep  37 | loss   1359092.4 | val MAE 103.58 | test MAE 110.23 |   371s
ep  38 | loss   1340687.7 | val MAE  95.82 | test MAE 105.73 |   381s
ep  39 | loss   1396829.6 | val MAE  92.30 | test MAE  98.23 |   391s
ep  40 | loss   1330932.7 | val MAE  90.67 | test MAE 100.10 |   401s
ep  41 | loss   1360726.3 | val MAE  88.93 | test MAE  98.92 |   411s
ep  42 | loss   1275095.7 | val MAE  96.38 | test MAE 107.82 |   420s
ep  43 | loss   1293917.2 | val MAE  85.63 | test MAE  89.21 |   429s
ep  44 | loss   1228338.8 | val MAE 102.64 | test MAE 111.45 |   438s
ep  45 | loss   1261699.7 | val MAE 108.68 | test MAE 135.45 |   447s
ep  46 | loss   1239265.4 | val MAE  87.31 | test MAE  95.60 |   456s
ep  47 | loss   1210391.9 | val MAE 109.17 | test MAE 116.51 |   465s
ep  48 | loss   1157374.6 | val MAE  82.69 | test MAE  90.84 |   474s
ep  49 | loss   1162382.1 | val MAE  93.21 | test MAE  98.31 |   484s
ep  50 | loss   1103489.5 | val MAE  89.24 | test MAE 103.27 |   494s
ep  51 | loss   1058372.7 | val MAE  80.97 | test MAE  95.25 |   505s
ep  52 | loss   1063678.4 | val MAE  81.09 | test MAE  83.20 |   514s
ep  53 | loss   1085156.1 | val MAE  89.79 | test MAE  96.18 |   523s
ep  54 | loss   1041522.6 | val MAE  97.96 | test MAE  96.86 |   532s
ep  55 | loss   1059273.1 | val MAE  79.88 | test MAE  82.13 |   541s
ep  56 | loss   1065707.6 | val MAE  94.02 | test MAE 103.11 |   550s
ep  57 | loss   1033309.7 | val MAE  95.22 | test MAE  92.92 |   559s
ep  58 | loss    989691.6 | val MAE  78.80 | test MAE  85.08 |   568s
ep  59 | loss    981747.1 | val MAE  98.38 | test MAE 111.09 |   578s
ep  60 | loss   1072835.1 | val MAE  78.35 | test MAE  84.44 |   589s
ep  61 | loss   1037225.9 | val MAE  80.50 | test MAE  87.41 |   598s
ep  62 | loss    992839.4 | val MAE  84.17 | test MAE  92.23 |   607s
ep  63 | loss    937260.4 | val MAE  96.01 | test MAE  92.96 |   617s
ep  64 | loss    995664.9 | val MAE  86.27 | test MAE  90.29 |   626s
ep  65 | loss   1005278.4 | val MAE  79.64 | test MAE  80.10 |   635s
ep  66 | loss    969307.0 | val MAE  97.50 | test MAE 108.50 |   644s
ep  67 | loss    935831.5 | val MAE  79.22 | test MAE  84.83 |   652s
ep  68 | loss    880533.0 | val MAE  94.87 | test MAE  96.36 |   661s
ep  69 | loss    921620.9 | val MAE  91.31 | test MAE  91.83 |   670s
ep  70 | loss    888069.5 | val MAE  86.18 | test MAE  94.49 |   679s
ep  71 | loss    859378.6 | val MAE 106.54 | test MAE 101.60 |   688s
ep  72 | loss    919997.8 | val MAE 106.22 | test MAE 103.56 |   698s
ep  73 | loss    915687.8 | val MAE  79.41 | test MAE  83.61 |   707s
ep  74 | loss    924648.0 | val MAE  83.35 | test MAE  91.94 |   716s
ep  75 | loss    848319.6 | val MAE  82.15 | test MAE  88.79 |   725s
ep  76 | loss    882600.4 | val MAE  82.41 | test MAE  80.59 |   735s
ep  77 | loss    936307.4 | val MAE  78.72 | test MAE  79.04 |   744s
ep  78 | loss    848775.5 | val MAE  71.08 | test MAE  76.05 |   753s
ep  79 | loss    874306.2 | val MAE  80.68 | test MAE  87.41 |   762s
ep  80 | loss    887083.9 | val MAE  75.51 | test MAE  86.54 |   771s
ep  81 | loss    880157.2 | val MAE  75.59 | test MAE  79.73 |   780s
ep  82 | loss    807973.4 | val MAE  82.20 | test MAE  92.85 |   789s
ep  83 | loss    838819.9 | val MAE  71.28 | test MAE  75.42 |   798s
ep  84 | loss    816505.9 | val MAE  78.16 | test MAE  85.43 |   807s
ep  85 | loss    789634.3 | val MAE  84.61 | test MAE  90.70 |   817s
ep  86 | loss    829134.5 | val MAE  76.87 | test MAE  84.99 |   826s
ep  87 | loss    842800.8 | val MAE  81.95 | test MAE  83.97 |   835s
ep  88 | loss    835567.4 | val MAE  72.92 | test MAE  84.55 |   844s
ep  89 | loss    848783.2 | val MAE  68.24 | test MAE  77.63 |   853s
ep  90 | loss    808693.1 | val MAE  75.28 | test MAE  84.56 |   862s
ep  91 | loss    771403.3 | val MAE  83.67 | test MAE  87.54 |   871s
ep  92 | loss    786153.5 | val MAE  81.14 | test MAE  81.59 |   880s
ep  93 | loss    744467.1 | val MAE  76.59 | test MAE  83.21 |   890s
ep  94 | loss    804325.0 | val MAE  78.92 | test MAE  88.05 |   899s
ep  95 | loss    766870.6 | val MAE  70.45 | test MAE  72.10 |   908s
ep  96 | loss    759530.3 | val MAE  69.49 | test MAE  77.01 |   917s
ep  97 | loss    744440.7 | val MAE  73.09 | test MAE  77.96 |   927s
ep  98 | loss    717044.9 | val MAE  84.40 | test MAE  87.99 |   936s
ep  99 | loss    815305.2 | val MAE  93.34 | test MAE 100.86 |   945s
ep 100 | loss    755642.7 | val MAE  73.90 | test MAE  78.79 |   954s
ep 101 | loss    744266.5 | val MAE  72.35 | test MAE  76.76 |   963s
ep 102 | loss    750133.1 | val MAE  81.08 | test MAE  88.05 |   972s
ep 103 | loss    715838.5 | val MAE  78.04 | test MAE  90.27 |   981s
ep 104 | loss    746908.2 | val MAE  91.80 | test MAE  98.07 |   990s
ep 105 | loss    738896.8 | val MAE  80.25 | test MAE  89.48 |   999s
ep 106 | loss    685566.3 | val MAE  79.61 | test MAE  84.54 |  1009s
ep 107 | loss    708976.5 | val MAE  75.70 | test MAE  80.85 |  1018s
ep 108 | loss    759572.5 | val MAE  76.20 | test MAE  84.88 |  1027s
ep 109 | loss    732881.1 | val MAE  74.91 | test MAE  81.16 |  1036s
ep 110 | loss    747880.1 | val MAE  82.12 | test MAE  83.47 |  1045s
ep 111 | loss    772852.8 | val MAE  75.07 | test MAE  88.42 |  1054s
ep 112 | loss    703589.7 | val MAE  73.93 | test MAE  79.59 |  1063s
ep 113 | loss    695766.4 | val MAE  71.80 | test MAE  73.62 |  1072s
ep 114 | loss    804736.6 | val MAE 101.66 | test MAE 102.54 |  1081s
ep 115 | loss    765918.4 | val MAE  76.73 | test MAE  83.46 |  1090s
ep 116 | loss    704482.2 | val MAE  70.26 | test MAE  76.72 |  1099s
ep 117 | loss    685922.8 | val MAE  72.71 | test MAE  79.20 |  1108s
ep 118 | loss    691994.3 | val MAE  68.38 | test MAE  79.83 |  1117s
ep 119 | loss    668798.0 | val MAE  77.32 | test MAE  83.48 |  1125s
ep 120 | loss    656940.8 | val MAE  73.99 | test MAE  81.50 |  1135s
ep 121 | loss    733956.6 | val MAE  64.85 | test MAE  69.98 |  1144s
ep 122 | loss    655863.6 | val MAE  66.65 | test MAE  73.29 |  1153s
ep 123 | loss    690405.4 | val MAE  65.15 | test MAE  70.23 |  1163s
ep 124 | loss    672647.7 | val MAE  69.91 | test MAE  80.33 |  1173s
ep 125 | loss    646174.6 | val MAE  75.28 | test MAE  82.41 |  1184s
ep 126 | loss    724792.5 | val MAE  81.26 | test MAE  94.06 |  1194s
ep 127 | loss    697609.9 | val MAE  67.76 | test MAE  70.09 |  1204s
ep 128 | loss    762687.6 | val MAE  80.98 | test MAE  86.35 |  1214s
ep 129 | loss    706190.4 | val MAE  74.85 | test MAE  81.83 |  1225s
ep 130 | loss    653178.7 | val MAE  77.61 | test MAE  75.52 |  1235s
ep 131 | loss    663643.8 | val MAE  68.84 | test MAE  80.46 |  1245s
ep 132 | loss    659631.5 | val MAE  73.20 | test MAE  85.04 |  1255s
ep 133 | loss    655999.4 | val MAE  70.72 | test MAE  78.12 |  1265s
ep 134 | loss    703779.3 | val MAE  66.42 | test MAE  74.96 |  1276s
ep 135 | loss    682054.2 | val MAE  72.63 | test MAE  77.48 |  1286s
ep 136 | loss    668831.9 | val MAE  65.04 | test MAE  71.50 |  1296s
ep 137 | loss    641973.3 | val MAE  63.89 | test MAE  69.10 |  1307s
ep 138 | loss    660622.6 | val MAE  70.41 | test MAE  84.55 |  1316s
ep 139 | loss    695816.8 | val MAE  72.05 | test MAE  79.77 |  1325s
ep 140 | loss    638933.4 | val MAE  73.42 | test MAE  81.64 |  1334s
ep 141 | loss    638089.7 | val MAE  69.61 | test MAE  76.56 |  1344s
ep 142 | loss    621588.3 | val MAE  72.99 | test MAE  80.36 |  1353s
ep 143 | loss    665483.7 | val MAE  63.87 | test MAE  64.73 |  1362s
ep 144 | loss    635563.6 | val MAE  68.62 | test MAE  72.09 |  1371s
ep 145 | loss    621492.0 | val MAE  69.42 | test MAE  75.73 |  1381s
ep 146 | loss    629519.3 | val MAE  64.38 | test MAE  69.47 |  1390s
ep 147 | loss    589138.1 | val MAE  68.31 | test MAE  75.45 |  1399s
ep 148 | loss    641847.1 | val MAE  65.13 | test MAE  67.75 |  1409s
ep 149 | loss    718605.9 | val MAE  72.18 | test MAE  76.54 |  1418s
ep 150 | loss    619017.1 | val MAE  68.34 | test MAE  72.56 |  1427s
ep 151 | loss    628496.2 | val MAE  81.35 | test MAE  88.38 |  1437s
ep 152 | loss    666434.9 | val MAE  68.06 | test MAE  71.55 |  1446s
ep 153 | loss    613074.5 | val MAE  67.38 | test MAE  76.48 |  1455s
ep 154 | loss    581305.1 | val MAE  62.72 | test MAE  72.53 |  1465s
ep 155 | loss    633951.6 | val MAE  66.52 | test MAE  71.76 |  1473s
ep 156 | loss    607876.7 | val MAE  84.38 | test MAE  88.87 |  1482s
ep 157 | loss    669133.2 | val MAE  68.63 | test MAE  75.70 |  1492s
ep 158 | loss    590226.9 | val MAE  69.89 | test MAE  77.36 |  1501s
ep 159 | loss    610515.6 | val MAE  64.60 | test MAE  71.41 |  1510s
ep 160 | loss    592254.2 | val MAE  64.10 | test MAE  72.63 |  1519s
ep 161 | loss    593267.7 | val MAE  69.09 | test MAE  74.39 |  1529s
ep 162 | loss    593622.2 | val MAE  76.33 | test MAE  84.92 |  1538s
ep 163 | loss    613375.8 | val MAE  66.74 | test MAE  72.27 |  1547s
ep 164 | loss    621991.4 | val MAE  65.10 | test MAE  69.39 |  1556s
ep 165 | loss    626457.5 | val MAE  63.12 | test MAE  69.49 |  1566s
ep 166 | loss    579227.8 | val MAE  64.77 | test MAE  74.75 |  1575s
ep 167 | loss    637410.0 | val MAE  63.26 | test MAE  69.86 |  1584s
ep 168 | loss    634274.1 | val MAE  62.28 | test MAE  66.22 |  1594s
ep 169 | loss    557480.4 | val MAE  65.56 | test MAE  71.50 |  1603s
ep 170 | loss    567444.0 | val MAE  66.95 | test MAE  73.32 |  1612s
ep 171 | loss    563457.7 | val MAE  68.02 | test MAE  77.07 |  1621s
ep 172 | loss    572340.3 | val MAE  67.32 | test MAE  75.06 |  1630s
ep 173 | loss    546255.6 | val MAE  68.78 | test MAE  66.45 |  1639s
ep 174 | loss    672785.1 | val MAE  72.49 | test MAE  73.12 |  1648s
ep 175 | loss    644051.1 | val MAE  69.93 | test MAE  74.94 |  1657s
ep 176 | loss    601048.8 | val MAE  71.09 | test MAE  70.44 |  1666s
ep 177 | loss    590990.2 | val MAE  60.52 | test MAE  65.12 |  1676s
ep 178 | loss    563347.5 | val MAE  70.61 | test MAE  76.29 |  1685s
ep 179 | loss    629574.2 | val MAE  61.04 | test MAE  70.47 |  1694s
ep 180 | loss    538186.8 | val MAE  64.66 | test MAE  73.01 |  1702s
ep 181 | loss    546532.3 | val MAE  69.11 | test MAE  73.85 |  1711s
ep 182 | loss    589291.4 | val MAE  63.87 | test MAE  64.45 |  1721s
ep 183 | loss    599508.6 | val MAE  63.22 | test MAE  75.88 |  1730s
ep 184 | loss    586502.6 | val MAE  59.53 | test MAE  67.80 |  1739s
ep 185 | loss    570532.1 | val MAE  62.96 | test MAE  67.58 |  1748s
ep 186 | loss    540122.5 | val MAE  72.92 | test MAE  73.95 |  1758s
ep 187 | loss    549375.0 | val MAE  60.72 | test MAE  72.60 |  1768s
ep 188 | loss    510868.5 | val MAE  68.98 | test MAE  79.10 |  1778s
ep 189 | loss    539238.7 | val MAE  68.10 | test MAE  74.83 |  1788s
ep 190 | loss    540438.9 | val MAE  64.53 | test MAE  67.86 |  1799s
ep 191 | loss    521947.8 | val MAE  60.37 | test MAE  65.31 |  1809s
ep 192 | loss    521546.3 | val MAE  58.07 | test MAE  63.62 |  1819s
ep 193 | loss    550206.1 | val MAE  66.72 | test MAE  72.15 |  1828s
ep 194 | loss    554041.4 | val MAE  59.54 | test MAE  64.31 |  1838s
ep 195 | loss    536584.5 | val MAE  58.85 | test MAE  66.75 |  1847s
ep 196 | loss    543634.9 | val MAE  70.06 | test MAE  76.94 |  1856s
ep 197 | loss    587153.5 | val MAE  86.27 | test MAE  74.72 |  1865s
ep 198 | loss    627190.7 | val MAE  76.74 | test MAE  83.61 |  1874s
ep 199 | loss    594623.9 | val MAE  68.68 | test MAE  75.41 |  1883s

mejor época por validación: 192 | test MAE 63.62 | 31.4 min
