device mps | variante ref | semilla 1 | ventanas 1020/204/342 | parámetros por red 245115
ep   0 | loss  90850828.1 | val MAE 181.49 | test MAE 163.50 |    11s
ep   1 | loss   4879820.4 | val MAE  89.02 | test MAE  72.34 |    21s
ep   2 | loss   2489608.3 | val MAE  66.92 | test MAE  52.10 |    32s
ep   3 | loss   2051005.0 | val MAE  90.76 | test MAE  74.12 |    41s
ep   4 | loss   1853695.9 | val MAE  76.38 | test MAE  60.42 |    51s
ep   5 | loss   1747456.0 | val MAE  60.94 | test MAE  46.17 |    60s
ep   6 | loss   1685724.3 | val MAE  61.75 | test MAE  46.93 |    70s
ep   7 | loss   1622851.2 | val MAE  62.38 | test MAE  47.48 |    80s
ep   8 | loss   1578280.7 | val MAE  59.64 | test MAE  45.31 |    91s
ep   9 | loss   1560676.7 | val MAE  66.06 | test MAE  51.06 |   100s
ep  10 | loss   1530703.6 | val MAE  74.26 | test MAE  58.80 |   110s
ep  11 | loss   1503402.0 | val MAE  67.46 | test MAE  52.07 |   120s
ep  12 | loss   1498861.4 | val MAE  72.91 | test MAE  57.61 |   131s
ep  13 | loss   1476148.3 | val MAE  59.36 | test MAE  44.77 |   141s
ep  14 | loss   1464656.9 | val MAE  83.00 | test MAE  67.28 |   150s
ep  15 | loss   1454045.0 | val MAE  57.36 | test MAE  43.43 |   160s
ep  16 | loss   1468346.6 | val MAE  74.14 | test MAE  58.61 |   169s
ep  17 | loss   1433602.4 | val MAE  57.52 | test MAE  46.34 |   178s
ep  18 | loss   1434261.7 | val MAE  56.55 | test MAE  42.89 |   186s
ep  19 | loss   1413567.6 | val MAE  56.35 | test MAE  43.19 |   195s
ep  20 | loss   1425766.4 | val MAE  60.33 | test MAE  45.88 |   206s
ep  21 | loss   1417592.3 | val MAE  68.63 | test MAE  53.36 |   216s
ep  22 | loss   1421901.5 | val MAE  55.92 | test MAE  42.98 |   226s
ep  23 | loss   1417118.8 | val MAE  55.75 | test MAE  43.10 |   236s
ep  24 | loss   1399255.4 | val MAE  68.29 | test MAE  53.31 |   246s
ep  25 | loss   1412175.8 | val MAE  58.71 | test MAE  44.87 |   256s
ep  26 | loss   1393580.2 | val MAE  56.08 | test MAE  42.78 |   266s
ep  27 | loss   1401095.0 | val MAE  56.31 | test MAE  43.84 |   276s
ep  28 | loss   1404144.4 | val MAE  56.41 | test MAE  43.68 |   287s
ep  29 | loss   1388038.2 | val MAE  58.05 | test MAE  43.57 |   296s
ep  30 | loss   1392316.8 | val MAE  60.09 | test MAE  45.52 |   306s
ep  31 | loss   1381820.0 | val MAE  60.89 | test MAE  45.85 |   316s
ep  32 | loss   1387768.3 | val MAE  58.58 | test MAE  44.54 |   327s
ep  33 | loss   1382443.1 | val MAE  56.53 | test MAE  43.02 |   337s
ep  34 | loss   1386402.3 | val MAE  55.68 | test MAE  43.52 |   347s
ep  35 | loss   1394188.0 | val MAE  56.11 | test MAE  43.18 |   357s
ep  36 | loss   1381552.3 | val MAE  58.61 | test MAE  44.98 |   366s
ep  37 | loss   1380735.3 | val MAE  56.47 | test MAE  44.73 |   376s
ep  38 | loss   1383480.1 | val MAE  70.29 | test MAE  54.95 |   386s
ep  39 | loss   1380045.8 | val MAE  61.64 | test MAE  46.73 |   396s
ep  40 | loss   1371603.6 | val MAE  66.63 | test MAE  51.26 |   406s
ep  41 | loss   1371150.1 | val MAE  56.94 | test MAE  43.36 |   417s
ep  42 | loss   1371177.1 | val MAE  57.33 | test MAE  43.21 |   427s
ep  43 | loss   1378766.3 | val MAE  61.63 | test MAE  47.37 |   437s
ep  44 | loss   1378533.0 | val MAE  55.64 | test MAE  43.58 |   446s
ep  45 | loss   1384681.2 | val MAE  58.95 | test MAE  44.61 |   456s
ep  46 | loss   1386446.0 | val MAE  56.10 | test MAE  42.65 |   467s
ep  47 | loss   1393170.1 | val MAE  74.99 | test MAE  59.49 |   476s
ep  48 | loss   1376334.2 | val MAE  55.84 | test MAE  42.66 |   486s
ep  49 | loss   1364617.5 | val MAE  64.08 | test MAE  48.82 |   497s
ep  50 | loss   1367857.3 | val MAE  60.37 | test MAE  45.55 |   507s
ep  51 | loss   1365601.6 | val MAE  70.11 | test MAE  54.62 |   517s
ep  52 | loss   1389368.5 | val MAE  62.93 | test MAE  48.05 |   527s
ep  53 | loss   1370575.6 | val MAE  57.48 | test MAE  46.29 |   537s
ep  54 | loss   1364453.3 | val MAE  56.37 | test MAE  42.74 |   547s
ep  55 | loss   1369621.2 | val MAE  61.90 | test MAE  46.84 |   558s
ep  56 | loss   1369386.0 | val MAE  60.59 | test MAE  45.70 |   568s
ep  57 | loss   1377912.7 | val MAE  56.73 | test MAE  44.43 |   578s
ep  58 | loss   1368373.7 | val MAE  56.63 | test MAE  43.03 |   588s
ep  59 | loss   1368272.9 | val MAE  60.39 | test MAE  46.14 |   599s
ep  60 | loss   1367668.1 | val MAE  56.26 | test MAE  42.64 |   609s
ep  61 | loss   1371627.8 | val MAE  57.78 | test MAE  44.01 |   619s
ep  62 | loss   1367036.2 | val MAE  56.67 | test MAE  42.80 |   630s
ep  63 | loss   1364001.0 | val MAE  57.44 | test MAE  43.21 |   640s
ep  64 | loss   1377272.9 | val MAE  56.07 | test MAE  43.03 |   650s
ep  65 | loss   1369086.8 | val MAE  56.46 | test MAE  42.96 |   660s
ep  66 | loss   1379173.4 | val MAE  59.34 | test MAE  44.62 |   671s
ep  67 | loss   1365392.1 | val MAE  56.69 | test MAE  43.04 |   681s
ep  68 | loss   1371626.1 | val MAE  55.55 | test MAE  43.33 |   691s
ep  69 | loss   1372826.6 | val MAE  55.78 | test MAE  43.59 |   700s
ep  70 | loss   1360344.2 | val MAE  56.91 | test MAE  44.52 |   710s
ep  71 | loss   1368249.8 | val MAE  56.59 | test MAE  45.17 |   720s
ep  72 | loss   1368698.1 | val MAE  61.14 | test MAE  45.95 |   730s
ep  73 | loss   1371580.4 | val MAE  59.49 | test MAE  44.55 |   741s
ep  74 | loss   1372792.6 | val MAE  62.97 | test MAE  47.65 |   751s
ep  75 | loss   1357112.9 | val MAE  56.65 | test MAE  42.87 |   761s
ep  76 | loss   1359605.3 | val MAE  56.45 | test MAE  42.85 |   771s
ep  77 | loss   1363542.2 | val MAE  58.80 | test MAE  44.13 |   782s
ep  78 | loss   1357404.3 | val MAE  59.09 | test MAE  44.24 |   792s
ep  79 | loss   1357929.7 | val MAE  55.61 | test MAE  42.97 |   801s
ep  80 | loss   1362288.4 | val MAE  59.07 | test MAE  44.30 |   812s
ep  81 | loss   1363305.8 | val MAE  58.25 | test MAE  43.84 |   822s
ep  82 | loss   1365939.1 | val MAE  56.85 | test MAE  42.93 |   832s
ep  83 | loss   1362774.5 | val MAE  60.65 | test MAE  45.46 |   843s
ep  84 | loss   1372551.3 | val MAE  55.45 | test MAE  43.57 |   852s
ep  85 | loss   1373661.6 | val MAE  56.91 | test MAE  42.85 |   862s
ep  86 | loss   1367835.1 | val MAE  62.14 | test MAE  46.67 |   871s
ep  87 | loss   1357633.2 | val MAE  57.91 | test MAE  43.42 |   881s
ep  88 | loss   1364236.1 | val MAE  55.53 | test MAE  43.88 |   890s
ep  89 | loss   1359370.0 | val MAE  55.48 | test MAE  43.02 |   899s
ep  90 | loss   1369937.1 | val MAE  66.84 | test MAE  50.85 |   908s
ep  91 | loss   1352173.6 | val MAE  57.20 | test MAE  43.05 |   918s
ep  92 | loss   1357707.4 | val MAE  56.98 | test MAE  42.91 |   927s
ep  93 | loss   1359162.4 | val MAE  55.71 | test MAE  42.68 |   936s
ep  94 | loss   1365591.1 | val MAE  61.46 | test MAE  54.49 |   945s
ep  95 | loss   1364499.9 | val MAE  58.43 | test MAE  43.81 |   955s
ep  96 | loss   1345249.6 | val MAE  56.58 | test MAE  43.17 |   964s
ep  97 | loss   1342585.1 | val MAE  58.24 | test MAE  43.64 |   973s
ep  98 | loss   1350129.6 | val MAE  56.96 | test MAE  42.81 |   982s
ep  99 | loss   1276984.7 | val MAE  65.24 | test MAE  49.38 |   991s
ep 100 | loss   1362007.9 | val MAE  55.97 | test MAE  42.55 |  1000s
ep 101 | loss   1379053.6 | val MAE  60.19 | test MAE  45.06 |  1009s
ep 102 | loss   1359238.2 | val MAE  55.87 | test MAE  42.56 |  1018s
ep 103 | loss   1357686.0 | val MAE  57.48 | test MAE  43.15 |  1027s
ep 104 | loss   1373201.4 | val MAE  60.27 | test MAE  45.13 |  1036s
ep 105 | loss   1364213.4 | val MAE  60.64 | test MAE  45.42 |  1045s
ep 106 | loss   1356984.8 | val MAE  58.98 | test MAE  44.15 |  1054s
ep 107 | loss   1360279.1 | val MAE  55.58 | test MAE  42.67 |  1065s
ep 108 | loss   1351591.2 | val MAE  62.23 | test MAE  46.74 |  1075s
ep 109 | loss   1357242.7 | val MAE  56.69 | test MAE  42.77 |  1084s
ep 110 | loss   1360479.4 | val MAE  55.97 | test MAE  42.56 |  1094s
ep 111 | loss   1368996.0 | val MAE  55.43 | test MAE  42.99 |  1103s
ep 112 | loss   1359937.0 | val MAE  57.11 | test MAE  43.04 |  1112s
ep 113 | loss   1350245.2 | val MAE  56.30 | test MAE  45.52 |  1121s
ep 114 | loss   1351807.2 | val MAE  57.70 | test MAE  47.99 |  1130s
ep 115 | loss   1346851.5 | val MAE  61.21 | test MAE  45.88 |  1139s
ep 116 | loss   1364590.1 | val MAE  61.35 | test MAE  45.99 |  1149s
ep 117 | loss   1358071.0 | val MAE  55.85 | test MAE  42.56 |  1160s
ep 118 | loss   1350169.2 | val MAE  55.42 | test MAE  43.22 |  1170s
ep 119 | loss   1351212.5 | val MAE  62.08 | test MAE  46.59 |  1179s
ep 120 | loss   1357149.4 | val MAE  63.81 | test MAE  48.08 |  1188s
ep 121 | loss   1364295.2 | val MAE  55.41 | test MAE  43.39 |  1198s
ep 122 | loss   1358090.5 | val MAE  58.28 | test MAE  43.66 |  1207s
ep 123 | loss   1356614.2 | val MAE  55.93 | test MAE  42.56 |  1216s
ep 124 | loss   1354784.7 | val MAE  55.75 | test MAE  42.60 |  1225s
ep 125 | loss   1364094.7 | val MAE  61.41 | test MAE  46.03 |  1233s
ep 126 | loss   1367763.6 | val MAE  55.49 | test MAE  43.70 |  1242s
ep 127 | loss   1356041.8 | val MAE  61.44 | test MAE  46.06 |  1251s
ep 128 | loss   1352345.0 | val MAE  61.56 | test MAE  46.15 |  1261s
ep 129 | loss   1349494.1 | val MAE  59.12 | test MAE  44.25 |  1270s
ep 130 | loss   1349322.9 | val MAE  56.21 | test MAE  42.59 |  1279s
ep 131 | loss   1331246.3 | val MAE  67.04 | test MAE  50.38 |  1288s
ep 132 | loss   1339102.9 | val MAE  57.32 | test MAE  43.06 |  1298s
ep 133 | loss   1360828.0 | val MAE  60.23 | test MAE  45.09 |  1307s
ep 134 | loss   1362895.4 | val MAE  55.48 | test MAE  42.80 |  1316s
ep 135 | loss   1371111.6 | val MAE  68.69 | test MAE  52.49 |  1326s
ep 136 | loss   1353182.2 | val MAE  55.80 | test MAE  44.77 |  1335s
ep 137 | loss   1357504.3 | val MAE  56.29 | test MAE  42.61 |  1344s
ep 138 | loss   1359790.1 | val MAE  58.23 | test MAE  43.63 |  1353s
ep 139 | loss   1373370.5 | val MAE  64.26 | test MAE  48.47 |  1363s
ep 140 | loss   1376646.5 | val MAE  56.53 | test MAE  46.40 |  1372s
ep 141 | loss   1356094.1 | val MAE  58.07 | test MAE  43.52 |  1381s
ep 142 | loss   1363708.2 | val MAE  55.42 | test MAE  42.98 |  1390s
ep 143 | loss   1366751.0 | val MAE  56.28 | test MAE  42.61 |  1399s
ep 144 | loss   1368794.2 | val MAE  57.16 | test MAE  42.98 |  1408s
ep 145 | loss   1357851.2 | val MAE  57.96 | test MAE  43.45 |  1417s
ep 146 | loss   1368556.8 | val MAE  56.85 | test MAE  42.82 |  1426s
ep 147 | loss   1359360.9 | val MAE  63.41 | test MAE  47.74 |  1435s
ep 148 | loss   1360203.7 | val MAE  55.41 | test MAE  43.06 |  1444s
ep 149 | loss   1359790.5 | val MAE  63.32 | test MAE  47.66 |  1454s
ep 150 | loss   1356737.4 | val MAE  62.86 | test MAE  47.26 |  1464s
ep 151 | loss   1397043.9 | val MAE  55.94 | test MAE  42.56 |  1474s
ep 152 | loss   1355086.2 | val MAE  65.58 | test MAE  49.65 |  1484s
ep 153 | loss   1356699.3 | val MAE  55.40 | test MAE  43.23 |  1494s
ep 154 | loss   1352231.9 | val MAE  55.45 | test MAE  42.84 |  1504s
ep 155 | loss   1352376.6 | val MAE  57.27 | test MAE  43.04 |  1513s
ep 156 | loss   1356934.9 | val MAE  55.70 | test MAE  44.50 |  1522s
ep 157 | loss   1361305.2 | val MAE  56.20 | test MAE  42.59 |  1531s
ep 158 | loss   1361518.9 | val MAE  55.72 | test MAE  44.58 |  1541s
ep 159 | loss   1358123.7 | val MAE  56.79 | test MAE  46.91 |  1550s
ep 160 | loss   1369761.4 | val MAE  55.87 | test MAE  42.56 |  1559s
ep 161 | loss   1354944.2 | val MAE  63.58 | test MAE  47.88 |  1568s
ep 162 | loss   1364587.8 | val MAE  55.42 | test MAE  42.94 |  1577s
ep 163 | loss   1361786.7 | val MAE  56.15 | test MAE  42.58 |  1586s
ep 164 | loss   1354602.9 | val MAE  57.11 | test MAE  47.52 |  1595s
ep 165 | loss   1354183.0 | val MAE  55.72 | test MAE  42.59 |  1604s
ep 166 | loss   1358199.9 | val MAE  56.12 | test MAE  42.57 |  1613s
ep 167 | loss   1361630.2 | val MAE  55.61 | test MAE  42.64 |  1622s
ep 168 | loss   1361339.6 | val MAE  56.44 | test MAE  42.66 |  1631s
ep 169 | loss   1357661.8 | val MAE  55.49 | test MAE  43.85 |  1640s
ep 170 | loss   1364510.5 | val MAE  55.42 | test MAE  43.48 |  1649s
ep 171 | loss   1355357.2 | val MAE  58.13 | test MAE  43.56 |  1658s
ep 172 | loss   1352092.0 | val MAE  56.58 | test MAE  42.71 |  1667s
ep 173 | loss   1358436.5 | val MAE  57.01 | test MAE  47.34 |  1677s
ep 174 | loss   1367228.5 | val MAE  56.98 | test MAE  42.88 |  1686s
ep 175 | loss   1364324.6 | val MAE  55.51 | test MAE  42.73 |  1695s
ep 176 | loss   1350888.7 | val MAE  59.79 | test MAE  44.75 |  1704s
ep 177 | loss   1360537.9 | val MAE  57.37 | test MAE  43.09 |  1714s
ep 178 | loss   1355224.2 | val MAE  56.84 | test MAE  47.02 |  1723s
ep 179 | loss   1355680.1 | val MAE  55.52 | test MAE  42.72 |  1733s
ep 180 | loss   1359171.9 | val MAE  62.49 | test MAE  46.94 |  1742s
ep 181 | loss   1356367.2 | val MAE  59.12 | test MAE  44.25 |  1752s
ep 182 | loss   1350805.3 | val MAE  55.49 | test MAE  42.76 |  1761s
ep 183 | loss   1353662.3 | val MAE  55.80 | test MAE  42.57 |  1770s
ep 184 | loss   1364431.9 | val MAE  55.94 | test MAE  42.56 |  1779s
ep 185 | loss   1364085.4 | val MAE  55.70 | test MAE  42.59 |  1789s
ep 186 | loss   1360889.5 | val MAE  56.70 | test MAE  42.76 |  1798s
ep 187 | loss   1351020.0 | val MAE  55.65 | test MAE  42.61 |  1807s
ep 188 | loss   1353928.2 | val MAE  55.74 | test MAE  42.58 |  1816s
ep 189 | loss   1366145.6 | val MAE  56.38 | test MAE  46.11 |  1825s
ep 190 | loss   1372677.4 | val MAE  56.57 | test MAE  42.70 |  1834s
ep 191 | loss   1367273.1 | val MAE  55.40 | test MAE  43.16 |  1844s
ep 192 | loss   1351045.0 | val MAE  57.50 | test MAE  43.17 |  1853s
ep 193 | loss   1360158.7 | val MAE  60.60 | test MAE  45.38 |  1862s
ep 194 | loss   1361993.7 | val MAE  58.91 | test MAE  44.10 |  1871s
ep 195 | loss   1366377.2 | val MAE  58.29 | test MAE  43.67 |  1881s
ep 196 | loss   1366724.0 | val MAE  55.82 | test MAE  42.56 |  1891s
ep 197 | loss   1354679.3 | val MAE  56.59 | test MAE  42.71 |  1901s
ep 198 | loss   1350748.8 | val MAE  56.53 | test MAE  42.69 |  1910s
ep 199 | loss   1351855.9 | val MAE  55.41 | test MAE  43.41 |  1921s

mejor época por validación: 191 | test MAE 43.16 | 32.0 min
