device mps | variante ref | semilla 2 | ventanas 1020/204/342 | parámetros por red 245115
ep   0 | loss  68666898.3 | val MAE 175.44 | test MAE 182.66 |    11s
ep   1 | loss   4204771.7 | val MAE  79.57 | test MAE  75.88 |    21s
ep   2 | loss   2690614.1 | val MAE  84.73 | test MAE  80.94 |    31s
ep   3 | loss   2158740.2 | val MAE  73.84 | test MAE  68.45 |    41s
ep   4 | loss   1900528.4 | val MAE  69.51 | test MAE  64.65 |    51s
ep   5 | loss   1733611.4 | val MAE  64.37 | test MAE  58.08 |    62s
ep   6 | loss   1639805.0 | val MAE  57.28 | test MAE  45.70 |    72s
ep   7 | loss   1572227.5 | val MAE  57.29 | test MAE  47.06 |    82s
ep   8 | loss   1521496.8 | val MAE  56.65 | test MAE  44.07 |    92s
ep   9 | loss   1492420.4 | val MAE  55.99 | test MAE  43.80 |   103s
ep  10 | loss   1493766.5 | val MAE  56.69 | test MAE  42.82 |   113s
ep  11 | loss   1451889.7 | val MAE  56.13 | test MAE  43.33 |   123s
ep  12 | loss   1438867.8 | val MAE  56.67 | test MAE  46.18 |   133s
ep  13 | loss   1422074.8 | val MAE  58.06 | test MAE  45.83 |   144s
ep  14 | loss   1404148.5 | val MAE  57.59 | test MAE  43.39 |   154s
ep  15 | loss   1406484.7 | val MAE  60.80 | test MAE  51.93 |   164s
ep  16 | loss   1399174.5 | val MAE  56.54 | test MAE  43.16 |   175s
ep  17 | loss   1400760.4 | val MAE  55.80 | test MAE  43.39 |   184s
ep  18 | loss   1399918.2 | val MAE  56.11 | test MAE  43.28 |   193s
ep  19 | loss   1367292.1 | val MAE  60.02 | test MAE  44.94 |   202s
ep  20 | loss   1376135.9 | val MAE  56.66 | test MAE  42.76 |   211s
ep  21 | loss   1365557.9 | val MAE  55.52 | test MAE  43.47 |   221s
ep  22 | loss   1362368.3 | val MAE  56.41 | test MAE  42.75 |   230s
ep  23 | loss   1365831.1 | val MAE  57.05 | test MAE  42.92 |   239s
ep  24 | loss   1359531.8 | val MAE  55.61 | test MAE  42.65 |   248s
ep  25 | loss   1360400.5 | val MAE  58.58 | test MAE  43.88 |   257s
ep  26 | loss   1357320.3 | val MAE  56.65 | test MAE  42.74 |   266s
ep  27 | loss   1362533.0 | val MAE  55.78 | test MAE  42.57 |   276s
ep  28 | loss   1369550.7 | val MAE  56.20 | test MAE  42.60 |   286s
ep  29 | loss   1352445.4 | val MAE  55.47 | test MAE  43.11 |   296s
ep  30 | loss   1363237.4 | val MAE  57.07 | test MAE  42.93 |   306s
ep  31 | loss   1356676.6 | val MAE  56.55 | test MAE  42.70 |   316s
ep  32 | loss   1357027.0 | val MAE  58.24 | test MAE  43.64 |   325s
ep  33 | loss   1364917.5 | val MAE  56.32 | test MAE  42.62 |   334s
ep  34 | loss   1357195.8 | val MAE  57.72 | test MAE  43.30 |   344s
ep  35 | loss   1362403.9 | val MAE  58.88 | test MAE  44.08 |   353s
ep  36 | loss   1362205.7 | val MAE  57.71 | test MAE  43.30 |   362s
ep  37 | loss   1359332.8 | val MAE  59.20 | test MAE  44.32 |   371s
ep  38 | loss   1354460.8 | val MAE  56.72 | test MAE  42.76 |   380s
ep  39 | loss   1364076.8 | val MAE  55.42 | test MAE  43.45 |   391s
ep  40 | loss   1364109.8 | val MAE  56.26 | test MAE  42.60 |   401s
ep  41 | loss   1351543.7 | val MAE  55.42 | test MAE  43.48 |   410s
ep  42 | loss   1354131.8 | val MAE  57.48 | test MAE  43.15 |   419s
ep  43 | loss   1354589.2 | val MAE  56.31 | test MAE  42.62 |   429s
ep  44 | loss   1373127.0 | val MAE  55.73 | test MAE  42.58 |   438s
ep  45 | loss   1349806.9 | val MAE  55.48 | test MAE  43.77 |   446s
ep  46 | loss   1353536.8 | val MAE  61.15 | test MAE  45.83 |   455s
ep  47 | loss   1352775.9 | val MAE  56.32 | test MAE  42.62 |   464s
ep  48 | loss   1367116.6 | val MAE  55.84 | test MAE  42.56 |   473s
ep  49 | loss   1361885.2 | val MAE  61.24 | test MAE  45.90 |   484s
ep  50 | loss   1363015.0 | val MAE  65.00 | test MAE  49.13 |   494s
ep  51 | loss   1368142.7 | val MAE  56.03 | test MAE  42.56 |   504s
ep  52 | loss   1363309.0 | val MAE  55.47 | test MAE  42.79 |   513s
ep  53 | loss   1362136.1 | val MAE  66.06 | test MAE  50.08 |   522s
ep  54 | loss   1356289.8 | val MAE  61.53 | test MAE  46.14 |   531s
ep  55 | loss   1366459.7 | val MAE  55.40 | test MAE  43.21 |   540s
ep  56 | loss   1371691.5 | val MAE  57.15 | test MAE  42.97 |   549s
ep  57 | loss   1367914.2 | val MAE  56.82 | test MAE  42.81 |   558s
ep  58 | loss   1350496.7 | val MAE  57.74 | test MAE  43.31 |   567s
ep  59 | loss   1371356.0 | val MAE  55.40 | test MAE  43.25 |   578s
ep  60 | loss   1361251.5 | val MAE  55.40 | test MAE  43.11 |   588s
ep  61 | loss   1356006.2 | val MAE  57.58 | test MAE  43.22 |   597s
ep  62 | loss   1351664.3 | val MAE  57.89 | test MAE  43.41 |   607s
ep  63 | loss   1359376.5 | val MAE  55.72 | test MAE  42.58 |   616s
ep  64 | loss   1353657.5 | val MAE  55.76 | test MAE  42.57 |   625s
ep  65 | loss   1360428.1 | val MAE  59.02 | test MAE  44.18 |   634s
ep  66 | loss   1350886.2 | val MAE  58.28 | test MAE  43.67 |   643s
ep  67 | loss   1357249.3 | val MAE  56.00 | test MAE  42.56 |   652s
ep  68 | loss   1355753.5 | val MAE  65.38 | test MAE  49.47 |   661s
ep  69 | loss   1355373.7 | val MAE  55.63 | test MAE  42.62 |   670s
ep  70 | loss   1360670.1 | val MAE  65.14 | test MAE  49.25 |   678s
ep  71 | loss   1359549.9 | val MAE  58.36 | test MAE  43.72 |   688s
ep  72 | loss   1370628.4 | val MAE  58.88 | test MAE  44.08 |   697s
ep  73 | loss   1361818.2 | val MAE  55.42 | test MAE  42.97 |   706s
ep  74 | loss   1359220.1 | val MAE  55.40 | test MAE  43.13 |   715s
ep  75 | loss   1351050.4 | val MAE  57.39 | test MAE  43.10 |   725s
ep  76 | loss   1359394.3 | val MAE  55.41 | test MAE  43.43 |   734s
ep  77 | loss   1374716.5 | val MAE  58.93 | test MAE  44.12 |   743s
ep  78 | loss   1362649.2 | val MAE  56.48 | test MAE  42.67 |   752s
ep  79 | loss   1368916.6 | val MAE  59.32 | test MAE  44.40 |   761s
ep  80 | loss   1366975.6 | val MAE  56.24 | test MAE  42.60 |   770s
ep  81 | loss   1355437.9 | val MAE  65.86 | test MAE  49.90 |   779s
ep  82 | loss   1353108.0 | val MAE  55.62 | test MAE  42.63 |   788s
ep  83 | loss   1353796.0 | val MAE  59.39 | test MAE  44.45 |   798s
ep  84 | loss   1359477.2 | val MAE  55.44 | test MAE  42.87 |   807s
ep  85 | loss   1362721.9 | val MAE  55.80 | test MAE  42.57 |   816s
ep  86 | loss   1357585.4 | val MAE  56.75 | test MAE  46.85 |   825s
ep  87 | loss   1366474.8 | val MAE  56.17 | test MAE  45.67 |   834s
ep  88 | loss   1369553.5 | val MAE  55.42 | test MAE  43.47 |   844s
ep  89 | loss   1367951.6 | val MAE  59.40 | test MAE  44.46 |   853s
ep  90 | loss   1349658.5 | val MAE  55.63 | test MAE  42.63 |   862s
ep  91 | loss   1363384.6 | val MAE  55.88 | test MAE  44.98 |   871s
ep  92 | loss   1374203.5 | val MAE  59.37 | test MAE  44.44 |   880s
ep  93 | loss   1357776.7 | val MAE  56.76 | test MAE  42.78 |   889s
ep  94 | loss   1364939.2 | val MAE  56.62 | test MAE  42.72 |   898s
ep  95 | loss   1354238.5 | val MAE  61.39 | test MAE  46.03 |   907s
ep  96 | loss   1365298.7 | val MAE  55.65 | test MAE  44.37 |   917s
ep  97 | loss   1360578.9 | val MAE  57.37 | test MAE  43.09 |   926s
ep  98 | loss   1349941.9 | val MAE  57.12 | test MAE  42.96 |   935s
ep  99 | loss   1361743.3 | val MAE  55.46 | test MAE  43.72 |   944s
ep 100 | loss   1373679.6 | val MAE  56.53 | test MAE  42.69 |   953s
ep 101 | loss   1362017.2 | val MAE  58.66 | test MAE  43.93 |   962s
ep 102 | loss   1362320.7 | val MAE  57.93 | test MAE  43.44 |   971s
ep 103 | loss   1360145.0 | val MAE  55.75 | test MAE  44.65 |   980s
ep 104 | loss   1356145.1 | val MAE  55.55 | test MAE  42.68 |   990s
ep 105 | loss   1351104.9 | val MAE  56.20 | test MAE  42.59 |   999s
ep 106 | loss   1361607.6 | val MAE  61.77 | test MAE  46.34 |  1008s
ep 107 | loss   1371099.6 | val MAE  56.82 | test MAE  42.81 |  1017s
ep 108 | loss   1364477.6 | val MAE  55.93 | test MAE  42.56 |  1026s
ep 109 | loss   1375071.4 | val MAE  56.48 | test MAE  42.67 |  1035s
ep 110 | loss   1351029.6 | val MAE  56.02 | test MAE  45.32 |  1044s
ep 111 | loss   1351223.3 | val MAE  57.28 | test MAE  43.04 |  1053s
ep 112 | loss   1353584.0 | val MAE  55.48 | test MAE  43.81 |  1062s
ep 113 | loss   1363603.0 | val MAE  59.01 | test MAE  44.17 |  1071s
ep 114 | loss   1358814.2 | val MAE  60.51 | test MAE  45.31 |  1080s
ep 115 | loss   1369208.6 | val MAE  67.56 | test MAE  51.45 |  1089s
ep 116 | loss   1371162.2 | val MAE  55.46 | test MAE  42.84 |  1098s
ep 117 | loss   1353422.8 | val MAE  55.75 | test MAE  42.57 |  1107s
ep 118 | loss   1363917.3 | val MAE  57.65 | test MAE  43.26 |  1116s
ep 119 | loss   1359062.2 | val MAE  55.63 | test MAE  42.62 |  1125s
ep 120 | loss   1360630.5 | val MAE  56.45 | test MAE  42.66 |  1134s
ep 121 | loss   1365490.1 | val MAE  58.37 | test MAE  43.72 |  1143s
ep 122 | loss   1352507.2 | val MAE  55.47 | test MAE  42.80 |  1152s
ep 123 | loss   1363064.6 | val MAE  63.58 | test MAE  47.88 |  1162s
ep 124 | loss   1357092.7 | val MAE  56.47 | test MAE  46.28 |  1172s
ep 125 | loss   1364603.8 | val MAE  57.97 | test MAE  43.46 |  1183s
ep 126 | loss   1359944.3 | val MAE  56.20 | test MAE  42.59 |  1193s
ep 127 | loss   1362805.6 | val MAE  60.86 | test MAE  45.59 |  1203s
ep 128 | loss   1363052.9 | val MAE  55.74 | test MAE  42.58 |  1214s
ep 129 | loss   1355540.9 | val MAE  62.81 | test MAE  47.22 |  1224s
ep 130 | loss   1362936.9 | val MAE  56.06 | test MAE  45.41 |  1234s
ep 131 | loss   1357595.7 | val MAE  58.03 | test MAE  43.50 |  1244s
ep 132 | loss   1353231.6 | val MAE  55.67 | test MAE  42.61 |  1254s
ep 133 | loss   1366697.3 | val MAE  55.57 | test MAE  44.14 |  1265s
ep 134 | loss   1368117.0 | val MAE  57.29 | test MAE  43.04 |  1275s
ep 135 | loss   1363175.8 | val MAE  56.60 | test MAE  42.71 |  1285s
ep 136 | loss   1358515.3 | val MAE  55.71 | test MAE  42.59 |  1296s
ep 137 | loss   1357835.1 | val MAE  58.14 | test MAE  43.57 |  1306s
ep 138 | loss   1357151.0 | val MAE  61.15 | test MAE  45.83 |  1315s
ep 139 | loss   1364733.5 | val MAE  61.23 | test MAE  45.89 |  1324s
ep 140 | loss   1361522.7 | val MAE  60.24 | test MAE  45.10 |  1334s
ep 141 | loss   1359373.9 | val MAE  60.20 | test MAE  45.06 |  1343s
ep 142 | loss   1354560.8 | val MAE  55.41 | test MAE  43.03 |  1352s
ep 143 | loss   1368564.8 | val MAE  57.14 | test MAE  42.96 |  1361s
ep 144 | loss   1357106.0 | val MAE  56.96 | test MAE  47.25 |  1371s
ep 145 | loss   1366917.5 | val MAE  59.29 | test MAE  44.37 |  1380s
ep 146 | loss   1351454.8 | val MAE  57.93 | test MAE  43.43 |  1389s
ep 147 | loss   1355418.6 | val MAE  55.44 | test MAE  42.86 |  1399s
ep 148 | loss   1370406.4 | val MAE  56.02 | test MAE  42.56 |  1408s
ep 149 | loss   1370010.0 | val MAE  56.83 | test MAE  42.81 |  1417s
ep 150 | loss   1352375.3 | val MAE  64.82 | test MAE  48.96 |  1426s
ep 151 | loss   1364858.1 | val MAE  57.73 | test MAE  43.31 |  1436s
ep 152 | loss   1351860.6 | val MAE  60.63 | test MAE  45.41 |  1445s
ep 153 | loss   1351317.1 | val MAE  55.41 | test MAE  43.01 |  1455s
ep 154 | loss   1367121.1 | val MAE  56.65 | test MAE  42.73 |  1464s
ep 155 | loss   1358339.9 | val MAE  57.28 | test MAE  43.04 |  1473s
ep 156 | loss   1370491.3 | val MAE  56.59 | test MAE  42.71 |  1482s
ep 157 | loss   1356282.3 | val MAE  59.69 | test MAE  44.68 |  1491s
ep 158 | loss   1365251.7 | val MAE  55.40 | test MAE  43.16 |  1500s
ep 159 | loss   1359879.6 | val MAE  56.51 | test MAE  42.68 |  1509s
ep 160 | loss   1363843.1 | val MAE  60.16 | test MAE  45.04 |  1519s
ep 161 | loss   1360483.4 | val MAE  56.35 | test MAE  42.63 |  1528s
ep 162 | loss   1368735.6 | val MAE  56.94 | test MAE  42.87 |  1537s
ep 163 | loss   1376624.1 | val MAE  56.28 | test MAE  42.61 |  1546s
ep 164 | loss   1380971.6 | val MAE  56.34 | test MAE  42.62 |  1556s
ep 165 | loss   1356255.2 | val MAE  59.92 | test MAE  44.85 |  1565s
ep 166 | loss   1356906.8 | val MAE  56.51 | test MAE  42.68 |  1574s
ep 167 | loss   1357080.5 | val MAE  56.63 | test MAE  46.61 |  1584s
ep 168 | loss   1356356.3 | val MAE  58.06 | test MAE  43.52 |  1593s
ep 169 | loss   1362633.7 | val MAE  65.76 | test MAE  49.80 |  1602s
ep 170 | loss   1364023.7 | val MAE  56.28 | test MAE  42.61 |  1611s
ep 171 | loss   1358578.3 | val MAE  61.74 | test MAE  46.31 |  1620s
ep 172 | loss   1353484.9 | val MAE  55.92 | test MAE  42.56 |  1629s
ep 173 | loss   1352581.5 | val MAE  55.45 | test MAE  43.65 |  1638s
ep 174 | loss   1364333.1 | val MAE  56.99 | test MAE  42.89 |  1647s
ep 175 | loss   1353187.1 | val MAE  58.18 | test MAE  43.60 |  1656s
ep 176 | loss   1365236.4 | val MAE  61.61 | test MAE  46.21 |  1665s
ep 177 | loss   1367152.9 | val MAE  58.43 | test MAE  43.77 |  1675s
ep 178 | loss   1360582.7 | val MAE  55.40 | test MAE  43.07 |  1684s
ep 179 | loss   1373396.8 | val MAE  69.01 | test MAE  52.79 |  1693s
ep 180 | loss   1367887.7 | val MAE  61.02 | test MAE  45.72 |  1702s
ep 181 | loss   1362394.4 | val MAE  56.33 | test MAE  46.00 |  1711s
ep 182 | loss   1372026.1 | val MAE  65.36 | test MAE  49.45 |  1720s
ep 183 | loss   1355056.5 | val MAE  57.64 | test MAE  48.47 |  1729s
ep 184 | loss   1379480.0 | val MAE  59.02 | test MAE  44.18 |  1738s
ep 185 | loss   1362779.6 | val MAE  61.05 | test MAE  45.75 |  1748s
ep 186 | loss   1362522.8 | val MAE  62.86 | test MAE  47.26 |  1757s
ep 187 | loss   1355855.6 | val MAE  56.82 | test MAE  46.98 |  1767s
ep 188 | loss   1354156.3 | val MAE  55.40 | test MAE  43.30 |  1777s
ep 189 | loss   1353888.4 | val MAE  59.41 | test MAE  44.46 |  1788s
ep 190 | loss   1360104.7 | val MAE  55.53 | test MAE  42.71 |  1798s
ep 191 | loss   1371828.9 | val MAE  65.37 | test MAE  49.46 |  1808s
ep 192 | loss   1361731.0 | val MAE  55.67 | test MAE  42.61 |  1818s
ep 193 | loss   1368221.3 | val MAE  59.63 | test MAE  44.63 |  1828s
ep 194 | loss   1357858.7 | val MAE  57.00 | test MAE  42.90 |  1837s
ep 195 | loss   1358920.9 | val MAE  55.40 | test MAE  43.09 |  1846s
ep 196 | loss   1359544.8 | val MAE  56.76 | test MAE  42.78 |  1855s
ep 197 | loss   1351007.8 | val MAE  60.61 | test MAE  45.39 |  1864s
ep 198 | loss   1369569.9 | val MAE  56.53 | test MAE  42.69 |  1873s
ep 199 | loss   1370870.4 | val MAE  55.40 | test MAE  43.24 |  1882s

mejor época por validación: 55 | test MAE 43.21 | 31.4 min
