device: mps | torch 2.14.0
flow matrix: (1726, 81) max: 8737.0
train samples: 1364 test samples: 330
params per network: 245051
ep   0 loss 107766223.5 kl 15541.1147 | test net1 MAE 294.67 RMSE 489.26 MAPE 139.15 | 13s
ep   1 loss 22429916.3 kl 4622.0713 | test net1 MAE 298.68 RMSE 463.69 MAPE 177.52 | 27s
ep   2 loss 20066581.9 kl 3277.0209 | test net1 MAE 270.46 RMSE 461.13 MAPE 140.92 | 40s
ep   3 loss 19428346.4 kl 2825.2753 | test net1 MAE 287.53 RMSE 439.58 MAPE 174.02 | 54s
ep   4 loss 17082599.9 kl 2617.2496 | test net1 MAE 246.33 RMSE 377.76 MAPE 145.82 | 69s
ep   5 loss 15383485.3 kl 2437.4019 | test net1 MAE 223.57 RMSE 359.31 MAPE 126.47 | 82s
ep   6 loss 12960863.8 kl 2559.0298 | test net1 MAE 215.75 RMSE 339.78 MAPE 129.90 | 96s
ep   7 loss 10011894.2 kl 2355.9018 | test net1 MAE 283.75 RMSE 362.54 MAPE 193.35 | 111s
ep   8 loss  8465252.2 kl 1989.7764 | test net1 MAE 191.01 RMSE 334.22 MAPE 83.83 | 125s
ep   9 loss  8358101.5 kl 1858.7272 | test net1 MAE 326.25 RMSE 395.12 MAPE 221.90 | 140s
ep  10 loss  7711963.4 kl 1729.5925 | test net1 MAE 178.81 RMSE 316.69 MAPE 91.21 | 153s
ep  11 loss  6658503.6 kl 1602.4452 | test net1 MAE 173.98 RMSE 290.60 MAPE 96.51 | 167s
ep  12 loss  6400815.8 kl 1541.2443 | test net1 MAE 256.03 RMSE 337.72 MAPE 169.08 | 180s
ep  13 loss  5740514.9 kl 1487.5212 | test net1 MAE 148.61 RMSE 238.15 MAPE 86.03 | 193s
ep  14 loss  4779209.6 kl 1412.8010 | test net1 MAE 131.17 RMSE 214.40 MAPE 69.89 | 206s
ep  15 loss  4151973.1 kl 1348.2364 | test net1 MAE 142.42 RMSE 216.48 MAPE 56.97 | 219s
ep  16 loss  3847239.1 kl 1329.2139 | test net1 MAE 148.08 RMSE 232.30 MAPE 83.23 | 231s
ep  17 loss  3705994.9 kl 1280.2348 | test net1 MAE 123.96 RMSE 197.70 MAPE 50.52 | 244s
ep  18 loss  3506812.6 kl 1233.6606 | test net1 MAE 166.67 RMSE 220.77 MAPE 57.93 | 257s
ep  19 loss  3228916.1 kl 1176.9628 | test net1 MAE 168.13 RMSE 275.15 MAPE 63.74 | 271s
ep  20 loss  3246845.3 kl 1180.0868 | test net1 MAE 107.03 RMSE 172.14 MAPE 44.70 | 284s
ep  21 loss  3034885.2 kl 1117.2290 | test net1 MAE 109.87 RMSE 185.60 MAPE 38.82 | 297s
ep  22 loss  2902903.0 kl 1092.2884 | test net1 MAE 95.84 RMSE 155.12 MAPE 37.14 | 311s
ep  23 loss  2760543.5 kl 1082.7722 | test net1 MAE 106.96 RMSE 173.01 MAPE 37.79 | 324s
ep  24 loss  2585563.8 kl 1056.9258 | test net1 MAE 94.79 RMSE 157.94 MAPE 32.27 | 337s
ep  25 loss  2511330.6 kl 1024.8187 | test net1 MAE 89.13 RMSE 145.88 MAPE 31.88 | 350s
ep  26 loss  2487177.3 kl 981.7958 | test net1 MAE 91.95 RMSE 156.08 MAPE 31.18 | 362s
ep  27 loss  2428134.6 kl 962.7922 | test net1 MAE 86.85 RMSE 145.55 MAPE 31.89 | 375s
ep  28 loss  2259704.0 kl 940.5733 | test net1 MAE 81.75 RMSE 141.55 MAPE 33.09 | 388s
ep  29 loss  2291295.4 kl 925.2379 | test net1 MAE 107.23 RMSE 154.59 MAPE 37.09 | 401s
ep  30 loss  2222615.3 kl 883.7251 | test net1 MAE 112.66 RMSE 177.01 MAPE 36.08 | 415s
ep  31 loss  2246945.5 kl 858.5518 | test net1 MAE 83.21 RMSE 138.57 MAPE 37.30 | 428s
ep  32 loss  2100433.5 kl 835.6767 | test net1 MAE 95.09 RMSE 142.98 MAPE 33.15 | 442s
ep  33 loss  2070353.1 kl 801.1809 | test net1 MAE 81.18 RMSE 128.38 MAPE 29.94 | 455s
ep  34 loss  2089442.6 kl 777.6224 | test net1 MAE 93.48 RMSE 159.10 MAPE 33.57 | 467s
ep  35 loss  1953100.8 kl 744.7201 | test net1 MAE 79.31 RMSE 127.58 MAPE 29.03 | 481s
ep  36 loss  1940527.1 kl 727.5890 | test net1 MAE 113.28 RMSE 163.80 MAPE 39.76 | 494s
ep  37 loss  2029236.0 kl 753.3743 | test net1 MAE 84.68 RMSE 131.79 MAPE 33.03 | 508s
ep  38 loss  1882499.4 kl 697.6648 | test net1 MAE 82.91 RMSE 133.81 MAPE 35.96 | 521s
ep  39 loss  1922676.7 kl 696.6817 | test net1 MAE 126.25 RMSE 173.54 MAPE 52.78 | 534s
ep  40 loss  1780310.9 kl 690.8260 | test net1 MAE 81.42 RMSE 131.05 MAPE 31.77 | 547s
ep  41 loss  1793687.8 kl 669.6666 | test net1 MAE 96.42 RMSE 159.24 MAPE 30.74 | 561s
ep  42 loss  1731738.2 kl 638.3944 | test net1 MAE 88.30 RMSE 139.77 MAPE 28.99 | 574s
ep  43 loss  1702705.8 kl 628.5165 | test net1 MAE 86.36 RMSE 135.98 MAPE 30.56 | 588s
ep  44 loss  1687373.5 kl 618.3314 | test net1 MAE 88.94 RMSE 148.13 MAPE 30.94 | 601s
ep  45 loss  1652020.3 kl 606.3970 | test net1 MAE 83.64 RMSE 131.80 MAPE 29.73 | 614s
ep  46 loss  1662304.2 kl 606.3664 | test net1 MAE 98.86 RMSE 147.55 MAPE 36.21 | 627s
ep  47 loss  1643894.6 kl 596.6017 | test net1 MAE 80.22 RMSE 123.64 MAPE 29.48 | 640s
ep  48 loss  1695755.9 kl 604.6768 | test net1 MAE 80.38 RMSE 127.04 MAPE 28.65 | 653s
ep  49 loss  1623214.7 kl 582.6341 | test net1 MAE 107.82 RMSE 141.82 MAPE 47.27 | 666s
ep  50 loss  1541052.6 kl 554.0024 | test net1 MAE 78.97 RMSE 124.57 MAPE 25.50 | 679s
ep  51 loss  1459103.7 kl 530.4603 | test net1 MAE 77.13 RMSE 125.30 MAPE 26.40 | 692s
ep  52 loss  1455667.1 kl 521.2331 | test net1 MAE 80.83 RMSE 127.24 MAPE 26.12 | 704s
ep  53 loss  1424328.7 kl 507.3683 | test net1 MAE 74.64 RMSE 115.49 MAPE 27.08 | 719s
ep  54 loss  1465666.6 kl 498.5952 | test net1 MAE 93.18 RMSE 154.47 MAPE 31.05 | 732s
ep  55 loss  1403131.4 kl 481.6891 | test net1 MAE 84.73 RMSE 133.32 MAPE 27.86 | 746s
ep  56 loss  1436320.5 kl 486.9768 | test net1 MAE 69.97 RMSE 111.64 MAPE 25.69 | 759s
ep  57 loss  1546835.0 kl 480.2855 | test net1 MAE 86.98 RMSE 145.98 MAPE 26.09 | 773s
ep  58 loss  1428321.4 kl 468.0634 | test net1 MAE 77.19 RMSE 119.32 MAPE 29.10 | 786s
ep  59 loss  1353589.9 kl 451.8915 | test net1 MAE 73.36 RMSE 115.15 MAPE 25.30 | 799s
ep  60 loss  1284346.3 kl 440.9938 | test net1 MAE 80.99 RMSE 129.66 MAPE 27.44 | 812s
ep  61 loss  1319341.5 kl 437.2696 | test net1 MAE 80.00 RMSE 126.83 MAPE 29.04 | 825s
ep  62 loss  1322952.6 kl 433.0642 | test net1 MAE 69.81 RMSE 106.32 MAPE 25.97 | 838s
ep  63 loss  1298311.5 kl 428.1483 | test net1 MAE 78.82 RMSE 120.90 MAPE 30.53 | 852s
ep  64 loss  1243320.2 kl 418.2957 | test net1 MAE 83.04 RMSE 125.62 MAPE 31.91 | 865s
ep  65 loss  1328063.1 kl 417.8887 | test net1 MAE 73.60 RMSE 119.14 MAPE 25.13 | 878s
ep  66 loss  1274615.8 kl 403.6026 | test net1 MAE 69.16 RMSE 106.51 MAPE 24.61 | 892s
ep  67 loss  1276514.4 kl 415.3426 | test net1 MAE 77.17 RMSE 124.38 MAPE 27.06 | 904s
ep  68 loss  1306596.2 kl 407.6784 | test net1 MAE 85.26 RMSE 125.69 MAPE 29.46 | 918s
ep  69 loss  1312897.9 kl 411.2302 | test net1 MAE 73.10 RMSE 115.60 MAPE 25.94 | 931s
ep  70 loss  1332296.6 kl 424.1647 | test net1 MAE 95.69 RMSE 131.33 MAPE 40.29 | 944s
ep  71 loss  1224691.5 kl 410.3510 | test net1 MAE 73.37 RMSE 117.72 MAPE 24.68 | 958s
ep  72 loss  1322563.7 kl 411.1855 | test net1 MAE 109.51 RMSE 156.41 MAPE 45.84 | 971s
ep  73 loss  1287122.3 kl 403.6833 | test net1 MAE 84.97 RMSE 117.95 MAPE 37.40 | 985s
ep  74 loss  1242936.1 kl 402.6405 | test net1 MAE 74.63 RMSE 122.43 MAPE 29.60 | 998s
ep  75 loss  1166205.5 kl 385.6358 | test net1 MAE 68.25 RMSE 105.01 MAPE 23.14 | 1011s
ep  76 loss  1136817.6 kl 374.5856 | test net1 MAE 69.48 RMSE 114.58 MAPE 28.26 | 1024s
ep  77 loss  1233262.7 kl 381.1646 | test net1 MAE 73.32 RMSE 114.31 MAPE 28.03 | 1037s
ep  78 loss  1118318.1 kl 368.2868 | test net1 MAE 72.43 RMSE 114.66 MAPE 26.58 | 1050s
ep  79 loss  1195785.2 kl 364.7510 | test net1 MAE 72.51 RMSE 107.74 MAPE 26.12 | 1063s
ep  80 loss  1195836.7 kl 374.8077 | test net1 MAE 93.20 RMSE 156.63 MAPE 28.03 | 1075s
ep  81 loss  1110775.4 kl 369.0625 | test net1 MAE 72.78 RMSE 111.50 MAPE 27.92 | 1089s
ep  82 loss  1217611.6 kl 376.7942 | test net1 MAE 78.37 RMSE 129.90 MAPE 26.06 | 1101s
ep  83 loss  1120612.2 kl 373.9170 | test net1 MAE 72.41 RMSE 122.98 MAPE 26.20 | 1115s
ep  84 loss  1111900.7 kl 358.3510 | test net1 MAE 75.87 RMSE 113.83 MAPE 34.60 | 1128s
ep  85 loss  1218459.2 kl 370.2913 | test net1 MAE 74.21 RMSE 116.52 MAPE 31.21 | 1141s
ep  86 loss  1072287.1 kl 352.1992 | test net1 MAE 77.70 RMSE 130.98 MAPE 27.53 | 1154s
ep  87 loss  1062871.4 kl 348.3422 | test net1 MAE 70.06 RMSE 112.24 MAPE 27.57 | 1167s
ep  88 loss  1043254.6 kl 349.0633 | test net1 MAE 76.83 RMSE 117.44 MAPE 31.32 | 1180s
ep  89 loss  1072042.0 kl 349.5586 | test net1 MAE 67.66 RMSE 105.71 MAPE 24.70 | 1194s
ep  90 loss  1176387.4 kl 372.0499 | test net1 MAE 66.47 RMSE 109.65 MAPE 26.80 | 1207s
ep  91 loss  1114508.0 kl 352.6163 | test net1 MAE 80.68 RMSE 124.37 MAPE 29.11 | 1220s
ep  92 loss  1222838.0 kl 372.4842 | test net1 MAE 71.71 RMSE 118.41 MAPE 27.77 | 1234s
ep  93 loss  1016219.5 kl 341.0579 | test net1 MAE 73.34 RMSE 119.53 MAPE 26.03 | 1247s
ep  94 loss  1073934.3 kl 340.4120 | test net1 MAE 84.56 RMSE 133.78 MAPE 34.51 | 1261s
ep  95 loss  1049592.8 kl 338.5016 | test net1 MAE 79.57 RMSE 129.78 MAPE 24.94 | 1274s
ep  96 loss  1045523.1 kl 346.3509 | test net1 MAE 69.83 RMSE 114.75 MAPE 26.33 | 1287s
ep  97 loss  1087078.6 kl 346.4674 | test net1 MAE 79.00 RMSE 121.06 MAPE 30.20 | 1301s
ep  98 loss  1078172.2 kl 351.3764 | test net1 MAE 65.78 RMSE 103.22 MAPE 25.77 | 1315s
ep  99 loss  1020557.2 kl 333.9633 | test net1 MAE 71.98 RMSE 115.73 MAPE 26.22 | 1328s
ep 100 loss  1004388.5 kl 332.9977 | test net1 MAE 71.41 RMSE 114.53 MAPE 26.63 | 1341s
ep 101 loss   980912.5 kl 329.5463 | test net1 MAE 73.92 RMSE 117.01 MAPE 30.41 | 1355s
ep 102 loss  1011693.6 kl 318.8539 | test net1 MAE 74.39 RMSE 129.66 MAPE 24.62 | 1367s
ep 103 loss  1017483.5 kl 321.0725 | test net1 MAE 71.47 RMSE 118.16 MAPE 27.19 | 1380s
ep 104 loss   957756.4 kl 318.7386 | test net1 MAE 86.62 RMSE 148.65 MAPE 27.09 | 1394s
ep 105 loss  1062733.3 kl 325.9825 | test net1 MAE 87.66 RMSE 134.46 MAPE 40.60 | 1407s
ep 106 loss  1120061.9 kl 323.0888 | test net1 MAE 83.23 RMSE 126.00 MAPE 33.06 | 1421s
ep 107 loss  1008937.4 kl 338.0478 | test net1 MAE 70.43 RMSE 112.42 MAPE 28.76 | 1434s
ep 108 loss   936046.5 kl 317.2119 | test net1 MAE 76.28 RMSE 125.18 MAPE 25.43 | 1447s
ep 109 loss   917316.2 kl 309.6911 | test net1 MAE 78.56 RMSE 120.39 MAPE 30.28 | 1460s
ep 110 loss  1027177.9 kl 325.8294 | test net1 MAE 65.19 RMSE 105.26 MAPE 21.75 | 1473s
ep 111 loss   952121.1 kl 316.7919 | test net1 MAE 71.65 RMSE 123.87 MAPE 24.49 | 1487s
ep 112 loss  1063790.7 kl 347.9787 | test net1 MAE 76.93 RMSE 128.07 MAPE 26.70 | 1500s
ep 113 loss   922290.7 kl 310.1381 | test net1 MAE 81.47 RMSE 128.02 MAPE 32.08 | 1514s
ep 114 loss   965872.1 kl 324.0477 | test net1 MAE 63.19 RMSE 103.54 MAPE 23.08 | 1526s
ep 115 loss  1032156.7 kl 314.0407 | test net1 MAE 79.28 RMSE 120.59 MAPE 35.24 | 1540s
ep 116 loss   948805.0 kl 322.6057 | test net1 MAE 84.97 RMSE 144.27 MAPE 28.22 | 1553s
ep 117 loss   937486.0 kl 310.9447 | test net1 MAE 74.59 RMSE 133.15 MAPE 27.02 | 1566s
ep 118 loss   919236.9 kl 312.5376 | test net1 MAE 75.51 RMSE 125.36 MAPE 23.96 | 1580s
ep 119 loss   950992.5 kl 318.4570 | test net1 MAE 76.91 RMSE 138.88 MAPE 25.64 | 1593s
ep 120 loss   958876.2 kl 323.7682 | test net1 MAE 79.40 RMSE 125.35 MAPE 32.36 | 1606s
ep 121 loss   955755.3 kl 313.5042 | test net1 MAE 70.08 RMSE 112.79 MAPE 23.66 | 1619s
ep 122 loss   934763.2 kl 311.4830 | test net1 MAE 68.50 RMSE 113.88 MAPE 24.10 | 1633s
ep 123 loss   921856.4 kl 310.8964 | test net1 MAE 75.17 RMSE 113.60 MAPE 28.24 | 1646s
ep 124 loss   955008.5 kl 322.7417 | test net1 MAE 86.13 RMSE 143.28 MAPE 29.78 | 1659s
ep 125 loss   890087.2 kl 302.1601 | test net1 MAE 70.97 RMSE 110.58 MAPE 27.93 | 1672s
ep 126 loss   909581.4 kl 307.2735 | test net1 MAE 70.89 RMSE 106.50 MAPE 31.74 | 1685s
ep 127 loss   966069.0 kl 304.2961 | test net1 MAE 67.19 RMSE 113.56 MAPE 22.49 | 1699s
ep 128 loss   975478.5 kl 323.2573 | test net1 MAE 77.43 RMSE 110.22 MAPE 33.17 | 1712s
ep 129 loss   877302.8 kl 308.0426 | test net1 MAE 76.21 RMSE 108.79 MAPE 31.52 | 1725s
ep 130 loss   912536.7 kl 310.3725 | test net1 MAE 66.78 RMSE 101.19 MAPE 25.26 | 1739s
ep 131 loss   909458.1 kl 292.4758 | test net1 MAE 68.46 RMSE 110.65 MAPE 23.47 | 1752s
ep 132 loss   919168.6 kl 310.8417 | test net1 MAE 67.06 RMSE 107.74 MAPE 23.19 | 1765s
ep 133 loss   941909.7 kl 312.0559 | test net1 MAE 76.40 RMSE 123.17 MAPE 30.73 | 1779s
ep 134 loss   990098.6 kl 309.9062 | test net1 MAE 76.09 RMSE 125.84 MAPE 24.65 | 1792s
ep 135 loss  1039625.2 kl 336.4016 | test net1 MAE 60.48 RMSE 96.74 MAPE 20.98 | 1806s
ep 136 loss   950626.8 kl 317.4127 | test net1 MAE 74.20 RMSE 112.19 MAPE 26.31 | 1818s
ep 137 loss   874531.0 kl 315.8143 | test net1 MAE 65.11 RMSE 99.17 MAPE 25.81 | 1832s
ep 138 loss   880141.9 kl 303.9977 | test net1 MAE 68.57 RMSE 109.76 MAPE 25.37 | 1846s
ep 139 loss   902258.3 kl 299.6514 | test net1 MAE 65.44 RMSE 106.76 MAPE 21.88 | 1859s
ep 140 loss   899268.2 kl 302.6289 | test net1 MAE 70.84 RMSE 114.37 MAPE 22.14 | 1872s
ep 141 loss   849598.2 kl 295.6144 | test net1 MAE 65.40 RMSE 105.71 MAPE 21.14 | 1885s
ep 142 loss   891665.3 kl 311.2944 | test net1 MAE 72.34 RMSE 108.72 MAPE 26.04 | 1899s
ep 143 loss   832343.7 kl 297.4143 | test net1 MAE 64.99 RMSE 107.38 MAPE 22.64 | 1913s
ep 144 loss   817539.5 kl 291.5481 | test net1 MAE 70.74 RMSE 117.34 MAPE 25.36 | 1926s
ep 145 loss   878739.0 kl 289.2910 | test net1 MAE 66.60 RMSE 107.78 MAPE 23.41 | 1939s
ep 146 loss   795149.7 kl 287.2379 | test net1 MAE 75.40 RMSE 121.78 MAPE 25.08 | 1952s
ep 147 loss   796476.9 kl 281.6409 | test net1 MAE 66.89 RMSE 106.05 MAPE 24.17 | 1965s
ep 148 loss   946878.8 kl 296.9898 | test net1 MAE 70.62 RMSE 112.81 MAPE 26.07 | 1978s
ep 149 loss   883917.9 kl 295.5989 | test net1 MAE 61.62 RMSE 98.19 MAPE 21.57 | 1992s
ep 150 loss   941056.4 kl 305.8301 | test net1 MAE 66.69 RMSE 107.88 MAPE 23.63 | 2005s
ep 151 loss   890467.5 kl 293.9703 | test net1 MAE 84.04 RMSE 143.04 MAPE 24.86 | 2018s
ep 152 loss   931169.6 kl 295.4786 | test net1 MAE 67.90 RMSE 104.14 MAPE 25.53 | 2032s
ep 153 loss   879869.3 kl 289.2888 | test net1 MAE 64.26 RMSE 99.68 MAPE 23.34 | 2045s
ep 154 loss   895063.3 kl 293.6092 | test net1 MAE 68.61 RMSE 110.61 MAPE 23.58 | 2058s
ep 155 loss   859867.8 kl 292.0247 | test net1 MAE 63.56 RMSE 103.08 MAPE 21.18 | 2072s
ep 156 loss   806720.0 kl 285.5739 | test net1 MAE 60.79 RMSE 103.30 MAPE 22.78 | 2085s
ep 157 loss   854659.7 kl 298.8659 | test net1 MAE 74.36 RMSE 125.26 MAPE 23.58 | 2099s
ep 158 loss   832366.6 kl 286.8257 | test net1 MAE 75.70 RMSE 115.70 MAPE 28.43 | 2112s
ep 159 loss   836700.9 kl 282.6728 | test net1 MAE 66.86 RMSE 111.07 MAPE 25.78 | 2125s
ep 160 loss   789136.9 kl 269.1100 | test net1 MAE 62.42 RMSE 97.88 MAPE 22.18 | 2138s
ep 161 loss   808907.9 kl 287.9602 | test net1 MAE 61.27 RMSE 97.99 MAPE 22.64 | 2152s
ep 162 loss   775490.4 kl 275.3892 | test net1 MAE 66.53 RMSE 107.04 MAPE 26.18 | 2165s
ep 163 loss   782898.3 kl 266.8021 | test net1 MAE 71.11 RMSE 112.74 MAPE 27.38 | 2179s
ep 164 loss   794389.2 kl 274.0896 | test net1 MAE 71.17 RMSE 114.06 MAPE 25.81 | 2192s
ep 165 loss   778853.7 kl 268.2661 | test net1 MAE 63.81 RMSE 96.68 MAPE 25.44 | 2205s
ep 166 loss   834881.8 kl 278.1659 | test net1 MAE 67.75 RMSE 99.11 MAPE 29.25 | 2219s
ep 167 loss   875460.4 kl 290.6523 | test net1 MAE 67.66 RMSE 116.02 MAPE 23.85 | 2232s
ep 168 loss   778241.7 kl 266.2947 | test net1 MAE 75.43 RMSE 126.14 MAPE 24.49 | 2245s
ep 169 loss   852902.6 kl 284.8122 | test net1 MAE 60.85 RMSE 98.57 MAPE 22.73 | 2258s
ep 170 loss   844932.3 kl 291.0695 | test net1 MAE 68.20 RMSE 108.99 MAPE 24.11 | 2272s
ep 171 loss   827381.5 kl 293.7097 | test net1 MAE 65.71 RMSE 104.00 MAPE 25.02 | 2285s
ep 172 loss   831454.1 kl 296.3415 | test net1 MAE 69.04 RMSE 114.68 MAPE 25.31 | 2299s
ep 173 loss   800266.3 kl 284.3761 | test net1 MAE 64.32 RMSE 104.89 MAPE 22.14 | 2312s
ep 174 loss   851397.9 kl 286.9174 | test net1 MAE 68.67 RMSE 104.78 MAPE 25.79 | 2326s
ep 175 loss   829702.1 kl 283.9793 | test net1 MAE 60.39 RMSE 95.70 MAPE 19.94 | 2339s
ep 176 loss   740905.4 kl 278.3614 | test net1 MAE 56.02 RMSE 89.79 MAPE 20.54 | 2352s
ep 177 loss   814904.5 kl 301.3850 | test net1 MAE 70.74 RMSE 113.48 MAPE 26.88 | 2366s
ep 178 loss   740077.7 kl 266.5933 | test net1 MAE 65.40 RMSE 105.19 MAPE 23.68 | 2380s
ep 179 loss   779022.1 kl 281.6234 | test net1 MAE 78.61 RMSE 128.61 MAPE 28.59 | 2393s
ep 180 loss   980445.5 kl 308.5698 | test net1 MAE 73.51 RMSE 123.72 MAPE 25.54 | 2406s
ep 181 loss   764861.6 kl 278.5104 | test net1 MAE 68.92 RMSE 110.97 MAPE 24.59 | 2419s
ep 182 loss   774590.5 kl 276.9344 | test net1 MAE 71.69 RMSE 108.36 MAPE 28.59 | 2433s
ep 183 loss   798509.9 kl 281.0156 | test net1 MAE 68.45 RMSE 110.52 MAPE 23.45 | 2447s
ep 184 loss   744504.9 kl 273.4892 | test net1 MAE 69.57 RMSE 109.02 MAPE 30.13 | 2460s
ep 185 loss   789971.4 kl 266.7366 | test net1 MAE 59.86 RMSE 94.48 MAPE 20.49 | 2473s
ep 186 loss   823448.7 kl 294.6625 | test net1 MAE 68.37 RMSE 116.40 MAPE 24.83 | 2487s
ep 187 loss   783617.9 kl 276.2892 | test net1 MAE 59.30 RMSE 95.08 MAPE 19.26 | 2500s
ep 188 loss   760527.9 kl 268.6977 | test net1 MAE 75.41 RMSE 124.27 MAPE 24.30 | 2514s
ep 189 loss   810708.6 kl 295.3913 | test net1 MAE 70.68 RMSE 107.79 MAPE 27.97 | 2527s
ep 190 loss   768460.2 kl 268.7802 | test net1 MAE 67.28 RMSE 111.50 MAPE 22.73 | 2540s
ep 191 loss   763225.1 kl 291.5014 | test net1 MAE 61.99 RMSE 101.86 MAPE 22.76 | 2554s
ep 192 loss   732975.3 kl 266.7715 | test net1 MAE 65.95 RMSE 109.23 MAPE 22.27 | 2568s
ep 193 loss   775535.0 kl 266.3324 | test net1 MAE 68.16 RMSE 103.75 MAPE 27.76 | 2582s
ep 194 loss   732976.1 kl 281.0587 | test net1 MAE 67.11 RMSE 110.03 MAPE 22.69 | 2595s
ep 195 loss   747653.8 kl 269.3894 | test net1 MAE 63.59 RMSE 107.98 MAPE 21.57 | 2608s
ep 196 loss   735350.7 kl 271.7566 | test net1 MAE 66.34 RMSE 107.64 MAPE 22.10 | 2621s
ep 197 loss   735174.6 kl 272.1344 | test net1 MAE 62.55 RMSE 100.66 MAPE 22.64 | 2634s
ep 198 loss   772064.9 kl 284.7140 | test net1 MAE 62.37 RMSE 108.57 MAPE 21.81 | 2648s
ep 199 loss   772416.1 kl 269.7120 | test net1 MAE 61.11 RMSE 96.35 MAPE 22.66 | 2662s

best epoch: 192 | total time: 44.4 min
{
  "h1": {
    "MAE": 64.07669067382812,
    "RMSE": 108.49070739746094,
    "MAPE": 22.98158073425293
  },
  "h2": {
    "MAE": 60.72193145751953,
    "RMSE": 99.78340911865234,
    "MAPE": 19.804304122924805
  },
  "h3": {
    "MAE": 67.8639907836914,
    "RMSE": 110.87874603271484,
    "MAPE": 22.757492065429688
  },
  "h4": {
    "MAE": 71.14571380615234,
    "RMSE": 117.05091094970703,
    "MAPE": 23.555973052978516
  },
  "all": {
    "MAE": 65.95208740234375,
    "RMSE": 109.22679901123047,
    "MAPE": 22.274837493896484
  }
}
