device: mps | torch 2.14.0
flow matrix: (1726, 81) max: 8737.0
train samples: 1364 test samples: 330
params per network: 245051
ep   0 loss 75500285.5 kl 11296.4611 | test net1 MAE 354.24 RMSE 551.72 MAPE 124.15 | 16s
ep   1 loss 19737018.3 kl 2816.1336 | test net1 MAE 314.42 RMSE 532.65 MAPE 99.55 | 35s
ep   2 loss 18946488.8 kl 1967.4593 | test net1 MAE 294.94 RMSE 498.99 MAPE 123.01 | 54s
ep   3 loss 18411457.7 kl 1556.4272 | test net1 MAE 285.23 RMSE 486.84 MAPE 126.89 | 74s
ep   4 loss 18251555.8 kl 1354.9072 | test net1 MAE 312.79 RMSE 475.32 MAPE 180.21 | 93s
ep   5 loss 17911472.8 kl 1321.8304 | test net1 MAE 269.40 RMSE 457.81 MAPE 138.90 | 114s
ep   6 loss 17245306.5 kl 1595.3037 | test net1 MAE 266.15 RMSE 418.16 MAPE 159.24 | 134s
ep   7 loss 14557375.5 kl 2171.1390 | test net1 MAE 223.59 RMSE 364.75 MAPE 125.94 | 154s
ep   8 loss 11244243.5 kl 2129.2873 | test net1 MAE 250.55 RMSE 365.48 MAPE 154.02 | 174s
ep   9 loss  9610381.3 kl 1898.5844 | test net1 MAE 230.24 RMSE 343.86 MAPE 130.56 | 194s
ep  10 loss  7567441.8 kl 1806.0870 | test net1 MAE 216.25 RMSE 313.48 MAPE 135.85 | 214s
ep  11 loss  6411991.9 kl 1618.9269 | test net1 MAE 162.25 RMSE 259.49 MAPE 85.51 | 234s
ep  12 loss  5437312.9 kl 1536.7400 | test net1 MAE 199.94 RMSE 302.47 MAPE 102.53 | 254s
ep  13 loss  4939539.5 kl 1454.5580 | test net1 MAE 155.95 RMSE 251.51 MAPE 81.65 | 274s
ep  14 loss  4396993.1 kl 1357.1518 | test net1 MAE 152.87 RMSE 260.60 MAPE 57.90 | 294s
ep  15 loss  4150690.0 kl 1291.8365 | test net1 MAE 137.36 RMSE 211.96 MAPE 69.26 | 314s
ep  16 loss  3746539.6 kl 1258.2401 | test net1 MAE 157.62 RMSE 251.27 MAPE 69.25 | 335s
ep  17 loss  3852199.4 kl 1210.2696 | test net1 MAE 159.59 RMSE 245.64 MAPE 70.97 | 355s
ep  18 loss  3600033.6 kl 1160.9314 | test net1 MAE 126.35 RMSE 185.06 MAPE 71.94 | 375s
ep  19 loss  3366948.8 kl 1122.8385 | test net1 MAE 141.83 RMSE 217.39 MAPE 48.01 | 395s
ep  20 loss  3125898.5 kl 1059.3859 | test net1 MAE 127.10 RMSE 197.56 MAPE 45.94 | 415s
ep  21 loss  3004183.8 kl 1025.5205 | test net1 MAE 125.93 RMSE 188.96 MAPE 45.25 | 436s
ep  22 loss  2953241.5 kl 952.3452 | test net1 MAE 116.95 RMSE 191.83 MAPE 43.01 | 456s
ep  23 loss  3058903.5 kl 912.6051 | test net1 MAE 103.23 RMSE 171.37 MAPE 44.67 | 483s
ep  24 loss  2798519.3 kl 866.9801 | test net1 MAE 105.31 RMSE 168.80 MAPE 42.75 | 501s
ep  25 loss  2938754.2 kl 852.4962 | test net1 MAE 114.60 RMSE 185.90 MAPE 43.77 | 518s
ep  26 loss  2684016.2 kl 828.3824 | test net1 MAE 97.74 RMSE 158.40 MAPE 43.90 | 535s
ep  27 loss  2551185.1 kl 798.0381 | test net1 MAE 103.80 RMSE 162.84 MAPE 44.30 | 552s
ep  28 loss  2315144.0 kl 769.6513 | test net1 MAE 95.22 RMSE 153.12 MAPE 40.77 | 569s
ep  29 loss  2286903.7 kl 732.8526 | test net1 MAE 91.11 RMSE 151.56 MAPE 41.18 | 586s
ep  30 loss  2182151.7 kl 713.4735 | test net1 MAE 104.90 RMSE 172.74 MAPE 39.54 | 603s
ep  31 loss  2136738.3 kl 712.7940 | test net1 MAE 99.21 RMSE 159.27 MAPE 39.78 | 620s
ep  32 loss  2184211.0 kl 687.8846 | test net1 MAE 115.83 RMSE 194.11 MAPE 41.44 | 637s
ep  33 loss  2093638.2 kl 690.8599 | test net1 MAE 86.06 RMSE 140.83 MAPE 35.08 | 653s
ep  34 loss  1939645.4 kl 627.8813 | test net1 MAE 126.53 RMSE 217.38 MAPE 42.66 | 670s
ep  35 loss  2132142.7 kl 634.5186 | test net1 MAE 82.42 RMSE 129.14 MAPE 36.44 | 687s
ep  36 loss  2054010.9 kl 617.5234 | test net1 MAE 82.21 RMSE 133.18 MAPE 33.71 | 704s
ep  37 loss  2017716.4 kl 630.7978 | test net1 MAE 107.71 RMSE 169.91 MAPE 39.91 | 721s
ep  38 loss  1854125.2 kl 589.5797 | test net1 MAE 86.18 RMSE 144.65 MAPE 33.70 | 739s
ep  39 loss  1950521.0 kl 570.0201 | test net1 MAE 111.98 RMSE 181.56 MAPE 42.72 | 756s
ep  40 loss  1763371.3 kl 561.0422 | test net1 MAE 104.43 RMSE 170.20 MAPE 35.44 | 773s
ep  41 loss  1714071.0 kl 553.3493 | test net1 MAE 132.21 RMSE 221.65 MAPE 46.95 | 790s
ep  42 loss  1765589.0 kl 550.7928 | test net1 MAE 119.36 RMSE 189.48 MAPE 46.76 | 806s
ep  43 loss  1714016.5 kl 525.8588 | test net1 MAE 100.51 RMSE 152.22 MAPE 40.76 | 822s
ep  44 loss  1749901.4 kl 521.3750 | test net1 MAE 91.41 RMSE 146.30 MAPE 37.19 | 839s
ep  45 loss  1663889.8 kl 505.5498 | test net1 MAE 99.11 RMSE 170.05 MAPE 36.42 | 855s
ep  46 loss  1646462.0 kl 500.4521 | test net1 MAE 102.25 RMSE 163.69 MAPE 38.86 | 871s
ep  47 loss  1618934.7 kl 476.1995 | test net1 MAE 101.43 RMSE 177.68 MAPE 32.75 | 887s
ep  48 loss  1603377.5 kl 487.8693 | test net1 MAE 98.58 RMSE 155.48 MAPE 38.44 | 903s
ep  49 loss  1666613.2 kl 467.1963 | test net1 MAE 103.65 RMSE 157.89 MAPE 38.79 | 919s
ep  50 loss  1699941.1 kl 508.5232 | test net1 MAE 89.36 RMSE 152.80 MAPE 34.40 | 936s
ep  51 loss  1549141.4 kl 452.5015 | test net1 MAE 92.35 RMSE 152.54 MAPE 34.30 | 952s
ep  52 loss  1480431.7 kl 451.8005 | test net1 MAE 91.00 RMSE 139.37 MAPE 35.36 | 968s
ep  53 loss  1611712.0 kl 450.1798 | test net1 MAE 107.49 RMSE 170.75 MAPE 44.66 | 984s
ep  54 loss  1443033.8 kl 449.3355 | test net1 MAE 88.94 RMSE 146.44 MAPE 32.30 | 1001s
ep  55 loss  1427729.3 kl 429.7160 | test net1 MAE 84.46 RMSE 132.10 MAPE 32.82 | 1019s
ep  56 loss  1549578.4 kl 434.7151 | test net1 MAE 81.23 RMSE 128.87 MAPE 35.13 | 1036s
ep  57 loss  1451658.5 kl 426.2564 | test net1 MAE 117.29 RMSE 184.68 MAPE 42.06 | 1053s
ep  58 loss  1498532.1 kl 430.9814 | test net1 MAE 91.40 RMSE 139.48 MAPE 38.25 | 1070s
ep  59 loss  1385460.9 kl 421.1574 | test net1 MAE 86.69 RMSE 132.64 MAPE 33.61 | 1087s
ep  60 loss  1418685.7 kl 426.0963 | test net1 MAE 154.61 RMSE 213.09 MAPE 65.72 | 1104s
ep  61 loss  1469102.8 kl 418.8754 | test net1 MAE 92.16 RMSE 161.92 MAPE 32.79 | 1120s
ep  62 loss  1301163.2 kl 399.8130 | test net1 MAE 90.23 RMSE 141.63 MAPE 33.08 | 1137s
ep  63 loss  1345650.9 kl 389.0870 | test net1 MAE 129.60 RMSE 184.24 MAPE 49.18 | 1154s
ep  64 loss  1264549.3 kl 383.6776 | test net1 MAE 92.02 RMSE 149.06 MAPE 31.70 | 1171s
ep  65 loss  1291487.7 kl 375.2840 | test net1 MAE 99.05 RMSE 138.73 MAPE 36.13 | 1187s
ep  66 loss  1331476.7 kl 394.9049 | test net1 MAE 86.80 RMSE 132.19 MAPE 35.99 | 1204s
ep  67 loss  1308610.6 kl 387.8018 | test net1 MAE 79.09 RMSE 120.33 MAPE 30.95 | 1221s
ep  68 loss  1294439.1 kl 370.2469 | test net1 MAE 84.95 RMSE 132.15 MAPE 36.42 | 1237s
ep  69 loss  1317887.9 kl 381.8095 | test net1 MAE 84.49 RMSE 126.40 MAPE 31.31 | 1254s
ep  70 loss  1271816.2 kl 385.8982 | test net1 MAE 110.76 RMSE 183.94 MAPE 31.68 | 1271s
ep  71 loss  1328015.6 kl 380.8063 | test net1 MAE 85.61 RMSE 128.22 MAPE 31.41 | 1288s
ep  72 loss  1271074.6 kl 373.2996 | test net1 MAE 88.61 RMSE 143.42 MAPE 30.26 | 1309s
ep  73 loss  1173258.8 kl 362.4541 | test net1 MAE 98.61 RMSE 148.13 MAPE 39.44 | 1332s
ep  74 loss  1260147.5 kl 354.7025 | test net1 MAE 72.05 RMSE 108.16 MAPE 32.13 | 1375s
ep  75 loss  1218721.8 kl 361.2597 | test net1 MAE 91.36 RMSE 145.52 MAPE 34.45 | 1401s
ep  76 loss  1348643.2 kl 369.1158 | test net1 MAE 72.29 RMSE 113.89 MAPE 29.35 | 1427s
ep  77 loss  1254357.7 kl 378.9680 | test net1 MAE 98.13 RMSE 160.30 MAPE 33.24 | 1453s
ep  78 loss  1178747.1 kl 354.7761 | test net1 MAE 105.46 RMSE 172.71 MAPE 33.43 | 1479s
ep  79 loss  1243229.1 kl 365.3091 | test net1 MAE 85.80 RMSE 138.30 MAPE 29.20 | 1512s
ep  80 loss  1246815.8 kl 376.0906 | test net1 MAE 81.19 RMSE 125.30 MAPE 32.54 | 1540s
ep  81 loss  1134566.4 kl 342.8473 | test net1 MAE 83.54 RMSE 136.78 MAPE 29.59 | 1566s
ep  82 loss  1183515.1 kl 362.3129 | test net1 MAE 75.32 RMSE 113.99 MAPE 31.06 | 1593s
ep  83 loss  1144548.7 kl 347.1152 | test net1 MAE 96.09 RMSE 150.51 MAPE 36.94 | 1620s
ep  84 loss  1154069.6 kl 347.9063 | test net1 MAE 93.44 RMSE 154.84 MAPE 30.40 | 1646s
ep  85 loss  1171592.4 kl 357.0079 | test net1 MAE 94.06 RMSE 144.94 MAPE 32.75 | 1672s
ep  86 loss  1136711.3 kl 342.0154 | test net1 MAE 76.57 RMSE 120.16 MAPE 28.24 | 1698s
ep  87 loss  1154226.7 kl 349.7039 | test net1 MAE 102.98 RMSE 165.16 MAPE 34.91 | 1726s
ep  88 loss  1108941.7 kl 342.3390 | test net1 MAE 89.38 RMSE 132.49 MAPE 39.67 | 1752s
ep  89 loss  1099156.2 kl 337.8053 | test net1 MAE 70.51 RMSE 109.11 MAPE 30.35 | 1779s
ep  90 loss  1100983.5 kl 340.6576 | test net1 MAE 70.03 RMSE 110.75 MAPE 27.34 | 1805s
ep  91 loss  1055857.4 kl 316.7259 | test net1 MAE 82.90 RMSE 124.79 MAPE 29.51 | 1831s
ep  92 loss  1183352.9 kl 337.9136 | test net1 MAE 82.80 RMSE 131.87 MAPE 26.58 | 1857s
ep  93 loss  1029040.8 kl 325.1791 | test net1 MAE 72.05 RMSE 118.22 MAPE 24.91 | 1883s
ep  94 loss  1104789.2 kl 325.4560 | test net1 MAE 82.93 RMSE 124.92 MAPE 33.18 | 1910s
ep  95 loss  1047785.3 kl 326.0593 | test net1 MAE 107.28 RMSE 159.65 MAPE 37.72 | 1936s
ep  96 loss  1077280.2 kl 330.4350 | test net1 MAE 82.33 RMSE 127.12 MAPE 30.50 | 1962s
ep  97 loss  1045416.0 kl 331.4217 | test net1 MAE 75.84 RMSE 126.97 MAPE 26.19 | 1988s
ep  98 loss  1110541.4 kl 333.6407 | test net1 MAE 70.12 RMSE 114.24 MAPE 29.05 | 2014s
ep  99 loss  1017950.3 kl 326.8347 | test net1 MAE 97.63 RMSE 139.31 MAPE 34.78 | 2035s
ep 100 loss  1108525.7 kl 335.8266 | test net1 MAE 68.75 RMSE 108.95 MAPE 23.41 | 2048s
ep 101 loss  1175718.4 kl 341.7400 | test net1 MAE 66.11 RMSE 104.45 MAPE 25.02 | 2063s
ep 102 loss  1081418.4 kl 330.6602 | test net1 MAE 108.69 RMSE 145.59 MAPE 51.94 | 2077s
ep 103 loss  1060742.7 kl 319.4299 | test net1 MAE 81.16 RMSE 128.56 MAPE 27.08 | 2091s
ep 104 loss  1135669.2 kl 348.8834 | test net1 MAE 82.12 RMSE 125.70 MAPE 28.52 | 2105s
ep 105 loss  1052583.5 kl 321.6214 | test net1 MAE 69.36 RMSE 108.12 MAPE 25.46 | 2119s
ep 106 loss  1187449.9 kl 344.8025 | test net1 MAE 76.83 RMSE 122.32 MAPE 25.29 | 2133s
ep 107 loss  1031347.2 kl 325.8242 | test net1 MAE 67.78 RMSE 107.81 MAPE 22.89 | 2147s
ep 108 loss   955329.5 kl 314.7545 | test net1 MAE 77.80 RMSE 122.72 MAPE 34.58 | 2161s
ep 109 loss   947870.1 kl 309.6850 | test net1 MAE 84.74 RMSE 134.74 MAPE 27.59 | 2175s
ep 110 loss   983752.6 kl 300.9336 | test net1 MAE 74.27 RMSE 115.71 MAPE 28.67 | 2189s
ep 111 loss   994559.9 kl 308.3281 | test net1 MAE 67.77 RMSE 105.35 MAPE 25.14 | 2203s
ep 112 loss  1006729.8 kl 307.9994 | test net1 MAE 71.70 RMSE 105.63 MAPE 30.08 | 2217s
ep 113 loss  1016816.3 kl 296.5501 | test net1 MAE 64.22 RMSE 101.01 MAPE 23.75 | 2231s
ep 114 loss  1342360.6 kl 365.4554 | test net1 MAE 84.15 RMSE 141.51 MAPE 27.41 | 2245s
ep 115 loss   972435.7 kl 314.2170 | test net1 MAE 74.12 RMSE 118.34 MAPE 24.56 | 2260s
ep 116 loss   962540.7 kl 311.2322 | test net1 MAE 77.48 RMSE 120.67 MAPE 25.13 | 2273s
ep 117 loss   961629.4 kl 298.4160 | test net1 MAE 75.91 RMSE 113.97 MAPE 29.05 | 2288s
ep 118 loss  1007480.8 kl 315.2230 | test net1 MAE 96.62 RMSE 154.99 MAPE 29.41 | 2301s
ep 119 loss  1039637.1 kl 324.5604 | test net1 MAE 75.03 RMSE 116.49 MAPE 28.51 | 2316s
ep 120 loss   961425.0 kl 302.4831 | test net1 MAE 65.82 RMSE 104.64 MAPE 23.62 | 2330s
ep 121 loss   952075.7 kl 303.1822 | test net1 MAE 89.33 RMSE 139.83 MAPE 30.66 | 2344s
ep 122 loss   997731.1 kl 304.2923 | test net1 MAE 77.61 RMSE 120.54 MAPE 28.91 | 2358s
ep 123 loss   958048.3 kl 305.1101 | test net1 MAE 73.82 RMSE 119.85 MAPE 25.99 | 2372s
ep 124 loss   935723.6 kl 325.1107 | test net1 MAE 83.17 RMSE 124.49 MAPE 29.07 | 2386s
ep 125 loss  1026059.4 kl 306.8985 | test net1 MAE 71.77 RMSE 116.48 MAPE 24.16 | 2401s
ep 126 loss   920407.8 kl 296.7853 | test net1 MAE 73.48 RMSE 115.09 MAPE 24.96 | 2414s
ep 127 loss  1016788.1 kl 322.6180 | test net1 MAE 73.37 RMSE 124.56 MAPE 26.08 | 2428s
ep 128 loss   909695.4 kl 302.7523 | test net1 MAE 70.46 RMSE 111.30 MAPE 28.45 | 2443s
ep 129 loss   985921.9 kl 296.2660 | test net1 MAE 65.44 RMSE 103.54 MAPE 23.45 | 2457s
ep 130 loss   932011.4 kl 292.8736 | test net1 MAE 65.92 RMSE 106.50 MAPE 23.12 | 2470s
ep 131 loss  1089059.7 kl 309.2786 | test net1 MAE 100.80 RMSE 164.25 MAPE 34.78 | 2484s
ep 132 loss   980879.7 kl 311.7616 | test net1 MAE 79.97 RMSE 124.85 MAPE 26.68 | 2498s
ep 133 loss   911203.1 kl 304.0884 | test net1 MAE 77.17 RMSE 125.88 MAPE 24.08 | 2513s
ep 134 loss   920451.5 kl 294.4234 | test net1 MAE 69.02 RMSE 107.14 MAPE 24.88 | 2526s
ep 135 loss   916357.6 kl 293.6689 | test net1 MAE 65.51 RMSE 106.51 MAPE 23.71 | 2540s
ep 136 loss   984817.2 kl 312.5386 | test net1 MAE 78.39 RMSE 136.80 MAPE 25.22 | 2554s
ep 137 loss   935179.0 kl 298.5734 | test net1 MAE 73.42 RMSE 119.64 MAPE 27.66 | 2568s
ep 138 loss   901128.1 kl 289.6495 | test net1 MAE 93.30 RMSE 156.19 MAPE 28.68 | 2582s
ep 139 loss   934142.7 kl 294.3773 | test net1 MAE 64.57 RMSE 99.99 MAPE 24.10 | 2597s
ep 140 loss   845547.7 kl 277.7458 | test net1 MAE 75.97 RMSE 122.76 MAPE 23.64 | 2611s
ep 141 loss   910640.6 kl 309.7865 | test net1 MAE 77.99 RMSE 122.71 MAPE 26.53 | 2625s
ep 142 loss   929003.6 kl 302.4802 | test net1 MAE 73.14 RMSE 113.16 MAPE 27.44 | 2639s
ep 143 loss   895027.0 kl 300.6075 | test net1 MAE 61.83 RMSE 99.75 MAPE 21.77 | 2652s
ep 144 loss   895936.4 kl 292.3931 | test net1 MAE 61.92 RMSE 99.61 MAPE 21.66 | 2667s
ep 145 loss   906889.3 kl 305.9823 | test net1 MAE 70.99 RMSE 119.79 MAPE 22.28 | 2680s
ep 146 loss   956041.4 kl 324.0388 | test net1 MAE 63.65 RMSE 102.87 MAPE 20.67 | 2694s
ep 147 loss   896899.4 kl 280.5282 | test net1 MAE 72.88 RMSE 113.60 MAPE 23.48 | 2708s
ep 148 loss   914279.1 kl 297.7220 | test net1 MAE 78.67 RMSE 109.86 MAPE 38.40 | 2721s
ep 149 loss   891498.0 kl 283.1474 | test net1 MAE 64.77 RMSE 102.75 MAPE 24.73 | 2736s
ep 150 loss   917112.9 kl 286.2117 | test net1 MAE 61.12 RMSE 94.60 MAPE 21.97 | 2750s
ep 151 loss   870666.5 kl 289.9799 | test net1 MAE 74.40 RMSE 115.78 MAPE 22.95 | 2764s
ep 152 loss   962485.0 kl 312.8322 | test net1 MAE 73.60 RMSE 111.21 MAPE 27.41 | 2778s
ep 153 loss   882924.4 kl 296.3949 | test net1 MAE 80.03 RMSE 125.94 MAPE 28.21 | 2792s
ep 154 loss  1003378.4 kl 310.2235 | test net1 MAE 90.20 RMSE 140.54 MAPE 29.17 | 2806s
ep 155 loss   929440.1 kl 298.2230 | test net1 MAE 69.83 RMSE 109.31 MAPE 23.43 | 2820s
ep 156 loss   880005.5 kl 291.3156 | test net1 MAE 74.45 RMSE 115.45 MAPE 24.28 | 2834s
ep 157 loss   861102.8 kl 287.4296 | test net1 MAE 70.52 RMSE 116.56 MAPE 26.33 | 2848s
ep 158 loss   855975.9 kl 283.5473 | test net1 MAE 75.30 RMSE 112.25 MAPE 27.55 | 2862s
ep 159 loss   849380.5 kl 294.2902 | test net1 MAE 64.31 RMSE 100.65 MAPE 23.03 | 2876s
ep 160 loss   816043.0 kl 279.0538 | test net1 MAE 65.24 RMSE 104.74 MAPE 22.71 | 2890s
ep 161 loss   865588.4 kl 277.3651 | test net1 MAE 68.86 RMSE 107.00 MAPE 25.15 | 2904s
ep 162 loss   951688.6 kl 306.6729 | test net1 MAE 68.42 RMSE 114.63 MAPE 22.81 | 2918s
ep 163 loss   818619.7 kl 280.3479 | test net1 MAE 65.29 RMSE 106.53 MAPE 21.88 | 2931s
ep 164 loss   903783.5 kl 296.3863 | test net1 MAE 67.56 RMSE 109.12 MAPE 24.97 | 2945s
ep 165 loss   847767.1 kl 292.1946 | test net1 MAE 63.85 RMSE 99.40 MAPE 20.01 | 2959s
ep 166 loss   867992.7 kl 288.8653 | test net1 MAE 73.88 RMSE 116.39 MAPE 24.26 | 2973s
ep 167 loss   859688.7 kl 309.3734 | test net1 MAE 63.05 RMSE 100.03 MAPE 20.45 | 2987s
ep 168 loss   824047.8 kl 283.1864 | test net1 MAE 60.27 RMSE 98.75 MAPE 20.26 | 3001s
ep 169 loss   769833.2 kl 263.0881 | test net1 MAE 77.32 RMSE 131.69 MAPE 22.16 | 3015s
ep 170 loss   896812.7 kl 292.8134 | test net1 MAE 99.56 RMSE 169.23 MAPE 26.47 | 3029s
ep 171 loss   919650.2 kl 300.7709 | test net1 MAE 65.75 RMSE 106.78 MAPE 22.29 | 3043s
ep 172 loss   819800.9 kl 280.6586 | test net1 MAE 64.90 RMSE 104.01 MAPE 20.55 | 3057s
ep 173 loss   814152.1 kl 275.0506 | test net1 MAE 59.59 RMSE 92.86 MAPE 22.23 | 3072s
ep 174 loss   832248.9 kl 281.9737 | test net1 MAE 70.34 RMSE 108.18 MAPE 26.56 | 3085s
ep 175 loss   856358.0 kl 281.6934 | test net1 MAE 59.50 RMSE 94.52 MAPE 20.92 | 3099s
ep 176 loss   802339.8 kl 265.1480 | test net1 MAE 65.50 RMSE 99.33 MAPE 25.42 | 3114s
ep 177 loss   854016.5 kl 279.0171 | test net1 MAE 63.82 RMSE 98.67 MAPE 27.69 | 3127s
ep 178 loss   812460.1 kl 261.0340 | test net1 MAE 73.06 RMSE 114.99 MAPE 24.41 | 3141s
ep 179 loss   789192.3 kl 271.0255 | test net1 MAE 76.32 RMSE 129.83 MAPE 24.80 | 3155s
ep 180 loss   809062.6 kl 273.2716 | test net1 MAE 66.83 RMSE 109.59 MAPE 22.76 | 3170s
ep 181 loss   794578.2 kl 270.3113 | test net1 MAE 75.31 RMSE 119.95 MAPE 24.58 | 3184s
ep 182 loss   880091.8 kl 287.4570 | test net1 MAE 83.02 RMSE 134.73 MAPE 34.19 | 3198s
ep 183 loss   896387.6 kl 293.7514 | test net1 MAE 79.77 RMSE 109.71 MAPE 38.85 | 3212s
ep 184 loss   814674.4 kl 285.5405 | test net1 MAE 65.38 RMSE 104.70 MAPE 22.89 | 3225s
ep 185 loss   815774.8 kl 267.0662 | test net1 MAE 67.02 RMSE 106.78 MAPE 22.62 | 3241s
ep 186 loss   761672.5 kl 263.8857 | test net1 MAE 67.17 RMSE 105.25 MAPE 23.01 | 3255s
ep 187 loss   783721.2 kl 256.6459 | test net1 MAE 74.45 RMSE 121.94 MAPE 25.88 | 3270s
ep 188 loss   766463.4 kl 268.4186 | test net1 MAE 73.31 RMSE 124.34 MAPE 23.14 | 3284s
ep 189 loss   772304.7 kl 266.4121 | test net1 MAE 66.70 RMSE 107.67 MAPE 21.92 | 3298s
ep 190 loss   756473.7 kl 268.6714 | test net1 MAE 65.04 RMSE 104.10 MAPE 22.04 | 3311s
ep 191 loss   863765.0 kl 268.4285 | test net1 MAE 75.98 RMSE 124.14 MAPE 23.67 | 3326s
ep 192 loss   828741.0 kl 281.8211 | test net1 MAE 80.81 RMSE 125.59 MAPE 28.55 | 3340s
ep 193 loss   870456.6 kl 280.8867 | test net1 MAE 66.49 RMSE 100.49 MAPE 23.92 | 3354s
ep 194 loss   824411.5 kl 279.8927 | test net1 MAE 83.35 RMSE 138.59 MAPE 23.95 | 3368s
ep 195 loss   811909.1 kl 274.0278 | test net1 MAE 70.57 RMSE 114.34 MAPE 25.46 | 3382s
ep 196 loss   810249.8 kl 276.7886 | test net1 MAE 73.19 RMSE 115.43 MAPE 27.86 | 3396s
ep 197 loss   755551.6 kl 258.9056 | test net1 MAE 64.73 RMSE 103.04 MAPE 23.17 | 3410s
ep 198 loss   772869.8 kl 275.4547 | test net1 MAE 64.36 RMSE 102.78 MAPE 26.39 | 3425s
ep 199 loss   784886.7 kl 261.5643 | test net1 MAE 66.62 RMSE 109.80 MAPE 22.66 | 3439s
ep 200 loss   791459.9 kl 267.6403 | test net1 MAE 71.83 RMSE 114.36 MAPE 24.12 | 3453s
ep 201 loss   815469.6 kl 274.4968 | test net1 MAE 70.54 RMSE 111.47 MAPE 24.82 | 3467s
ep 202 loss   764042.7 kl 263.3733 | test net1 MAE 70.32 RMSE 115.77 MAPE 22.12 | 3481s
ep 203 loss   781690.0 kl 266.7001 | test net1 MAE 66.66 RMSE 108.55 MAPE 22.40 | 3496s
ep 204 loss   841124.5 kl 279.3949 | test net1 MAE 67.85 RMSE 112.94 MAPE 23.37 | 3510s
ep 205 loss   830075.5 kl 276.4002 | test net1 MAE 74.63 RMSE 115.80 MAPE 23.76 | 3524s
ep 206 loss   776842.8 kl 267.8391 | test net1 MAE 70.60 RMSE 116.18 MAPE 25.61 | 3537s
ep 207 loss   728276.5 kl 269.7364 | test net1 MAE 65.40 RMSE 104.72 MAPE 20.15 | 3551s
ep 208 loss   774571.4 kl 271.0496 | test net1 MAE 78.37 RMSE 122.05 MAPE 26.05 | 3565s
ep 209 loss   806630.7 kl 277.4714 | test net1 MAE 65.01 RMSE 103.05 MAPE 23.27 | 3580s
ep 210 loss   758084.6 kl 260.5701 | test net1 MAE 76.19 RMSE 125.75 MAPE 25.41 | 3594s
ep 211 loss   791110.5 kl 255.6317 | test net1 MAE 70.47 RMSE 116.92 MAPE 22.93 | 3607s
ep 212 loss   787612.1 kl 273.5503 | test net1 MAE 67.55 RMSE 108.22 MAPE 23.33 | 3622s
ep 213 loss   780978.7 kl 268.2348 | test net1 MAE 64.77 RMSE 104.85 MAPE 22.47 | 3636s
ep 214 loss   749573.4 kl 268.0278 | test net1 MAE 63.24 RMSE 102.33 MAPE 20.42 | 3650s
ep 215 loss   775690.9 kl 274.5427 | test net1 MAE 70.58 RMSE 116.54 MAPE 25.48 | 3664s
ep 216 loss   778987.0 kl 280.4533 | test net1 MAE 79.94 RMSE 130.16 MAPE 26.32 | 3678s
ep 217 loss   862059.7 kl 276.2425 | test net1 MAE 64.44 RMSE 106.59 MAPE 21.02 | 3692s
ep 218 loss   742046.0 kl 269.3909 | test net1 MAE 64.06 RMSE 105.88 MAPE 20.18 | 3706s
ep 219 loss   770279.2 kl 261.0267 | test net1 MAE 67.37 RMSE 113.59 MAPE 24.06 | 3720s
ep 220 loss   811826.3 kl 276.5525 | test net1 MAE 79.44 RMSE 123.29 MAPE 27.56 | 3734s
ep 221 loss   762998.6 kl 270.4238 | test net1 MAE 76.46 RMSE 120.62 MAPE 33.16 | 3748s
ep 222 loss   791234.3 kl 259.7813 | test net1 MAE 68.76 RMSE 112.38 MAPE 22.91 | 3762s
ep 223 loss   769029.8 kl 271.6539 | test net1 MAE 63.67 RMSE 103.04 MAPE 22.16 | 3777s
ep 224 loss   791318.3 kl 259.4790 | test net1 MAE 72.57 RMSE 118.04 MAPE 22.21 | 3791s
ep 225 loss   788666.7 kl 270.7295 | test net1 MAE 79.37 RMSE 124.70 MAPE 24.25 | 3805s
ep 226 loss   785432.1 kl 268.2524 | test net1 MAE 60.47 RMSE 91.72 MAPE 24.07 | 3819s
ep 227 loss   725499.5 kl 257.2248 | test net1 MAE 63.83 RMSE 103.30 MAPE 20.91 | 3832s
ep 228 loss   776790.3 kl 271.7461 | test net1 MAE 65.61 RMSE 103.55 MAPE 22.39 | 3846s
ep 229 loss   765584.1 kl 262.8328 | test net1 MAE 66.77 RMSE 108.62 MAPE 26.43 | 3860s
ep 230 loss   734671.8 kl 269.1295 | test net1 MAE 67.01 RMSE 109.47 MAPE 23.89 | 3874s
ep 231 loss   728384.5 kl 268.4367 | test net1 MAE 64.22 RMSE 104.61 MAPE 20.50 | 3888s
ep 232 loss   732288.2 kl 260.8532 | test net1 MAE 65.66 RMSE 106.26 MAPE 22.86 | 3902s
ep 233 loss   749074.9 kl 260.7323 | test net1 MAE 65.31 RMSE 100.20 MAPE 22.85 | 3916s
ep 234 loss   806120.4 kl 269.0919 | test net1 MAE 65.02 RMSE 101.38 MAPE 21.75 | 3930s
ep 235 loss   741770.1 kl 272.6003 | test net1 MAE 59.28 RMSE 93.49 MAPE 19.30 | 3944s
ep 236 loss   756414.8 kl 264.8241 | test net1 MAE 67.41 RMSE 109.99 MAPE 25.85 | 3958s
ep 237 loss   721860.4 kl 252.1976 | test net1 MAE 63.88 RMSE 105.60 MAPE 23.81 | 3972s
ep 238 loss   818528.5 kl 276.3365 | test net1 MAE 62.24 RMSE 98.45 MAPE 25.31 | 3987s
ep 239 loss   754290.7 kl 271.8502 | test net1 MAE 77.77 RMSE 124.08 MAPE 30.60 | 4001s
ep 240 loss   809276.2 kl 266.1396 | test net1 MAE 73.64 RMSE 115.71 MAPE 25.62 | 4015s
ep 241 loss   773436.7 kl 283.0997 | test net1 MAE 65.58 RMSE 106.44 MAPE 23.77 | 4029s
ep 242 loss   804711.1 kl 276.3698 | test net1 MAE 61.73 RMSE 97.57 MAPE 21.36 | 4043s
ep 243 loss   732204.8 kl 261.2696 | test net1 MAE 59.46 RMSE 92.20 MAPE 21.03 | 4057s
ep 244 loss   702358.0 kl 257.4109 | test net1 MAE 62.41 RMSE 99.84 MAPE 21.00 | 4071s
ep 245 loss   788108.7 kl 283.7231 | test net1 MAE 75.76 RMSE 126.88 MAPE 26.44 | 4086s
ep 246 loss   712309.6 kl 256.4068 | test net1 MAE 62.53 RMSE 100.94 MAPE 20.65 | 4100s
ep 247 loss   685864.6 kl 258.1253 | test net1 MAE 65.85 RMSE 110.89 MAPE 20.11 | 4114s
ep 248 loss   689243.3 kl 251.4000 | test net1 MAE 67.70 RMSE 109.58 MAPE 25.57 | 4129s
ep 249 loss   685099.5 kl 257.1294 | test net1 MAE 85.54 RMSE 132.76 MAPE 29.33 | 4142s
ep 250 loss   776157.9 kl 273.7731 | test net1 MAE 63.40 RMSE 102.53 MAPE 21.02 | 4156s
ep 251 loss   721590.2 kl 257.3482 | test net1 MAE 59.63 RMSE 91.49 MAPE 20.65 | 4170s
ep 252 loss   702314.5 kl 258.6430 | test net1 MAE 61.71 RMSE 100.07 MAPE 20.93 | 4184s
ep 253 loss   664696.4 kl 242.7107 | test net1 MAE 66.16 RMSE 110.10 MAPE 20.20 | 4198s
ep 254 loss   761259.0 kl 261.4408 | test net1 MAE 71.40 RMSE 106.13 MAPE 27.34 | 4212s
ep 255 loss   747421.5 kl 266.3453 | test net1 MAE 59.73 RMSE 92.78 MAPE 19.26 | 4227s
ep 256 loss   733077.7 kl 257.3396 | test net1 MAE 72.87 RMSE 116.35 MAPE 26.84 | 4240s
ep 257 loss   761125.3 kl 263.3022 | test net1 MAE 69.68 RMSE 110.03 MAPE 23.06 | 4254s
ep 258 loss   694072.6 kl 251.7437 | test net1 MAE 63.21 RMSE 98.00 MAPE 25.85 | 4268s
ep 259 loss   703254.6 kl 261.0535 | test net1 MAE 60.26 RMSE 92.84 MAPE 27.57 | 4282s
ep 260 loss   810538.9 kl 289.9852 | test net1 MAE 72.82 RMSE 105.40 MAPE 36.25 | 4297s
ep 261 loss  1032607.7 kl 318.2042 | test net1 MAE 72.24 RMSE 120.51 MAPE 25.16 | 4311s
ep 262 loss   811724.6 kl 288.0215 | test net1 MAE 67.14 RMSE 109.32 MAPE 23.61 | 4324s
ep 263 loss   799929.3 kl 263.3945 | test net1 MAE 62.18 RMSE 98.69 MAPE 24.90 | 4338s
ep 264 loss   784257.6 kl 291.5648 | test net1 MAE 67.08 RMSE 112.02 MAPE 22.71 | 4352s
ep 265 loss   806715.3 kl 267.2600 | test net1 MAE 64.38 RMSE 103.02 MAPE 23.91 | 4367s
ep 266 loss   740476.2 kl 270.7654 | test net1 MAE 62.03 RMSE 95.65 MAPE 25.05 | 4380s
ep 267 loss   751709.1 kl 267.0217 | test net1 MAE 59.48 RMSE 96.52 MAPE 19.99 | 4394s
ep 268 loss   761688.6 kl 266.4025 | test net1 MAE 65.20 RMSE 108.60 MAPE 22.81 | 4407s
ep 269 loss   746639.2 kl 263.4222 | test net1 MAE 62.41 RMSE 105.39 MAPE 21.11 | 4422s
ep 270 loss   713109.7 kl 254.8725 | test net1 MAE 67.14 RMSE 105.11 MAPE 26.73 | 4436s
ep 271 loss   780481.8 kl 261.0116 | test net1 MAE 62.79 RMSE 102.28 MAPE 24.51 | 4449s
ep 272 loss   786049.3 kl 273.5440 | test net1 MAE 68.25 RMSE 106.57 MAPE 23.02 | 4464s
ep 273 loss   745560.6 kl 269.3512 | test net1 MAE 65.96 RMSE 109.59 MAPE 20.55 | 4477s
ep 274 loss   710204.3 kl 258.7917 | test net1 MAE 71.97 RMSE 111.89 MAPE 27.22 | 4489s
ep 275 loss   697892.9 kl 250.0216 | test net1 MAE 63.99 RMSE 106.80 MAPE 23.69 | 4502s
ep 276 loss   688206.1 kl 258.5104 | test net1 MAE 63.31 RMSE 107.55 MAPE 20.22 | 4515s
ep 277 loss   671872.0 kl 245.8608 | test net1 MAE 61.49 RMSE 104.28 MAPE 23.63 | 4529s
ep 278 loss   694216.6 kl 255.8901 | test net1 MAE 65.56 RMSE 108.60 MAPE 21.59 | 4543s
ep 279 loss   730020.4 kl 258.7249 | test net1 MAE 65.63 RMSE 106.05 MAPE 24.04 | 4556s
ep 280 loss   710243.9 kl 243.5146 | test net1 MAE 65.04 RMSE 107.26 MAPE 20.83 | 4570s
ep 281 loss   707531.5 kl 252.8488 | test net1 MAE 63.76 RMSE 104.49 MAPE 20.99 | 4585s
ep 282 loss   703617.6 kl 263.2436 | test net1 MAE 59.37 RMSE 95.83 MAPE 20.55 | 4598s
ep 283 loss   725807.1 kl 254.3628 | test net1 MAE 63.79 RMSE 102.55 MAPE 21.85 | 4612s
ep 284 loss   709517.5 kl 249.4065 | test net1 MAE 62.40 RMSE 99.87 MAPE 22.04 | 4627s
ep 285 loss   797444.4 kl 280.2310 | test net1 MAE 59.28 RMSE 96.81 MAPE 20.22 | 4641s
ep 286 loss   735488.0 kl 247.2309 | test net1 MAE 67.42 RMSE 106.28 MAPE 27.62 | 4656s
ep 287 loss   686425.1 kl 252.0570 | test net1 MAE 57.51 RMSE 91.42 MAPE 20.50 | 4670s
ep 288 loss   681246.3 kl 249.7867 | test net1 MAE 61.31 RMSE 103.32 MAPE 20.14 | 4683s
ep 289 loss   670845.1 kl 252.5503 | test net1 MAE 59.77 RMSE 98.89 MAPE 19.79 | 4696s
ep 290 loss   661405.6 kl 241.2957 | test net1 MAE 64.40 RMSE 103.73 MAPE 21.51 | 4709s
ep 291 loss   668802.1 kl 243.3338 | test net1 MAE 63.62 RMSE 107.24 MAPE 20.83 | 4722s
ep 292 loss   662993.6 kl 245.1432 | test net1 MAE 66.53 RMSE 111.88 MAPE 21.87 | 4735s
ep 293 loss   667531.4 kl 248.6214 | test net1 MAE 82.35 RMSE 141.03 MAPE 23.64 | 4748s
ep 294 loss   734913.5 kl 259.1676 | test net1 MAE 61.21 RMSE 101.46 MAPE 22.57 | 4760s
ep 295 loss   709269.1 kl 258.3432 | test net1 MAE 62.44 RMSE 103.12 MAPE 21.29 | 4773s
ep 296 loss   660617.6 kl 242.1220 | test net1 MAE 56.81 RMSE 91.14 MAPE 21.66 | 4786s
ep 297 loss   675081.8 kl 248.3043 | test net1 MAE 63.55 RMSE 106.29 MAPE 22.06 | 4800s
ep 298 loss   719408.1 kl 244.7748 | test net1 MAE 68.37 RMSE 109.10 MAPE 25.07 | 4814s
ep 299 loss   702734.4 kl 259.1483 | test net1 MAE 58.06 RMSE 91.32 MAPE 21.32 | 4827s
ep 300 loss   873490.9 kl 299.0854 | test net1 MAE 67.39 RMSE 108.09 MAPE 26.02 | 4841s
ep 301 loss   802122.3 kl 263.6930 | test net1 MAE 64.12 RMSE 99.59 MAPE 25.93 | 4853s
ep 302 loss   800137.1 kl 272.9876 | test net1 MAE 65.12 RMSE 108.36 MAPE 23.31 | 4866s
ep 303 loss   751102.6 kl 275.2403 | test net1 MAE 69.57 RMSE 116.89 MAPE 22.46 | 4878s
ep 304 loss   759228.7 kl 278.6795 | test net1 MAE 66.35 RMSE 107.42 MAPE 22.37 | 4891s
ep 305 loss   700851.2 kl 251.0403 | test net1 MAE 61.17 RMSE 95.20 MAPE 22.98 | 4905s
ep 306 loss   744370.6 kl 257.4822 | test net1 MAE 63.82 RMSE 104.21 MAPE 22.23 | 4917s
ep 307 loss   699200.0 kl 275.0330 | test net1 MAE 62.45 RMSE 101.95 MAPE 22.71 | 4931s
ep 308 loss   691170.0 kl 264.5478 | test net1 MAE 64.20 RMSE 107.15 MAPE 21.75 | 4944s
ep 309 loss   707246.9 kl 248.6172 | test net1 MAE 61.83 RMSE 100.78 MAPE 21.63 | 4957s
ep 310 loss   692297.4 kl 264.3677 | test net1 MAE 67.89 RMSE 115.90 MAPE 23.52 | 4971s
ep 311 loss   696661.0 kl 258.6393 | test net1 MAE 60.65 RMSE 100.06 MAPE 20.92 | 4984s
ep 312 loss   746534.7 kl 261.1486 | test net1 MAE 68.84 RMSE 110.85 MAPE 23.97 | 4997s
ep 313 loss   739100.9 kl 279.0358 | test net1 MAE 64.87 RMSE 104.23 MAPE 24.80 | 5010s
ep 314 loss   730687.9 kl 266.1176 | test net1 MAE 62.82 RMSE 100.27 MAPE 22.59 | 5024s
ep 315 loss   701801.8 kl 271.8656 | test net1 MAE 68.05 RMSE 110.89 MAPE 23.14 | 5037s
ep 316 loss   700440.0 kl 253.5418 | test net1 MAE 70.00 RMSE 108.98 MAPE 22.88 | 5050s
ep 317 loss   832356.2 kl 282.9688 | test net1 MAE 68.88 RMSE 104.39 MAPE 26.99 | 5063s
ep 318 loss   749297.1 kl 267.7095 | test net1 MAE 64.89 RMSE 105.51 MAPE 22.52 | 5077s
ep 319 loss   687380.9 kl 253.6793 | test net1 MAE 64.35 RMSE 104.02 MAPE 22.65 | 5090s
ep 320 loss   761762.6 kl 276.4156 | test net1 MAE 60.68 RMSE 97.70 MAPE 27.19 | 5104s
ep 321 loss   747331.7 kl 272.5552 | test net1 MAE 71.74 RMSE 112.55 MAPE 26.24 | 5117s
ep 322 loss   682079.2 kl 260.4959 | test net1 MAE 61.18 RMSE 100.70 MAPE 21.39 | 5130s
ep 323 loss   686087.8 kl 262.2654 | test net1 MAE 64.51 RMSE 103.26 MAPE 23.33 | 5143s
ep 324 loss   706058.1 kl 262.2978 | test net1 MAE 66.47 RMSE 106.44 MAPE 24.05 | 5156s
ep 325 loss   681948.3 kl 258.3950 | test net1 MAE 60.16 RMSE 99.05 MAPE 21.53 | 5169s
ep 326 loss   683810.2 kl 255.1031 | test net1 MAE 63.04 RMSE 101.81 MAPE 21.00 | 5182s
ep 327 loss   704572.6 kl 262.4723 | test net1 MAE 70.70 RMSE 102.34 MAPE 33.93 | 5195s
ep 328 loss   663102.2 kl 251.6514 | test net1 MAE 59.62 RMSE 91.50 MAPE 20.82 | 5208s
ep 329 loss   659445.2 kl 241.2849 | test net1 MAE 68.10 RMSE 110.96 MAPE 22.15 | 5220s
ep 330 loss   686213.3 kl 246.3697 | test net1 MAE 64.28 RMSE 103.53 MAPE 23.54 | 5235s
ep 331 loss   669218.2 kl 258.9691 | test net1 MAE 60.06 RMSE 93.86 MAPE 21.47 | 5248s
ep 332 loss   643455.3 kl 248.6450 | test net1 MAE 63.53 RMSE 106.23 MAPE 21.33 | 5261s
ep 333 loss   713260.2 kl 253.5811 | test net1 MAE 75.87 RMSE 119.26 MAPE 25.25 | 5275s
ep 334 loss   712424.4 kl 250.0678 | test net1 MAE 65.63 RMSE 110.78 MAPE 23.00 | 5289s
ep 335 loss   689316.0 kl 260.5963 | test net1 MAE 58.52 RMSE 91.98 MAPE 20.36 | 5302s
ep 336 loss   673499.2 kl 252.1343 | test net1 MAE 66.66 RMSE 108.25 MAPE 22.08 | 5316s
ep 337 loss   666701.2 kl 249.6925 | test net1 MAE 72.52 RMSE 120.94 MAPE 25.02 | 5328s
ep 338 loss   845304.6 kl 281.5235 | test net1 MAE 86.58 RMSE 139.49 MAPE 30.46 | 5341s
ep 339 loss   761346.7 kl 264.0879 | test net1 MAE 67.93 RMSE 103.71 MAPE 25.74 | 5354s
ep 340 loss   792165.9 kl 268.5320 | test net1 MAE 84.49 RMSE 139.16 MAPE 39.77 | 5367s
ep 341 loss   838401.0 kl 307.1671 | test net1 MAE 72.45 RMSE 115.18 MAPE 26.56 | 5381s
ep 342 loss  1022617.6 kl 362.6560 | test net1 MAE 63.34 RMSE 100.84 MAPE 25.35 | 5395s
ep 343 loss   787590.1 kl 293.0476 | test net1 MAE 62.81 RMSE 101.67 MAPE 23.56 | 5408s
ep 344 loss   771331.6 kl 271.6833 | test net1 MAE 69.62 RMSE 111.15 MAPE 30.19 | 5421s
ep 345 loss   731000.3 kl 256.0968 | test net1 MAE 66.33 RMSE 108.60 MAPE 27.84 | 5434s
ep 346 loss   715674.4 kl 253.0296 | test net1 MAE 70.33 RMSE 109.05 MAPE 25.71 | 5447s
ep 347 loss   779748.9 kl 265.7654 | test net1 MAE 61.10 RMSE 98.62 MAPE 26.55 | 5461s
ep 348 loss   732406.9 kl 257.6759 | test net1 MAE 70.13 RMSE 109.36 MAPE 24.79 | 5473s
ep 349 loss   758843.2 kl 266.0714 | test net1 MAE 62.63 RMSE 102.77 MAPE 23.59 | 5487s
ep 350 loss   690821.4 kl 252.5716 | test net1 MAE 57.67 RMSE 92.22 MAPE 19.90 | 5501s
ep 351 loss   707710.5 kl 272.6282 | test net1 MAE 67.67 RMSE 106.80 MAPE 24.31 | 5514s
ep 352 loss   693203.4 kl 258.6763 | test net1 MAE 62.82 RMSE 103.31 MAPE 23.78 | 5527s
ep 353 loss   740888.5 kl 255.4105 | test net1 MAE 64.48 RMSE 106.81 MAPE 23.62 | 5541s
ep 354 loss   733309.0 kl 264.7917 | test net1 MAE 68.01 RMSE 109.97 MAPE 26.10 | 5553s
ep 355 loss   684269.7 kl 263.6961 | test net1 MAE 66.70 RMSE 108.86 MAPE 26.66 | 5566s
ep 356 loss   669784.8 kl 250.7719 | test net1 MAE 74.02 RMSE 120.93 MAPE 23.44 | 5579s
ep 357 loss   709013.9 kl 245.9135 | test net1 MAE 62.99 RMSE 96.71 MAPE 25.23 | 5592s
ep 358 loss   696390.9 kl 258.9515 | test net1 MAE 61.95 RMSE 100.23 MAPE 20.78 | 5605s
ep 359 loss   707151.5 kl 247.4314 | test net1 MAE 64.46 RMSE 102.18 MAPE 21.85 | 5618s
ep 360 loss   655581.4 kl 249.2271 | test net1 MAE 65.35 RMSE 110.29 MAPE 20.82 | 5630s
ep 361 loss   685709.1 kl 245.1599 | test net1 MAE 75.14 RMSE 130.52 MAPE 23.52 | 5644s
ep 362 loss   684404.4 kl 249.2507 | test net1 MAE 57.85 RMSE 97.46 MAPE 20.28 | 5657s
ep 363 loss   667582.5 kl 253.7960 | test net1 MAE 68.26 RMSE 106.08 MAPE 29.18 | 5671s
ep 364 loss   703261.1 kl 255.9368 | test net1 MAE 68.94 RMSE 111.62 MAPE 25.86 | 5683s
ep 365 loss   696074.7 kl 257.4228 | test net1 MAE 61.30 RMSE 101.84 MAPE 22.66 | 5696s
ep 366 loss   674411.4 kl 243.7158 | test net1 MAE 60.39 RMSE 92.98 MAPE 23.39 | 5710s
ep 367 loss   688199.4 kl 262.2637 | test net1 MAE 59.38 RMSE 95.28 MAPE 21.66 | 5723s
ep 368 loss   703972.2 kl 250.5221 | test net1 MAE 78.54 RMSE 125.20 MAPE 26.21 | 5736s
ep 369 loss   699293.4 kl 246.0568 | test net1 MAE 66.07 RMSE 114.14 MAPE 23.63 | 5749s
ep 370 loss   702078.5 kl 247.2196 | test net1 MAE 60.87 RMSE 95.61 MAPE 21.68 | 5763s
ep 371 loss   680678.8 kl 248.4006 | test net1 MAE 66.32 RMSE 104.90 MAPE 20.27 | 5777s
ep 372 loss   924513.7 kl 307.4533 | test net1 MAE 73.97 RMSE 110.56 MAPE 36.47 | 5790s
ep 373 loss   794621.1 kl 295.3326 | test net1 MAE 64.40 RMSE 102.99 MAPE 24.83 | 5803s
ep 374 loss   781270.8 kl 284.3297 | test net1 MAE 57.70 RMSE 89.19 MAPE 23.50 | 5817s
ep 375 loss   724642.5 kl 257.5227 | test net1 MAE 57.78 RMSE 93.22 MAPE 19.48 | 5830s
ep 376 loss   675728.4 kl 241.2162 | test net1 MAE 70.27 RMSE 108.82 MAPE 25.41 | 5843s
ep 377 loss   662575.7 kl 245.9436 | test net1 MAE 64.58 RMSE 102.21 MAPE 22.97 | 5857s
ep 378 loss   664325.7 kl 249.4610 | test net1 MAE 62.61 RMSE 102.53 MAPE 22.64 | 5871s
ep 379 loss   664817.9 kl 264.0304 | test net1 MAE 57.98 RMSE 94.09 MAPE 19.92 | 5884s
ep 380 loss   672326.7 kl 244.2839 | test net1 MAE 58.74 RMSE 96.39 MAPE 20.66 | 5896s
ep 381 loss   721517.1 kl 259.0241 | test net1 MAE 68.93 RMSE 114.01 MAPE 23.94 | 5910s
ep 382 loss   675473.7 kl 245.6867 | test net1 MAE 65.55 RMSE 104.40 MAPE 23.36 | 5924s
ep 383 loss   668887.0 kl 242.3680 | test net1 MAE 61.65 RMSE 94.68 MAPE 25.22 | 5937s
ep 384 loss   661298.4 kl 240.5832 | test net1 MAE 74.70 RMSE 115.78 MAPE 23.52 | 5950s
ep 385 loss   684611.4 kl 241.5714 | test net1 MAE 62.89 RMSE 107.14 MAPE 23.74 | 5964s
ep 386 loss   692986.6 kl 247.4412 | test net1 MAE 61.00 RMSE 97.28 MAPE 22.54 | 5976s
ep 387 loss   679172.8 kl 245.9554 | test net1 MAE 64.79 RMSE 103.01 MAPE 21.37 | 5989s
ep 388 loss   643615.9 kl 237.2117 | test net1 MAE 60.83 RMSE 94.02 MAPE 21.63 | 6002s
ep 389 loss   687702.1 kl 264.1760 | test net1 MAE 62.95 RMSE 99.98 MAPE 21.87 | 6015s
ep 390 loss   674024.1 kl 252.0069 | test net1 MAE 66.60 RMSE 106.00 MAPE 24.32 | 6029s
ep 391 loss   686213.3 kl 241.5284 | test net1 MAE 64.36 RMSE 103.92 MAPE 23.68 | 6042s
ep 392 loss   690418.8 kl 253.8576 | test net1 MAE 68.33 RMSE 109.34 MAPE 25.64 | 6056s
ep 393 loss   679264.2 kl 252.9481 | test net1 MAE 62.10 RMSE 101.40 MAPE 20.56 | 6069s
ep 394 loss   700207.0 kl 261.1949 | test net1 MAE 62.62 RMSE 98.89 MAPE 21.90 | 6082s
ep 395 loss   741570.0 kl 255.1754 | test net1 MAE 59.64 RMSE 96.92 MAPE 22.99 | 6096s
ep 396 loss   749926.1 kl 265.0726 | test net1 MAE 63.53 RMSE 103.97 MAPE 23.92 | 6109s
ep 397 loss   703929.0 kl 260.2624 | test net1 MAE 60.07 RMSE 96.32 MAPE 20.95 | 6122s
ep 398 loss   704143.9 kl 241.9274 | test net1 MAE 61.28 RMSE 95.40 MAPE 21.10 | 6135s
ep 399 loss   707479.1 kl 256.8195 | test net1 MAE 63.77 RMSE 107.32 MAPE 23.31 | 6149s
ep 400 loss   648602.7 kl 238.8035 | test net1 MAE 63.87 RMSE 101.05 MAPE 22.40 | 6162s
ep 401 loss   686078.4 kl 237.5776 | test net1 MAE 62.74 RMSE 102.34 MAPE 19.72 | 6175s
ep 402 loss   666209.9 kl 243.5273 | test net1 MAE 59.04 RMSE 96.85 MAPE 19.75 | 6187s
ep 403 loss   695611.4 kl 259.3941 | test net1 MAE 63.38 RMSE 101.64 MAPE 21.14 | 6201s
ep 404 loss   914439.7 kl 292.7132 | test net1 MAE 83.11 RMSE 126.01 MAPE 44.79 | 6215s
ep 405 loss   901719.0 kl 314.9414 | test net1 MAE 62.77 RMSE 98.10 MAPE 24.02 | 6228s
ep 406 loss   724378.3 kl 260.8620 | test net1 MAE 63.69 RMSE 98.90 MAPE 21.86 | 6241s
ep 407 loss   685113.4 kl 246.9671 | test net1 MAE 69.22 RMSE 109.05 MAPE 22.53 | 6255s
ep 408 loss   695289.1 kl 248.7449 | test net1 MAE 64.66 RMSE 105.93 MAPE 23.59 | 6268s
ep 409 loss   707393.2 kl 244.3754 | test net1 MAE 84.45 RMSE 139.57 MAPE 32.52 | 6281s
ep 410 loss   979261.9 kl 318.4484 | test net1 MAE 69.18 RMSE 110.59 MAPE 25.04 | 6295s
ep 411 loss   739632.9 kl 262.5670 | test net1 MAE 60.91 RMSE 97.15 MAPE 19.40 | 6308s
ep 412 loss   663213.4 kl 247.8936 | test net1 MAE 58.45 RMSE 94.98 MAPE 20.39 | 6321s
ep 413 loss   661642.9 kl 243.9098 | test net1 MAE 68.17 RMSE 104.62 MAPE 21.91 | 6334s
ep 414 loss   700386.6 kl 258.4962 | test net1 MAE 69.27 RMSE 109.24 MAPE 23.02 | 6348s
ep 415 loss   662505.6 kl 253.6962 | test net1 MAE 60.86 RMSE 95.14 MAPE 22.82 | 6362s
ep 416 loss   670083.5 kl 246.8657 | test net1 MAE 61.39 RMSE 95.19 MAPE 21.70 | 6375s
ep 417 loss   677252.0 kl 246.9020 | test net1 MAE 61.04 RMSE 96.38 MAPE 21.49 | 6388s
ep 418 loss   645358.2 kl 246.4552 | test net1 MAE 59.05 RMSE 96.60 MAPE 19.91 | 6401s
ep 419 loss   637684.6 kl 237.8259 | test net1 MAE 60.29 RMSE 103.74 MAPE 18.86 | 6415s
ep 420 loss   667158.1 kl 241.9298 | test net1 MAE 60.43 RMSE 96.32 MAPE 21.72 | 6428s
ep 421 loss   650705.5 kl 247.0689 | test net1 MAE 67.98 RMSE 107.59 MAPE 24.72 | 6442s
ep 422 loss   644856.0 kl 238.9813 | test net1 MAE 60.17 RMSE 98.42 MAPE 20.81 | 6455s
ep 423 loss   735370.6 kl 264.9931 | test net1 MAE 63.15 RMSE 101.32 MAPE 24.63 | 6468s
ep 424 loss   681615.9 kl 254.3259 | test net1 MAE 66.93 RMSE 96.23 MAPE 33.64 | 6481s
ep 425 loss   698379.6 kl 239.8682 | test net1 MAE 64.89 RMSE 102.64 MAPE 23.16 | 6494s
ep 426 loss   666686.6 kl 245.0173 | test net1 MAE 63.82 RMSE 101.94 MAPE 21.23 | 6507s
ep 427 loss   684157.1 kl 252.7037 | test net1 MAE 61.29 RMSE 98.00 MAPE 24.90 | 6521s
ep 428 loss   769340.5 kl 287.4377 | test net1 MAE 64.57 RMSE 103.27 MAPE 28.32 | 6534s
ep 429 loss   739902.9 kl 265.9072 | test net1 MAE 68.42 RMSE 111.49 MAPE 26.24 | 6548s
ep 430 loss   819798.8 kl 279.9733 | test net1 MAE 66.69 RMSE 103.19 MAPE 31.25 | 6561s
ep 431 loss   791803.4 kl 281.9632 | test net1 MAE 66.40 RMSE 109.27 MAPE 22.54 | 6574s
ep 432 loss   695757.4 kl 252.7306 | test net1 MAE 71.06 RMSE 113.68 MAPE 25.34 | 6587s
ep 433 loss   696504.1 kl 253.9796 | test net1 MAE 65.09 RMSE 102.15 MAPE 25.18 | 6600s
ep 434 loss   708211.4 kl 249.8344 | test net1 MAE 81.02 RMSE 126.03 MAPE 34.91 | 6614s
ep 435 loss   712888.9 kl 250.5082 | test net1 MAE 61.50 RMSE 97.56 MAPE 21.28 | 6628s
ep 436 loss   679209.7 kl 245.2852 | test net1 MAE 66.31 RMSE 102.03 MAPE 29.30 | 6641s
ep 437 loss   650506.4 kl 238.4809 | test net1 MAE 74.19 RMSE 115.91 MAPE 28.54 | 6654s
ep 438 loss   655945.2 kl 244.0568 | test net1 MAE 69.19 RMSE 110.79 MAPE 23.48 | 6668s
ep 439 loss   661533.4 kl 232.7590 | test net1 MAE 63.56 RMSE 104.87 MAPE 20.66 | 6681s
ep 440 loss   678786.0 kl 239.4532 | test net1 MAE 67.00 RMSE 110.92 MAPE 27.73 | 6694s
ep 441 loss   683828.8 kl 245.9273 | test net1 MAE 61.76 RMSE 102.35 MAPE 21.29 | 6708s
ep 442 loss   670247.6 kl 243.0353 | test net1 MAE 67.12 RMSE 107.91 MAPE 23.58 | 6721s
ep 443 loss   694720.4 kl 259.8534 | test net1 MAE 69.32 RMSE 112.14 MAPE 25.36 | 6735s
ep 444 loss   715517.5 kl 264.2292 | test net1 MAE 70.46 RMSE 116.87 MAPE 27.44 | 6748s
ep 445 loss   691837.2 kl 251.9670 | test net1 MAE 58.45 RMSE 91.65 MAPE 20.90 | 6761s
ep 446 loss   711215.9 kl 248.0409 | test net1 MAE 63.71 RMSE 108.46 MAPE 20.17 | 6774s
ep 447 loss   700950.0 kl 248.4576 | test net1 MAE 78.06 RMSE 128.81 MAPE 33.96 | 6787s
ep 448 loss   669117.8 kl 241.4888 | test net1 MAE 63.58 RMSE 104.20 MAPE 22.00 | 6801s
ep 449 loss   660097.0 kl 245.8224 | test net1 MAE 64.86 RMSE 110.03 MAPE 22.88 | 6814s
ep 450 loss   655985.1 kl 247.8079 | test net1 MAE 75.14 RMSE 122.20 MAPE 23.84 | 6827s
ep 451 loss   629309.9 kl 231.1923 | test net1 MAE 61.50 RMSE 98.30 MAPE 23.48 | 6841s
ep 452 loss   660212.3 kl 242.8298 | test net1 MAE 58.81 RMSE 95.44 MAPE 19.41 | 6854s
ep 453 loss   741512.0 kl 256.1051 | test net1 MAE 62.37 RMSE 101.93 MAPE 21.49 | 6868s
ep 454 loss   733932.9 kl 253.7622 | test net1 MAE 68.34 RMSE 107.94 MAPE 25.52 | 6881s
ep 455 loss   654647.1 kl 247.7560 | test net1 MAE 59.46 RMSE 96.57 MAPE 20.02 | 6895s
ep 456 loss   667529.4 kl 242.9849 | test net1 MAE 58.81 RMSE 93.88 MAPE 19.41 | 6909s
ep 457 loss   651216.8 kl 239.0031 | test net1 MAE 67.04 RMSE 108.03 MAPE 23.52 | 6922s
ep 458 loss   712445.1 kl 250.9433 | test net1 MAE 62.59 RMSE 101.52 MAPE 20.48 | 6935s
ep 459 loss   632331.5 kl 235.1083 | test net1 MAE 59.70 RMSE 96.97 MAPE 19.78 | 6949s
ep 460 loss   625297.9 kl 234.3042 | test net1 MAE 64.12 RMSE 104.62 MAPE 21.66 | 6962s
ep 461 loss   632491.0 kl 234.3983 | test net1 MAE 61.07 RMSE 96.61 MAPE 21.47 | 6976s
ep 462 loss   690241.4 kl 248.3274 | test net1 MAE 61.42 RMSE 102.15 MAPE 21.13 | 6989s
ep 463 loss   650522.9 kl 240.2550 | test net1 MAE 59.21 RMSE 97.82 MAPE 20.95 | 7002s
ep 464 loss   655221.9 kl 245.2506 | test net1 MAE 63.48 RMSE 98.08 MAPE 26.40 | 7015s
ep 465 loss   655729.0 kl 245.8293 | test net1 MAE 65.64 RMSE 107.11 MAPE 21.98 | 7029s
ep 466 loss   648256.9 kl 237.6052 | test net1 MAE 61.22 RMSE 97.86 MAPE 22.69 | 7042s
ep 467 loss   674204.5 kl 243.9903 | test net1 MAE 63.93 RMSE 105.91 MAPE 21.91 | 7056s
ep 468 loss   759707.6 kl 283.7964 | test net1 MAE 86.94 RMSE 134.71 MAPE 40.24 | 7070s
ep 469 loss  1180690.6 kl 333.9082 | test net1 MAE 69.64 RMSE 110.79 MAPE 27.86 | 7083s
ep 470 loss   876760.9 kl 315.5543 | test net1 MAE 73.68 RMSE 104.68 MAPE 38.22 | 7097s
ep 471 loss   843444.8 kl 282.7857 | test net1 MAE 65.43 RMSE 103.55 MAPE 23.97 | 7110s
ep 472 loss   796790.3 kl 272.6067 | test net1 MAE 63.64 RMSE 103.30 MAPE 21.07 | 7124s
ep 473 loss   744667.4 kl 277.1480 | test net1 MAE 63.40 RMSE 102.13 MAPE 22.23 | 7137s
ep 474 loss   704018.9 kl 260.2943 | test net1 MAE 75.31 RMSE 118.78 MAPE 28.06 | 7150s
ep 475 loss   701382.5 kl 262.9990 | test net1 MAE 63.41 RMSE 98.75 MAPE 21.78 | 7163s
ep 476 loss   716031.8 kl 259.3036 | test net1 MAE 66.63 RMSE 103.29 MAPE 24.08 | 7177s
ep 477 loss   687549.8 kl 265.5091 | test net1 MAE 59.40 RMSE 93.81 MAPE 21.35 | 7190s
ep 478 loss   662309.3 kl 247.6748 | test net1 MAE 60.80 RMSE 95.77 MAPE 20.33 | 7202s
ep 479 loss   649654.1 kl 240.7813 | test net1 MAE 60.04 RMSE 97.23 MAPE 20.15 | 7214s
ep 480 loss   675696.0 kl 243.4300 | test net1 MAE 60.07 RMSE 94.05 MAPE 21.93 | 7225s
ep 481 loss   689896.5 kl 248.7521 | test net1 MAE 67.39 RMSE 105.21 MAPE 26.08 | 7237s
ep 482 loss   689344.2 kl 249.5905 | test net1 MAE 59.83 RMSE 96.21 MAPE 25.73 | 7249s
ep 483 loss   778692.6 kl 266.3844 | test net1 MAE 62.80 RMSE 101.60 MAPE 20.90 | 7261s
ep 484 loss   723751.6 kl 265.3651 | test net1 MAE 62.01 RMSE 96.15 MAPE 20.59 | 7273s
ep 485 loss   682687.7 kl 246.0170 | test net1 MAE 66.87 RMSE 107.06 MAPE 20.66 | 7284s
ep 486 loss   648306.8 kl 245.8064 | test net1 MAE 56.86 RMSE 90.98 MAPE 21.79 | 7296s
ep 487 loss   659573.9 kl 265.3047 | test net1 MAE 65.83 RMSE 102.56 MAPE 22.67 | 7308s
ep 488 loss   635901.0 kl 244.3646 | test net1 MAE 61.41 RMSE 98.10 MAPE 20.84 | 7320s
ep 489 loss   703164.9 kl 274.2509 | test net1 MAE 55.28 RMSE 87.44 MAPE 19.73 | 7332s
ep 490 loss   629764.9 kl 238.4343 | test net1 MAE 63.92 RMSE 105.34 MAPE 21.71 | 7343s
ep 491 loss   653687.1 kl 238.2675 | test net1 MAE 62.42 RMSE 94.51 MAPE 22.00 | 7355s
ep 492 loss   647167.0 kl 236.5989 | test net1 MAE 58.07 RMSE 92.49 MAPE 20.77 | 7367s
ep 493 loss   665378.8 kl 241.2768 | test net1 MAE 62.13 RMSE 103.42 MAPE 20.48 | 7379s
ep 494 loss   841331.5 kl 300.3130 | test net1 MAE 65.44 RMSE 104.36 MAPE 22.91 | 7391s
ep 495 loss   763675.4 kl 262.6858 | test net1 MAE 67.83 RMSE 108.57 MAPE 23.85 | 7402s
ep 496 loss   683554.5 kl 246.4551 | test net1 MAE 67.89 RMSE 108.20 MAPE 22.11 | 7414s
ep 497 loss   701673.6 kl 245.1154 | test net1 MAE 64.51 RMSE 98.65 MAPE 24.51 | 7426s
ep 498 loss   706036.6 kl 258.1770 | test net1 MAE 62.85 RMSE 104.36 MAPE 20.99 | 7438s
ep 499 loss   652305.7 kl 247.3173 | test net1 MAE 67.87 RMSE 106.93 MAPE 24.32 | 7450s
ep 500 loss   665900.4 kl 256.1635 | test net1 MAE 69.65 RMSE 109.95 MAPE 26.05 | 7462s
ep 501 loss   649132.3 kl 237.7446 | test net1 MAE 63.84 RMSE 103.57 MAPE 23.13 | 7473s
ep 502 loss   645740.5 kl 239.9366 | test net1 MAE 61.01 RMSE 98.52 MAPE 20.38 | 7485s
ep 503 loss   652946.0 kl 247.9892 | test net1 MAE 61.08 RMSE 98.00 MAPE 21.12 | 7497s
ep 504 loss   647729.6 kl 244.4518 | test net1 MAE 60.88 RMSE 97.24 MAPE 21.12 | 7509s
ep 505 loss   691471.3 kl 254.0438 | test net1 MAE 60.96 RMSE 96.49 MAPE 22.51 | 7521s
ep 506 loss   650808.4 kl 244.1391 | test net1 MAE 58.57 RMSE 97.99 MAPE 22.86 | 7532s
ep 507 loss   645242.8 kl 242.0762 | test net1 MAE 75.89 RMSE 121.60 MAPE 25.07 | 7544s
ep 508 loss   650598.2 kl 240.7894 | test net1 MAE 66.39 RMSE 108.45 MAPE 22.15 | 7556s
ep 509 loss   744001.0 kl 270.7025 | test net1 MAE 70.91 RMSE 113.56 MAPE 27.14 | 7568s
ep 510 loss   769000.7 kl 269.3687 | test net1 MAE 70.75 RMSE 113.22 MAPE 31.05 | 7580s
ep 511 loss   719709.7 kl 262.9042 | test net1 MAE 59.21 RMSE 93.81 MAPE 20.35 | 7592s
ep 512 loss   675632.1 kl 255.2882 | test net1 MAE 70.86 RMSE 113.91 MAPE 23.17 | 7603s
ep 513 loss   746376.1 kl 265.6498 | test net1 MAE 64.97 RMSE 106.53 MAPE 20.92 | 7615s
ep 514 loss   712350.7 kl 261.3929 | test net1 MAE 64.04 RMSE 98.43 MAPE 21.03 | 7627s
ep 515 loss   705252.9 kl 251.8307 | test net1 MAE 64.05 RMSE 101.27 MAPE 22.25 | 7639s
ep 516 loss   703063.1 kl 253.4142 | test net1 MAE 65.51 RMSE 106.39 MAPE 21.20 | 7651s
ep 517 loss   669532.4 kl 245.6853 | test net1 MAE 63.37 RMSE 100.57 MAPE 21.68 | 7663s
ep 518 loss   735295.1 kl 264.5100 | test net1 MAE 62.43 RMSE 100.82 MAPE 20.88 | 7675s
ep 519 loss   695577.7 kl 262.2805 | test net1 MAE 61.49 RMSE 95.19 MAPE 21.53 | 7686s
ep 520 loss   728897.6 kl 262.0916 | test net1 MAE 62.53 RMSE 99.99 MAPE 21.79 | 7698s
ep 521 loss   747628.2 kl 263.1002 | test net1 MAE 62.33 RMSE 99.18 MAPE 22.08 | 7710s
ep 522 loss   726815.7 kl 266.0635 | test net1 MAE 65.62 RMSE 104.70 MAPE 23.32 | 7722s
ep 523 loss   684030.0 kl 243.2842 | test net1 MAE 76.23 RMSE 129.36 MAPE 25.47 | 7734s
ep 524 loss   678433.6 kl 243.3033 | test net1 MAE 69.54 RMSE 109.34 MAPE 23.78 | 7746s
ep 525 loss   655663.5 kl 253.1024 | test net1 MAE 68.91 RMSE 108.95 MAPE 24.66 | 7757s
ep 526 loss   657138.3 kl 242.5710 | test net1 MAE 67.66 RMSE 106.58 MAPE 24.84 | 7769s
ep 527 loss   772849.5 kl 265.7565 | test net1 MAE 61.94 RMSE 100.36 MAPE 21.72 | 7781s
ep 528 loss   787494.5 kl 288.0735 | test net1 MAE 67.40 RMSE 108.58 MAPE 23.28 | 7793s
ep 529 loss   725789.5 kl 253.2206 | test net1 MAE 68.86 RMSE 108.44 MAPE 24.12 | 7805s
ep 530 loss   800028.2 kl 263.7731 | test net1 MAE 69.86 RMSE 114.14 MAPE 22.82 | 7816s
ep 531 loss   856747.4 kl 282.8414 | test net1 MAE 73.54 RMSE 115.14 MAPE 24.44 | 7828s
ep 532 loss   731146.8 kl 261.7200 | test net1 MAE 64.60 RMSE 106.66 MAPE 21.42 | 7840s
ep 533 loss   691677.8 kl 239.7222 | test net1 MAE 63.64 RMSE 105.27 MAPE 20.93 | 7852s
ep 534 loss   940878.6 kl 304.7053 | test net1 MAE 69.36 RMSE 106.15 MAPE 24.50 | 7864s
ep 535 loss   789302.7 kl 270.1783 | test net1 MAE 75.34 RMSE 119.29 MAPE 24.55 | 7876s
ep 536 loss   723328.7 kl 246.1523 | test net1 MAE 66.89 RMSE 104.19 MAPE 23.60 | 7887s
ep 537 loss   770239.9 kl 268.2791 | test net1 MAE 61.51 RMSE 94.30 MAPE 22.36 | 7899s
ep 538 loss   765741.6 kl 286.1883 | test net1 MAE 58.53 RMSE 90.86 MAPE 20.11 | 7911s
ep 539 loss   857810.0 kl 295.5324 | test net1 MAE 70.04 RMSE 114.37 MAPE 24.46 | 7923s
ep 540 loss   771362.7 kl 283.3175 | test net1 MAE 77.71 RMSE 126.48 MAPE 25.20 | 7935s
ep 541 loss   704614.1 kl 257.9910 | test net1 MAE 60.65 RMSE 94.82 MAPE 21.17 | 7947s
ep 542 loss   691015.0 kl 246.0628 | test net1 MAE 76.98 RMSE 123.96 MAPE 27.34 | 7958s
ep 543 loss   702546.6 kl 250.3580 | test net1 MAE 58.96 RMSE 95.06 MAPE 21.07 | 7970s
ep 544 loss   683345.9 kl 236.6035 | test net1 MAE 68.73 RMSE 114.04 MAPE 26.18 | 7982s
ep 545 loss   682445.4 kl 241.1680 | test net1 MAE 68.11 RMSE 109.00 MAPE 23.50 | 7994s
ep 546 loss   655686.4 kl 248.3438 | test net1 MAE 59.25 RMSE 92.78 MAPE 19.81 | 8006s
ep 547 loss   634365.3 kl 230.7257 | test net1 MAE 68.45 RMSE 112.90 MAPE 22.09 | 8018s
ep 548 loss   691978.4 kl 243.8469 | test net1 MAE 60.10 RMSE 96.07 MAPE 20.43 | 8029s
ep 549 loss   706671.0 kl 256.8618 | test net1 MAE 63.64 RMSE 101.96 MAPE 23.08 | 8041s
ep 550 loss   645153.7 kl 241.0775 | test net1 MAE 63.37 RMSE 99.05 MAPE 22.20 | 8053s
ep 551 loss   704247.0 kl 252.8429 | test net1 MAE 69.44 RMSE 110.72 MAPE 23.34 | 8065s
ep 552 loss   715471.1 kl 253.6637 | test net1 MAE 73.43 RMSE 119.01 MAPE 24.17 | 8077s
ep 553 loss   700742.4 kl 256.1574 | test net1 MAE 62.04 RMSE 96.92 MAPE 25.64 | 8088s
ep 554 loss   679934.0 kl 251.7953 | test net1 MAE 61.16 RMSE 101.28 MAPE 22.71 | 8100s
ep 555 loss   688693.7 kl 258.7478 | test net1 MAE 74.43 RMSE 119.15 MAPE 32.87 | 8112s
ep 556 loss   720726.1 kl 251.9676 | test net1 MAE 62.95 RMSE 101.22 MAPE 23.64 | 8124s
ep 557 loss   678654.1 kl 249.2403 | test net1 MAE 59.55 RMSE 97.59 MAPE 22.37 | 8136s
ep 558 loss   965485.5 kl 302.1346 | test net1 MAE 78.18 RMSE 119.86 MAPE 41.65 | 8148s
ep 559 loss  1114259.0 kl 365.1848 | test net1 MAE 96.32 RMSE 136.50 MAPE 47.35 | 8159s
ep 560 loss   881927.7 kl 290.4504 | test net1 MAE 68.77 RMSE 110.87 MAPE 27.66 | 8171s
ep 561 loss   790393.7 kl 273.7764 | test net1 MAE 68.64 RMSE 108.35 MAPE 24.18 | 8183s
ep 562 loss   768332.9 kl 279.1369 | test net1 MAE 64.63 RMSE 101.88 MAPE 23.59 | 8195s
ep 563 loss   739348.1 kl 269.3574 | test net1 MAE 66.58 RMSE 105.57 MAPE 26.54 | 8207s
ep 564 loss   724263.1 kl 251.1951 | test net1 MAE 70.34 RMSE 106.04 MAPE 24.71 | 8219s
ep 565 loss   784328.4 kl 276.4573 | test net1 MAE 65.29 RMSE 98.70 MAPE 23.18 | 8230s
ep 566 loss   715329.3 kl 247.0076 | test net1 MAE 72.43 RMSE 110.40 MAPE 25.05 | 8242s
ep 567 loss   807035.5 kl 272.5154 | test net1 MAE 59.68 RMSE 93.02 MAPE 23.95 | 8255s
ep 568 loss   781743.8 kl 266.3071 | test net1 MAE 67.84 RMSE 106.13 MAPE 25.89 | 8267s
ep 569 loss   840214.9 kl 285.6801 | test net1 MAE 60.75 RMSE 93.75 MAPE 22.00 | 8279s
ep 570 loss   793420.1 kl 255.8362 | test net1 MAE 64.67 RMSE 102.43 MAPE 26.07 | 8291s
ep 571 loss   763770.1 kl 262.1247 | test net1 MAE 58.55 RMSE 91.71 MAPE 20.67 | 8303s
ep 572 loss   705360.5 kl 244.3128 | test net1 MAE 70.77 RMSE 108.73 MAPE 26.46 | 8315s
ep 573 loss   739789.9 kl 259.2371 | test net1 MAE 63.97 RMSE 103.48 MAPE 21.80 | 8327s
ep 574 loss   712316.8 kl 250.0710 | test net1 MAE 70.27 RMSE 112.29 MAPE 23.06 | 8339s
ep 575 loss   711405.1 kl 262.6960 | test net1 MAE 61.30 RMSE 96.79 MAPE 19.63 | 8351s
ep 576 loss   722095.6 kl 239.8380 | test net1 MAE 59.73 RMSE 91.43 MAPE 20.95 | 8363s
ep 577 loss   705923.3 kl 255.3854 | test net1 MAE 60.11 RMSE 95.77 MAPE 19.49 | 8375s
ep 578 loss   713120.9 kl 245.4307 | test net1 MAE 60.94 RMSE 96.86 MAPE 19.97 | 8387s
ep 579 loss   700062.9 kl 246.4498 | test net1 MAE 60.95 RMSE 94.95 MAPE 22.09 | 8399s
ep 580 loss   750464.0 kl 267.5585 | test net1 MAE 64.85 RMSE 103.70 MAPE 21.64 | 8411s
ep 581 loss   739174.3 kl 256.5158 | test net1 MAE 61.22 RMSE 93.01 MAPE 21.96 | 8423s
ep 582 loss   895692.4 kl 290.5414 | test net1 MAE 65.98 RMSE 106.39 MAPE 23.64 | 8435s
ep 583 loss   757416.1 kl 268.4876 | test net1 MAE 65.60 RMSE 104.93 MAPE 22.81 | 8447s
ep 584 loss   756716.5 kl 254.9614 | test net1 MAE 62.24 RMSE 98.30 MAPE 22.92 | 8459s
ep 585 loss   685724.9 kl 240.0935 | test net1 MAE 64.22 RMSE 101.00 MAPE 23.94 | 8471s
ep 586 loss   824077.8 kl 269.3300 | test net1 MAE 64.32 RMSE 102.47 MAPE 23.47 | 8483s
ep 587 loss   762042.9 kl 261.1487 | test net1 MAE 63.56 RMSE 101.84 MAPE 21.37 | 8495s
ep 588 loss   833006.9 kl 276.0856 | test net1 MAE 78.46 RMSE 122.14 MAPE 30.64 | 8507s
ep 589 loss   810848.1 kl 271.8741 | test net1 MAE 69.49 RMSE 112.54 MAPE 23.44 | 8519s
ep 590 loss   718367.1 kl 253.5876 | test net1 MAE 67.33 RMSE 107.91 MAPE 25.98 | 8531s
ep 591 loss   709837.1 kl 250.6813 | test net1 MAE 78.82 RMSE 123.10 MAPE 31.13 | 8543s
ep 592 loss   721515.7 kl 254.2967 | test net1 MAE 63.02 RMSE 98.45 MAPE 21.27 | 8555s
ep 593 loss   670018.0 kl 247.4185 | test net1 MAE 71.47 RMSE 112.54 MAPE 24.91 | 8567s
ep 594 loss   692588.4 kl 260.0543 | test net1 MAE 65.48 RMSE 100.23 MAPE 23.20 | 8579s
ep 595 loss   705399.2 kl 250.8881 | test net1 MAE 60.81 RMSE 93.82 MAPE 22.20 | 8591s
ep 596 loss   773990.8 kl 284.2544 | test net1 MAE 66.32 RMSE 104.11 MAPE 22.59 | 8603s
ep 597 loss   753651.1 kl 266.2839 | test net1 MAE 62.12 RMSE 99.21 MAPE 20.72 | 8614s
ep 598 loss   738294.0 kl 264.1957 | test net1 MAE 63.98 RMSE 100.28 MAPE 25.05 | 8626s
ep 599 loss   721905.4 kl 266.1834 | test net1 MAE 62.61 RMSE 105.67 MAPE 23.51 | 8638s
ep 600 loss   724448.3 kl 266.9876 | test net1 MAE 60.13 RMSE 95.18 MAPE 20.25 | 8650s
ep 601 loss   736302.6 kl 260.6179 | test net1 MAE 67.85 RMSE 108.17 MAPE 21.50 | 8662s
ep 602 loss   680488.9 kl 243.0007 | test net1 MAE 66.16 RMSE 104.81 MAPE 21.85 | 8674s
ep 603 loss   720905.6 kl 252.9978 | test net1 MAE 64.10 RMSE 105.96 MAPE 21.17 | 8686s
ep 604 loss   732811.8 kl 262.4425 | test net1 MAE 61.94 RMSE 93.59 MAPE 23.64 | 8698s
ep 605 loss   825793.8 kl 272.8622 | test net1 MAE 67.16 RMSE 107.41 MAPE 23.74 | 8710s
ep 606 loss   883303.5 kl 295.7709 | test net1 MAE 62.52 RMSE 98.47 MAPE 21.96 | 8722s
ep 607 loss  1401691.3 kl 402.2097 | test net1 MAE 87.01 RMSE 130.01 MAPE 36.11 | 8734s
ep 608 loss  1108221.3 kl 319.3451 | test net1 MAE 90.61 RMSE 141.62 MAPE 36.97 | 8746s
ep 609 loss  1279456.0 kl 357.5973 | test net1 MAE 77.27 RMSE 120.27 MAPE 29.45 | 8758s
ep 610 loss  1014613.0 kl 310.9733 | test net1 MAE 73.14 RMSE 114.50 MAPE 27.12 | 8770s
ep 611 loss   928116.4 kl 285.3665 | test net1 MAE 81.96 RMSE 133.74 MAPE 25.97 | 8782s
ep 612 loss   855096.7 kl 286.3203 | test net1 MAE 68.39 RMSE 107.97 MAPE 22.83 | 8794s
ep 613 loss   878414.1 kl 269.3477 | test net1 MAE 74.71 RMSE 121.71 MAPE 27.19 | 8806s
ep 614 loss   963939.1 kl 304.9339 | test net1 MAE 69.42 RMSE 109.55 MAPE 33.08 | 8818s
ep 615 loss   919296.8 kl 290.9358 | test net1 MAE 73.60 RMSE 112.02 MAPE 27.84 | 8830s
ep 616 loss   886925.9 kl 294.3762 | test net1 MAE 66.77 RMSE 102.51 MAPE 24.28 | 8842s
ep 617 loss   853991.3 kl 279.1194 | test net1 MAE 67.60 RMSE 112.17 MAPE 22.30 | 8854s
ep 618 loss   885882.2 kl 296.4627 | test net1 MAE 68.98 RMSE 109.09 MAPE 25.17 | 8866s
ep 619 loss   845516.6 kl 279.6835 | test net1 MAE 82.43 RMSE 125.85 MAPE 35.60 | 8878s
ep 620 loss   917247.2 kl 309.8034 | test net1 MAE 67.40 RMSE 106.30 MAPE 25.64 | 8890s
ep 621 loss   820528.7 kl 279.2539 | test net1 MAE 75.83 RMSE 123.27 MAPE 25.53 | 8902s
ep 622 loss   825771.5 kl 268.9418 | test net1 MAE 72.29 RMSE 121.71 MAPE 27.10 | 8914s
ep 623 loss   835482.0 kl 276.1311 | test net1 MAE 68.79 RMSE 108.77 MAPE 22.84 | 8926s
ep 624 loss   793539.6 kl 283.1673 | test net1 MAE 69.53 RMSE 107.68 MAPE 26.95 | 8938s
ep 625 loss   774620.5 kl 265.0281 | test net1 MAE 71.09 RMSE 113.84 MAPE 25.18 | 8950s
ep 626 loss   746257.0 kl 261.6160 | test net1 MAE 67.55 RMSE 108.12 MAPE 22.25 | 8962s
ep 627 loss   741724.3 kl 264.1890 | test net1 MAE 69.06 RMSE 110.77 MAPE 26.30 | 8974s
ep 628 loss   741452.8 kl 271.2074 | test net1 MAE 64.62 RMSE 99.49 MAPE 23.42 | 8986s
ep 629 loss   743697.7 kl 268.2672 | test net1 MAE 70.92 RMSE 111.62 MAPE 26.43 | 8998s
ep 630 loss   810360.3 kl 273.5514 | test net1 MAE 63.88 RMSE 102.37 MAPE 24.78 | 9010s
ep 631 loss   741483.6 kl 264.8492 | test net1 MAE 67.13 RMSE 106.23 MAPE 23.14 | 9022s
ep 632 loss   783935.0 kl 260.1707 | test net1 MAE 73.95 RMSE 115.14 MAPE 24.28 | 9034s
ep 633 loss   710570.5 kl 259.4119 | test net1 MAE 63.48 RMSE 98.71 MAPE 22.87 | 9046s
ep 634 loss   718591.3 kl 260.9816 | test net1 MAE 61.95 RMSE 96.58 MAPE 25.01 | 9058s
ep 635 loss   753769.9 kl 254.6306 | test net1 MAE 63.04 RMSE 99.21 MAPE 22.26 | 9070s
ep 636 loss   709422.7 kl 259.1649 | test net1 MAE 74.22 RMSE 114.59 MAPE 25.79 | 9082s
ep 637 loss   685435.8 kl 240.4991 | test net1 MAE 64.81 RMSE 100.13 MAPE 24.27 | 9094s
ep 638 loss   682558.5 kl 241.8182 | test net1 MAE 63.21 RMSE 101.80 MAPE 22.38 | 9106s
ep 639 loss   750908.3 kl 263.3787 | test net1 MAE 70.65 RMSE 119.56 MAPE 26.08 | 9118s
ep 640 loss   857987.7 kl 282.9044 | test net1 MAE 67.80 RMSE 105.98 MAPE 24.67 | 9130s
ep 641 loss   835491.6 kl 283.4172 | test net1 MAE 71.69 RMSE 114.43 MAPE 25.56 | 9142s
ep 642 loss   736217.0 kl 262.3934 | test net1 MAE 67.07 RMSE 106.45 MAPE 23.92 | 9154s
ep 643 loss   754118.5 kl 262.5922 | test net1 MAE 68.69 RMSE 107.91 MAPE 24.03 | 9166s
ep 644 loss   760622.8 kl 272.4296 | test net1 MAE 66.79 RMSE 103.12 MAPE 25.83 | 9178s
ep 645 loss   739146.4 kl 253.8997 | test net1 MAE 63.50 RMSE 97.20 MAPE 24.59 | 9190s
ep 646 loss   758608.3 kl 255.9093 | test net1 MAE 65.91 RMSE 103.84 MAPE 23.05 | 9202s
ep 647 loss   817508.0 kl 271.6993 | test net1 MAE 67.99 RMSE 99.62 MAPE 26.72 | 9214s
ep 648 loss   876431.9 kl 295.2898 | test net1 MAE 86.15 RMSE 129.22 MAPE 35.62 | 9226s
ep 649 loss   783666.3 kl 281.8757 | test net1 MAE 73.88 RMSE 113.96 MAPE 26.63 | 9238s
ep 650 loss   785316.2 kl 271.4669 | test net1 MAE 73.93 RMSE 119.72 MAPE 28.38 | 9250s
ep 651 loss   781239.7 kl 262.3072 | test net1 MAE 77.02 RMSE 121.04 MAPE 27.15 | 9262s
ep 652 loss  1373476.9 kl 394.0829 | test net1 MAE 78.14 RMSE 117.77 MAPE 38.57 | 9274s
ep 653 loss  1010357.6 kl 334.3206 | test net1 MAE 71.95 RMSE 108.23 MAPE 25.85 | 9285s
ep 654 loss   910602.8 kl 311.6339 | test net1 MAE 70.49 RMSE 104.07 MAPE 34.40 | 9297s
ep 655 loss  1003040.8 kl 324.8501 | test net1 MAE 79.56 RMSE 125.06 MAPE 31.50 | 9309s
ep 656 loss   820041.0 kl 283.7467 | test net1 MAE 64.50 RMSE 99.56 MAPE 22.88 | 9321s
ep 657 loss   788671.2 kl 279.1068 | test net1 MAE 67.68 RMSE 105.54 MAPE 23.81 | 9333s
ep 658 loss   763389.2 kl 263.1666 | test net1 MAE 64.80 RMSE 102.25 MAPE 24.16 | 9345s
ep 659 loss   785673.4 kl 262.8315 | test net1 MAE 68.72 RMSE 110.02 MAPE 24.11 | 9357s
ep 660 loss   874503.1 kl 294.1046 | test net1 MAE 72.83 RMSE 111.89 MAPE 25.62 | 9369s
ep 661 loss   806978.5 kl 263.2932 | test net1 MAE 67.55 RMSE 106.64 MAPE 23.49 | 9381s
ep 662 loss   760679.8 kl 263.0402 | test net1 MAE 68.95 RMSE 106.55 MAPE 27.21 | 9393s
ep 663 loss   798281.0 kl 283.3958 | test net1 MAE 71.43 RMSE 116.42 MAPE 24.60 | 9405s
ep 664 loss   791915.2 kl 278.2239 | test net1 MAE 67.76 RMSE 108.49 MAPE 22.31 | 9417s
ep 665 loss   884483.7 kl 312.6023 | test net1 MAE 70.40 RMSE 110.86 MAPE 25.40 | 9429s
ep 666 loss   905683.5 kl 294.3008 | test net1 MAE 67.99 RMSE 104.37 MAPE 29.02 | 9441s
ep 667 loss   978044.2 kl 318.5790 | test net1 MAE 68.42 RMSE 109.99 MAPE 25.95 | 9453s
ep 668 loss  1018735.0 kl 305.9140 | test net1 MAE 80.76 RMSE 124.82 MAPE 33.09 | 9465s
ep 669 loss  1062563.4 kl 339.1094 | test net1 MAE 70.50 RMSE 108.27 MAPE 27.08 | 9477s
ep 670 loss   972164.7 kl 306.5855 | test net1 MAE 72.01 RMSE 116.42 MAPE 27.85 | 9489s
ep 671 loss   975805.7 kl 308.8415 | test net1 MAE 68.96 RMSE 109.17 MAPE 23.23 | 9501s
ep 672 loss   891616.4 kl 279.5605 | test net1 MAE 83.56 RMSE 135.69 MAPE 26.30 | 9513s
ep 673 loss   813745.2 kl 268.5325 | test net1 MAE 73.05 RMSE 119.89 MAPE 24.61 | 9525s
ep 674 loss   825142.2 kl 286.7574 | test net1 MAE 80.42 RMSE 128.31 MAPE 27.52 | 9537s
ep 675 loss   890579.3 kl 278.6702 | test net1 MAE 65.73 RMSE 103.92 MAPE 24.08 | 9549s
ep 676 loss   891445.4 kl 290.3110 | test net1 MAE 66.71 RMSE 107.96 MAPE 27.84 | 9561s
ep 677 loss   844686.0 kl 291.1389 | test net1 MAE 69.21 RMSE 113.72 MAPE 23.94 | 9573s
ep 678 loss   795593.8 kl 283.5000 | test net1 MAE 64.59 RMSE 106.44 MAPE 22.82 | 9584s
ep 679 loss   753408.4 kl 259.2478 | test net1 MAE 70.08 RMSE 112.38 MAPE 25.58 | 9596s
ep 680 loss   766679.7 kl 276.2986 | test net1 MAE 66.21 RMSE 106.65 MAPE 22.80 | 9609s
ep 681 loss   736625.2 kl 261.5056 | test net1 MAE 69.04 RMSE 111.76 MAPE 25.21 | 9621s
ep 682 loss   779094.0 kl 270.3739 | test net1 MAE 64.17 RMSE 101.12 MAPE 22.23 | 9633s
ep 683 loss   758933.5 kl 264.3285 | test net1 MAE 65.46 RMSE 104.70 MAPE 24.54 | 9645s
ep 684 loss   740189.7 kl 260.1442 | test net1 MAE 61.21 RMSE 98.17 MAPE 21.02 | 9657s
ep 685 loss   738421.3 kl 258.1588 | test net1 MAE 65.09 RMSE 106.17 MAPE 22.74 | 9669s
ep 686 loss   738559.9 kl 248.7334 | test net1 MAE 59.17 RMSE 91.62 MAPE 22.30 | 9681s
ep 687 loss   790587.5 kl 248.3882 | test net1 MAE 74.01 RMSE 113.98 MAPE 27.94 | 9693s
ep 688 loss   744145.7 kl 264.1414 | test net1 MAE 63.76 RMSE 101.20 MAPE 22.58 | 9705s
ep 689 loss   707722.1 kl 258.1166 | test net1 MAE 74.84 RMSE 115.89 MAPE 31.37 | 9717s
ep 690 loss   776953.2 kl 260.1129 | test net1 MAE 67.15 RMSE 107.95 MAPE 24.66 | 9729s
ep 691 loss   810815.3 kl 302.7250 | test net1 MAE 60.92 RMSE 97.41 MAPE 19.92 | 9741s
ep 692 loss   742189.0 kl 254.2651 | test net1 MAE 65.09 RMSE 101.13 MAPE 24.13 | 9753s
ep 693 loss   771900.7 kl 253.6451 | test net1 MAE 69.51 RMSE 114.62 MAPE 21.18 | 9765s
ep 694 loss   753175.6 kl 248.9479 | test net1 MAE 67.39 RMSE 109.48 MAPE 22.19 | 9777s
ep 695 loss   723343.8 kl 247.8590 | test net1 MAE 71.31 RMSE 119.98 MAPE 25.00 | 9789s
ep 696 loss   702341.5 kl 248.4467 | test net1 MAE 68.51 RMSE 110.49 MAPE 22.37 | 9801s
ep 697 loss   718268.3 kl 261.2475 | test net1 MAE 66.38 RMSE 105.74 MAPE 24.18 | 9813s
ep 698 loss   708092.9 kl 258.3007 | test net1 MAE 67.89 RMSE 111.24 MAPE 24.14 | 9825s
ep 699 loss   768274.3 kl 259.7044 | test net1 MAE 65.61 RMSE 101.78 MAPE 25.27 | 9837s
ep 700 loss  1244268.6 kl 384.2456 | test net1 MAE 63.97 RMSE 104.40 MAPE 22.36 | 9849s
ep 701 loss  1052458.2 kl 362.4488 | test net1 MAE 65.04 RMSE 100.95 MAPE 25.09 | 9861s
ep 702 loss   815928.9 kl 289.9208 | test net1 MAE 63.81 RMSE 99.47 MAPE 23.81 | 9873s
ep 703 loss   757382.0 kl 267.9913 | test net1 MAE 68.38 RMSE 110.40 MAPE 23.37 | 9885s
ep 704 loss   726530.7 kl 254.7177 | test net1 MAE 69.49 RMSE 113.32 MAPE 22.56 | 9897s
ep 705 loss   832098.9 kl 268.3272 | test net1 MAE 67.99 RMSE 107.72 MAPE 25.59 | 9909s
ep 706 loss   830717.0 kl 274.0592 | test net1 MAE 69.04 RMSE 111.65 MAPE 24.44 | 9921s
ep 707 loss   741891.8 kl 251.8727 | test net1 MAE 65.17 RMSE 101.50 MAPE 23.16 | 9933s
ep 708 loss   724050.0 kl 248.8514 | test net1 MAE 66.69 RMSE 108.00 MAPE 23.48 | 9945s
ep 709 loss   699635.2 kl 256.2303 | test net1 MAE 65.57 RMSE 103.91 MAPE 22.85 | 9957s
ep 710 loss   783498.7 kl 259.0387 | test net1 MAE 78.73 RMSE 131.30 MAPE 28.08 | 9969s
ep 711 loss   838556.3 kl 290.2328 | test net1 MAE 71.33 RMSE 110.86 MAPE 33.35 | 9981s
ep 712 loss   885389.5 kl 301.4515 | test net1 MAE 73.67 RMSE 122.52 MAPE 26.16 | 9993s
ep 713 loss   731148.3 kl 261.9054 | test net1 MAE 67.42 RMSE 110.47 MAPE 24.06 | 10005s
ep 714 loss   805022.7 kl 285.6554 | test net1 MAE 66.87 RMSE 110.53 MAPE 23.09 | 10017s
ep 715 loss   703847.5 kl 252.1153 | test net1 MAE 61.75 RMSE 96.36 MAPE 23.44 | 10029s
ep 716 loss   703798.5 kl 251.2397 | test net1 MAE 65.91 RMSE 103.71 MAPE 25.62 | 10041s
ep 717 loss   920862.3 kl 299.3425 | test net1 MAE 69.92 RMSE 112.51 MAPE 29.09 | 10053s
ep 718 loss   839594.5 kl 283.0004 | test net1 MAE 96.70 RMSE 138.76 MAPE 52.75 | 10065s
ep 719 loss   986926.8 kl 320.6632 | test net1 MAE 71.16 RMSE 109.52 MAPE 25.82 | 10077s
ep 720 loss   913921.1 kl 290.1984 | test net1 MAE 69.99 RMSE 111.86 MAPE 26.89 | 10089s
ep 721 loss   989734.2 kl 316.5118 | test net1 MAE 70.64 RMSE 107.18 MAPE 33.19 | 10101s
ep 722 loss   885595.5 kl 287.9496 | test net1 MAE 73.89 RMSE 115.77 MAPE 30.70 | 10113s
ep 723 loss   824883.6 kl 272.1622 | test net1 MAE 68.24 RMSE 106.49 MAPE 23.55 | 10125s
ep 724 loss   845400.0 kl 278.3754 | test net1 MAE 73.05 RMSE 117.56 MAPE 26.29 | 10137s
ep 725 loss   970356.4 kl 340.5868 | test net1 MAE 72.92 RMSE 116.98 MAPE 29.51 | 10149s
ep 726 loss   848908.7 kl 306.8045 | test net1 MAE 75.56 RMSE 118.93 MAPE 29.98 | 10161s
ep 727 loss   910983.6 kl 298.6339 | test net1 MAE 83.53 RMSE 133.63 MAPE 29.42 | 10173s
ep 728 loss   953893.8 kl 323.7320 | test net1 MAE 82.62 RMSE 130.68 MAPE 36.38 | 10185s
ep 729 loss   923663.4 kl 313.1118 | test net1 MAE 68.47 RMSE 110.19 MAPE 25.24 | 10197s
ep 730 loss   894697.7 kl 285.2224 | test net1 MAE 67.67 RMSE 109.76 MAPE 23.93 | 10209s
ep 731 loss   850830.9 kl 308.9490 | test net1 MAE 73.35 RMSE 115.98 MAPE 25.94 | 10221s
ep 732 loss   858514.8 kl 296.6833 | test net1 MAE 77.98 RMSE 125.86 MAPE 27.02 | 10233s
ep 733 loss   894830.9 kl 291.6790 | test net1 MAE 68.40 RMSE 105.31 MAPE 23.93 | 10245s
ep 734 loss   839539.9 kl 274.4450 | test net1 MAE 74.96 RMSE 118.19 MAPE 33.76 | 10257s
ep 735 loss   934670.5 kl 318.2067 | test net1 MAE 76.27 RMSE 124.40 MAPE 27.94 | 10269s
ep 736 loss   799814.3 kl 276.8426 | test net1 MAE 72.14 RMSE 115.77 MAPE 26.18 | 10281s
ep 737 loss   808706.5 kl 292.0706 | test net1 MAE 64.63 RMSE 99.61 MAPE 29.00 | 10293s
ep 738 loss   804784.1 kl 295.3587 | test net1 MAE 75.24 RMSE 117.89 MAPE 26.12 | 10305s
ep 739 loss   828615.4 kl 294.3334 | test net1 MAE 71.92 RMSE 113.17 MAPE 27.24 | 10317s
ep 740 loss   801883.4 kl 280.6570 | test net1 MAE 69.90 RMSE 111.37 MAPE 24.99 | 10329s
ep 741 loss   757643.5 kl 273.4291 | test net1 MAE 74.31 RMSE 117.89 MAPE 27.30 | 10341s
ep 742 loss   784307.8 kl 284.0591 | test net1 MAE 67.88 RMSE 108.11 MAPE 24.81 | 10353s
ep 743 loss   770701.3 kl 263.9619 | test net1 MAE 72.92 RMSE 122.32 MAPE 25.16 | 10365s
ep 744 loss   793815.1 kl 285.0381 | test net1 MAE 66.85 RMSE 104.01 MAPE 23.48 | 10377s
ep 745 loss   776946.5 kl 269.1659 | test net1 MAE 65.22 RMSE 104.58 MAPE 24.04 | 10389s
ep 746 loss   775015.8 kl 263.4964 | test net1 MAE 69.94 RMSE 106.61 MAPE 33.12 | 10401s
ep 747 loss   776161.6 kl 273.6216 | test net1 MAE 67.54 RMSE 103.53 MAPE 23.91 | 10413s
ep 748 loss   874874.3 kl 287.6111 | test net1 MAE 61.39 RMSE 97.11 MAPE 22.33 | 10425s
ep 749 loss  1037548.5 kl 318.8952 | test net1 MAE 74.53 RMSE 117.22 MAPE 28.06 | 10437s
ep 750 loss  1019824.9 kl 318.4687 | test net1 MAE 70.57 RMSE 115.96 MAPE 25.29 | 10449s
ep 751 loss   941818.5 kl 297.8851 | test net1 MAE 88.05 RMSE 142.85 MAPE 36.82 | 10461s
ep 752 loss  1260322.6 kl 353.6829 | test net1 MAE 75.83 RMSE 123.50 MAPE 24.76 | 10473s
ep 753 loss   958880.7 kl 315.9948 | test net1 MAE 72.32 RMSE 111.91 MAPE 30.06 | 10485s
ep 754 loss   919967.3 kl 295.6465 | test net1 MAE 70.91 RMSE 113.98 MAPE 27.37 | 10497s
ep 755 loss   880121.3 kl 288.6007 | test net1 MAE 66.95 RMSE 106.32 MAPE 24.98 | 10509s
ep 756 loss   824390.5 kl 283.3320 | test net1 MAE 66.03 RMSE 108.05 MAPE 24.92 | 10521s
ep 757 loss   792931.3 kl 269.7766 | test net1 MAE 74.87 RMSE 112.14 MAPE 26.68 | 10533s
ep 758 loss   817699.0 kl 274.7067 | test net1 MAE 68.84 RMSE 107.63 MAPE 24.58 | 10545s
ep 759 loss   862554.2 kl 281.2012 | test net1 MAE 78.49 RMSE 124.74 MAPE 30.89 | 10557s
ep 760 loss   889820.5 kl 283.8316 | test net1 MAE 70.67 RMSE 114.57 MAPE 28.71 | 10569s
ep 761 loss   804785.9 kl 280.2143 | test net1 MAE 73.47 RMSE 113.22 MAPE 30.64 | 10581s
ep 762 loss   833298.4 kl 270.1744 | test net1 MAE 65.50 RMSE 106.33 MAPE 23.81 | 10593s
ep 763 loss   980651.2 kl 300.3508 | test net1 MAE 67.10 RMSE 108.10 MAPE 25.40 | 10605s
ep 764 loss   916844.9 kl 285.2775 | test net1 MAE 65.02 RMSE 103.39 MAPE 23.25 | 10617s
ep 765 loss   834184.2 kl 270.8353 | test net1 MAE 71.41 RMSE 108.55 MAPE 29.02 | 10628s
ep 766 loss   866300.9 kl 287.1682 | test net1 MAE 67.39 RMSE 102.71 MAPE 24.70 | 10640s
ep 767 loss   779027.5 kl 266.4860 | test net1 MAE 65.49 RMSE 99.75 MAPE 24.32 | 10652s
ep 768 loss   789688.0 kl 257.3213 | test net1 MAE 70.12 RMSE 109.64 MAPE 29.95 | 10664s
ep 769 loss   839501.8 kl 277.2155 | test net1 MAE 72.33 RMSE 110.54 MAPE 30.17 | 10677s
ep 770 loss   782564.2 kl 264.6496 | test net1 MAE 68.53 RMSE 112.02 MAPE 24.97 | 10689s
ep 771 loss   900186.9 kl 288.9443 | test net1 MAE 64.70 RMSE 101.80 MAPE 28.33 | 10701s
ep 772 loss   798148.0 kl 267.4440 | test net1 MAE 64.77 RMSE 101.45 MAPE 24.29 | 10713s
ep 773 loss   978642.0 kl 332.8240 | test net1 MAE 103.66 RMSE 153.63 MAPE 61.04 | 10725s
ep 774 loss  1022376.8 kl 323.9463 | test net1 MAE 68.00 RMSE 104.91 MAPE 25.66 | 10737s
ep 775 loss   869585.5 kl 287.3693 | test net1 MAE 71.15 RMSE 117.68 MAPE 25.71 | 10749s
ep 776 loss   841451.4 kl 274.4496 | test net1 MAE 66.54 RMSE 103.59 MAPE 25.95 | 10761s
ep 777 loss   793249.3 kl 263.1994 | test net1 MAE 69.88 RMSE 109.35 MAPE 24.98 | 10772s
ep 778 loss   801684.6 kl 267.0773 | test net1 MAE 70.21 RMSE 111.34 MAPE 26.80 | 10784s
ep 779 loss   818171.4 kl 277.8879 | test net1 MAE 68.41 RMSE 110.22 MAPE 26.34 | 10797s
ep 780 loss   764770.4 kl 269.2501 | test net1 MAE 70.91 RMSE 118.13 MAPE 24.72 | 10808s
ep 781 loss   782861.9 kl 264.1087 | test net1 MAE 66.85 RMSE 106.64 MAPE 22.82 | 10820s
ep 782 loss   798490.8 kl 264.4528 | test net1 MAE 69.14 RMSE 110.22 MAPE 22.14 | 10832s
ep 783 loss   805585.1 kl 275.5058 | test net1 MAE 66.78 RMSE 107.18 MAPE 27.00 | 10844s
ep 784 loss   817755.0 kl 289.9199 | test net1 MAE 73.39 RMSE 117.04 MAPE 26.42 | 10856s
ep 785 loss   861385.0 kl 268.8960 | test net1 MAE 73.22 RMSE 113.50 MAPE 26.69 | 10867s
ep 786 loss   966251.5 kl 289.7607 | test net1 MAE 75.41 RMSE 128.39 MAPE 26.09 | 10879s
ep 787 loss  1164220.5 kl 376.0850 | test net1 MAE 80.25 RMSE 123.57 MAPE 34.31 | 10891s
ep 788 loss   919678.1 kl 318.6177 | test net1 MAE 75.43 RMSE 111.76 MAPE 27.58 | 10903s
ep 789 loss   850585.2 kl 271.6944 | test net1 MAE 89.35 RMSE 140.68 MAPE 31.22 | 10915s
ep 790 loss   929559.8 kl 296.7817 | test net1 MAE 68.62 RMSE 106.74 MAPE 23.73 | 10927s
ep 791 loss   863222.1 kl 283.2724 | test net1 MAE 66.80 RMSE 105.30 MAPE 23.70 | 10939s
ep 792 loss  1009552.5 kl 303.8449 | test net1 MAE 86.44 RMSE 143.31 MAPE 34.21 | 10950s
ep 793 loss  1011580.2 kl 321.7001 | test net1 MAE 73.61 RMSE 116.85 MAPE 27.13 | 10962s
ep 794 loss   910279.2 kl 292.4153 | test net1 MAE 69.35 RMSE 107.80 MAPE 26.32 | 10974s
ep 795 loss   992366.1 kl 312.4028 | test net1 MAE 83.72 RMSE 136.03 MAPE 29.25 | 10986s
ep 796 loss   961706.1 kl 308.8637 | test net1 MAE 79.45 RMSE 121.93 MAPE 28.09 | 10998s
ep 797 loss  1021421.2 kl 319.0815 | test net1 MAE 77.25 RMSE 118.45 MAPE 27.21 | 11010s
ep 798 loss   957631.1 kl 310.8236 | test net1 MAE 72.81 RMSE 115.81 MAPE 26.50 | 11021s
ep 799 loss   945899.3 kl 309.0574 | test net1 MAE 68.71 RMSE 109.08 MAPE 24.72 | 11033s

best epoch: 460 | total time: 183.9 min
{
  "h1": {
    "MAE": 59.65806198120117,
    "RMSE": 100.54381561279297,
    "MAPE": 18.554534912109375
  },
  "h2": {
    "MAE": 59.76810073852539,
    "RMSE": 98.46080017089844,
    "MAPE": 20.440311431884766
  },
  "h3": {
    "MAE": 66.28690338134766,
    "RMSE": 106.88741302490234,
    "MAPE": 22.808433532714844
  },
  "h4": {
    "MAE": 70.75366973876953,
    "RMSE": 112.05774688720703,
    "MAPE": 24.839143753051758
  },
  "all": {
    "MAE": 64.11668395996094,
    "RMSE": 104.62486267089844,
    "MAPE": 21.66060447692871
  }
}
